stage 3 start 2026-09-26 18:20:01
== p2s3_b5 seed 0 (--n-blocks 5) 18:20:01
embed scorer seed 0: 171 training molecules, 21 validation, 1 threads
embed seed 0: epoch 1 val MSE(log10) 0.5990 best 0.5990 (6 s)
embed seed 0: epoch 6 val MSE(log10) 0.4797 best 0.4794 (36 s)
embed seed 0: epoch 11 val MSE(log10) 0.4264 best 0.4264 (65 s)
embed seed 0: epoch 16 val MSE(log10) 0.4033 best 0.3878 (94 s)
embed seed 0: epoch 21 val MSE(log10) 0.3715 best 0.3701 (123 s)
embed seed 0: epoch 26 val MSE(log10) 0.3605 best 0.3605 (152 s)
embed seed 0: epoch 31 val MSE(log10) 0.3492 best 0.3491 (181 s)
embed seed 0: epoch 36 val MSE(log10) 0.3345 best 0.3345 (211 s)
embed seed 0: epoch 41 val MSE(log10) 0.3367 best 0.3328 (241 s)
embed seed 0: epoch 46 val MSE(log10) 0.3322 best 0.3315 (270 s)
embed seed 0: epoch 51 val MSE(log10) 0.3232 best 0.3232 (300 s)
embed seed 0: epoch 56 val MSE(log10) 0.3338 best 0.3216 (330 s)
embed seed 0: epoch 61 val MSE(log10) 0.3212 best 0.3212 (359 s)
embed seed 0: epoch 66 val MSE(log10) 0.3282 best 0.3212 (390 s)
embed seed 0: epoch 71 val MSE(log10) 0.3245 best 0.3212 (420 s)
embed seed 0: epoch 76 val MSE(log10) 0.3250 best 0.3212 (450 s)
embed seed 0: epoch 81 val MSE(log10) 0.3203 best 0.3147 (479 s)
embed seed 0: epoch 86 val MSE(log10) 0.3171 best 0.3147 (509 s)
embed seed 0: epoch 91 val MSE(log10) 0.3216 best 0.3147 (539 s)
embed seed 0: epoch 96 val MSE(log10) 0.3195 best 0.3138 (569 s)
embed seed 0: epoch 101 val MSE(log10) 0.3125 best 0.3125 (599 s)
embed seed 0: epoch 106 val MSE(log10) 0.3068 best 0.3068 (629 s)
embed seed 0: epoch 111 val MSE(log10) 0.3321 best 0.3068 (659 s)
embed seed 0: epoch 116 val MSE(log10) 0.3104 best 0.3068 (688 s)
embed seed 0: epoch 121 val MSE(log10) 0.3168 best 0.3068 (719 s)
embed seed 0: epoch 126 val MSE(log10) 0.3149 best 0.3068 (749 s)
== p2s3_b5 seed 1 (--n-blocks 5) 18:34:35
embed scorer seed 1: 171 training molecules, 21 validation, 1 threads
embed seed 1: epoch 1 val MSE(log10) 0.5250 best 0.5250 (6 s)
embed seed 1: epoch 6 val MSE(log10) 0.6318 best 0.4760 (36 s)
embed seed 1: epoch 11 val MSE(log10) 0.4269 best 0.4269 (67 s)
embed seed 1: epoch 16 val MSE(log10) 0.3881 best 0.3881 (96 s)
embed seed 1: epoch 21 val MSE(log10) 0.3683 best 0.3683 (126 s)
embed seed 1: epoch 26 val MSE(log10) 0.3762 best 0.3639 (156 s)
embed seed 1: epoch 31 val MSE(log10) 0.3752 best 0.3611 (186 s)
embed seed 1: epoch 36 val MSE(log10) 0.3494 best 0.3485 (216 s)
embed seed 1: epoch 41 val MSE(log10) 0.3440 best 0.3440 (246 s)
embed seed 1: epoch 46 val MSE(log10) 0.3410 best 0.3385 (279 s)
embed seed 1: epoch 51 val MSE(log10) 0.3415 best 0.3277 (309 s)
embed seed 1: epoch 56 val MSE(log10) 0.3336 best 0.3277 (340 s)
embed seed 1: epoch 61 val MSE(log10) 0.3331 best 0.3277 (370 s)
embed seed 1: epoch 66 val MSE(log10) 0.3271 best 0.3266 (401 s)
embed seed 1: epoch 71 val MSE(log10) 0.3302 best 0.3247 (432 s)
embed seed 1: epoch 76 val MSE(log10) 0.3256 best 0.3214 (463 s)
embed seed 1: epoch 81 val MSE(log10) 0.3281 best 0.3185 (493 s)
embed seed 1: epoch 86 val MSE(log10) 0.3273 best 0.3185 (524 s)
embed seed 1: epoch 91 val MSE(log10) 0.3336 best 0.3185 (556 s)
embed seed 1: epoch 96 val MSE(log10) 0.3204 best 0.3177 (587 s)
embed seed 1: epoch 101 val MSE(log10) 0.3266 best 0.3165 (620 s)
embed seed 1: epoch 106 val MSE(log10) 0.3152 best 0.3152 (651 s)
embed seed 1: epoch 111 val MSE(log10) 0.3250 best 0.3152 (684 s)
embed seed 1: epoch 116 val MSE(log10) 0.3153 best 0.3152 (716 s)
embed seed 1: epoch 121 val MSE(log10) 0.3185 best 0.3147 (750 s)
embed seed 1: epoch 126 val MSE(log10) 0.3251 best 0.3147 (782 s)
embed seed 1: epoch 131 val MSE(log10) 0.3197 best 0.3119 (813 s)
embed seed 1: epoch 136 val MSE(log10) 0.3223 best 0.3117 (843 s)
embed seed 1: epoch 141 val MSE(log10) 0.3159 best 0.3117 (874 s)
embed seed 1: epoch 146 val MSE(log10) 0.3217 best 0.3117 (904 s)
embed seed 1: epoch 151 val MSE(log10) 0.3166 best 0.3117 (934 s)
embed seed 1: epoch 154 val MSE(log10) 0.3192 best 0.3117 (952 s)
== p2s3_b5 seed 2 (--n-blocks 5) 18:52:37
embed scorer seed 2: 171 training molecules, 21 validation, 1 threads
embed seed 2: epoch 1 val MSE(log10) 0.8441 best 0.8441 (6 s)
embed seed 2: epoch 6 val MSE(log10) 0.4673 best 0.4673 (35 s)
embed seed 2: epoch 11 val MSE(log10) 0.4275 best 0.4208 (65 s)
embed seed 2: epoch 16 val MSE(log10) 0.4062 best 0.3954 (94 s)
embed seed 2: epoch 21 val MSE(log10) 0.3711 best 0.3672 (123 s)
embed seed 2: epoch 26 val MSE(log10) 0.3656 best 0.3656 (154 s)
embed seed 2: epoch 31 val MSE(log10) 0.3398 best 0.3398 (184 s)
embed seed 2: epoch 36 val MSE(log10) 0.3417 best 0.3398 (214 s)
embed seed 2: epoch 41 val MSE(log10) 0.3349 best 0.3349 (244 s)
embed seed 2: epoch 46 val MSE(log10) 0.3351 best 0.3315 (274 s)
embed seed 2: epoch 51 val MSE(log10) 0.3540 best 0.3315 (303 s)
embed seed 2: epoch 56 val MSE(log10) 0.3304 best 0.3270 (334 s)
embed seed 2: epoch 61 val MSE(log10) 0.3261 best 0.3254 (364 s)
embed seed 2: epoch 66 val MSE(log10) 0.3199 best 0.3199 (394 s)
embed seed 2: epoch 71 val MSE(log10) 0.3209 best 0.3163 (423 s)
embed seed 2: epoch 76 val MSE(log10) 0.3255 best 0.3145 (455 s)
embed seed 2: epoch 81 val MSE(log10) 0.3296 best 0.3133 (484 s)
embed seed 2: epoch 86 val MSE(log10) 0.3164 best 0.3133 (514 s)
embed seed 2: epoch 91 val MSE(log10) 0.3160 best 0.3133 (544 s)
embed seed 2: epoch 96 val MSE(log10) 0.3122 best 0.3116 (573 s)
embed seed 2: epoch 101 val MSE(log10) 0.3214 best 0.3105 (604 s)
embed seed 2: epoch 106 val MSE(log10) 0.3262 best 0.3105 (635 s)
embed seed 2: epoch 111 val MSE(log10) 0.3183 best 0.3105 (664 s)
embed seed 2: epoch 116 val MSE(log10) 0.3166 best 0.3098 (694 s)
embed seed 2: epoch 121 val MSE(log10) 0.3161 best 0.3098 (723 s)
embed seed 2: epoch 126 val MSE(log10) 0.3102 best 0.3098 (753 s)
embed seed 2: epoch 131 val MSE(log10) 0.3163 best 0.3098 (784 s)
embed seed 2: epoch 135 val MSE(log10) 0.3120 best 0.3098 (807 s)
== p2s3_b3v seed 0 (--n-blocks 3 --use-v) 19:08:11
embed scorer seed 0: 171 training molecules, 21 validation, 1 threads
embed seed 0: epoch 1 val MSE(log10) 0.5704 best 0.5704 (5 s)
embed seed 0: epoch 6 val MSE(log10) 0.4647 best 0.4647 (30 s)
embed seed 0: epoch 11 val MSE(log10) 0.4243 best 0.4243 (54 s)
embed seed 0: epoch 16 val MSE(log10) 0.4221 best 0.3850 (79 s)
embed seed 0: epoch 21 val MSE(log10) 0.3675 best 0.3675 (104 s)
embed seed 0: epoch 26 val MSE(log10) 0.3681 best 0.3675 (128 s)
embed seed 0: epoch 31 val MSE(log10) 0.3625 best 0.3625 (153 s)
embed seed 0: epoch 36 val MSE(log10) 0.3506 best 0.3506 (178 s)
embed seed 0: epoch 41 val MSE(log10) 0.3453 best 0.3453 (203 s)
embed seed 0: epoch 46 val MSE(log10) 0.3594 best 0.3440 (228 s)
embed seed 0: epoch 51 val MSE(log10) 0.3385 best 0.3329 (253 s)
embed seed 0: epoch 56 val MSE(log10) 0.3389 best 0.3322 (279 s)
embed seed 0: epoch 61 val MSE(log10) 0.3289 best 0.3266 (304 s)
embed seed 0: epoch 66 val MSE(log10) 0.3208 best 0.3208 (330 s)
embed seed 0: epoch 71 val MSE(log10) 0.3230 best 0.3208 (355 s)
embed seed 0: epoch 76 val MSE(log10) 0.3369 best 0.3208 (380 s)
embed seed 0: epoch 81 val MSE(log10) 0.3289 best 0.3166 (405 s)
embed seed 0: epoch 86 val MSE(log10) 0.3240 best 0.3166 (430 s)
embed seed 0: epoch 91 val MSE(log10) 0.3209 best 0.3127 (457 s)
embed seed 0: epoch 96 val MSE(log10) 0.3193 best 0.3127 (483 s)
embed seed 0: epoch 101 val MSE(log10) 0.3145 best 0.3127 (508 s)
embed seed 0: epoch 106 val MSE(log10) 0.3209 best 0.3127 (534 s)
embed seed 0: epoch 109 val MSE(log10) 0.3163 best 0.3127 (550 s)
== p2s3_b3v seed 1 (--n-blocks 3 --use-v) 19:19:30
embed scorer seed 1: 171 training molecules, 21 validation, 1 threads
embed seed 1: epoch 1 val MSE(log10) 0.9900 best 0.9900 (5 s)
embed seed 1: epoch 6 val MSE(log10) 0.5244 best 0.4692 (29 s)
embed seed 1: epoch 11 val MSE(log10) 0.4289 best 0.4289 (51 s)
embed seed 1: epoch 16 val MSE(log10) 0.3864 best 0.3864 (77 s)
embed seed 1: epoch 21 val MSE(log10) 0.3818 best 0.3734 (101 s)
embed seed 1: epoch 26 val MSE(log10) 0.3568 best 0.3568 (124 s)
embed seed 1: epoch 31 val MSE(log10) 0.3621 best 0.3486 (147 s)
embed seed 1: epoch 36 val MSE(log10) 0.3518 best 0.3452 (170 s)
embed seed 1: epoch 41 val MSE(log10) 0.3791 best 0.3443 (194 s)
embed seed 1: epoch 46 val MSE(log10) 0.3285 best 0.3285 (219 s)
embed seed 1: epoch 51 val MSE(log10) 0.3313 best 0.3285 (242 s)
embed seed 1: epoch 56 val MSE(log10) 0.3293 best 0.3285 (265 s)
embed seed 1: epoch 61 val MSE(log10) 0.3229 best 0.3229 (289 s)
embed seed 1: epoch 66 val MSE(log10) 0.3286 best 0.3229 (312 s)
embed seed 1: epoch 71 val MSE(log10) 0.3244 best 0.3229 (335 s)
embed seed 1: epoch 76 val MSE(log10) 0.3225 best 0.3207 (358 s)
embed seed 1: epoch 81 val MSE(log10) 0.3370 best 0.3157 (382 s)
embed seed 1: epoch 86 val MSE(log10) 0.3236 best 0.3157 (407 s)
embed seed 1: epoch 91 val MSE(log10) 0.3238 best 0.3157 (431 s)
embed seed 1: epoch 96 val MSE(log10) 0.3194 best 0.3157 (458 s)
embed seed 1: epoch 101 val MSE(log10) 0.3292 best 0.3126 (482 s)
embed seed 1: epoch 106 val MSE(log10) 0.3193 best 0.3126 (505 s)
embed seed 1: epoch 111 val MSE(log10) 0.3132 best 0.3057 (529 s)
embed seed 1: epoch 116 val MSE(log10) 0.3106 best 0.3057 (553 s)
embed seed 1: epoch 121 val MSE(log10) 0.3071 best 0.3057 (577 s)
embed seed 1: epoch 126 val MSE(log10) 0.3099 best 0.3041 (600 s)
embed seed 1: epoch 131 val MSE(log10) 0.3223 best 0.3041 (624 s)
embed seed 1: epoch 136 val MSE(log10) 0.3052 best 0.3041 (647 s)
embed seed 1: epoch 141 val MSE(log10) 0.3094 best 0.3041 (671 s)
embed seed 1: epoch 143 val MSE(log10) 0.3133 best 0.3041 (680 s)
== p2s3_b3v seed 2 (--n-blocks 3 --use-v) 19:33:03
embed scorer seed 2: 171 training molecules, 21 validation, 1 threads
embed seed 2: epoch 1 val MSE(log10) 0.6863 best 0.6863 (5 s)
embed seed 2: epoch 6 val MSE(log10) 0.4623 best 0.4623 (28 s)
embed seed 2: epoch 11 val MSE(log10) 0.4234 best 0.4234 (51 s)
embed seed 2: epoch 16 val MSE(log10) 0.4618 best 0.4092 (73 s)
embed seed 2: epoch 21 val MSE(log10) 0.3991 best 0.3762 (96 s)
embed seed 2: epoch 26 val MSE(log10) 0.3620 best 0.3580 (119 s)
embed seed 2: epoch 31 val MSE(log10) 0.3453 best 0.3453 (142 s)
embed seed 2: epoch 36 val MSE(log10) 0.3527 best 0.3453 (165 s)
embed seed 2: epoch 41 val MSE(log10) 0.3465 best 0.3453 (188 s)
embed seed 2: epoch 46 val MSE(log10) 0.3340 best 0.3340 (213 s)
embed seed 2: epoch 51 val MSE(log10) 0.3340 best 0.3340 (239 s)
embed seed 2: epoch 56 val MSE(log10) 0.3448 best 0.3340 (266 s)
embed seed 2: epoch 61 val MSE(log10) 0.3707 best 0.3340 (290 s)
embed seed 2: epoch 66 val MSE(log10) 0.3258 best 0.3258 (314 s)
embed seed 2: epoch 71 val MSE(log10) 0.3272 best 0.3258 (339 s)
embed seed 2: epoch 76 val MSE(log10) 0.3298 best 0.3227 (362 s)
embed seed 2: epoch 81 val MSE(log10) 0.3256 best 0.3227 (386 s)
embed seed 2: epoch 86 val MSE(log10) 0.3271 best 0.3227 (410 s)
embed seed 2: epoch 91 val MSE(log10) 0.3380 best 0.3212 (433 s)
embed seed 2: epoch 96 val MSE(log10) 0.3306 best 0.3205 (458 s)
embed seed 2: epoch 101 val MSE(log10) 0.3184 best 0.3154 (482 s)
embed seed 2: epoch 106 val MSE(log10) 0.3226 best 0.3154 (507 s)
embed seed 2: epoch 111 val MSE(log10) 0.3125 best 0.3125 (531 s)
embed seed 2: epoch 116 val MSE(log10) 0.3356 best 0.3125 (557 s)
embed seed 2: epoch 121 val MSE(log10) 0.3196 best 0.3125 (582 s)
embed seed 2: epoch 126 val MSE(log10) 0.3137 best 0.3125 (606 s)
embed seed 2: epoch 131 val MSE(log10) 0.3205 best 0.3125 (630 s)
== p2s3_b5v seed 0 (--n-blocks 5 --use-v) 19:45:36
embed scorer seed 0: 171 training molecules, 21 validation, 1 threads
embed seed 0: epoch 1 val MSE(log10) 0.5175 best 0.5175 (6 s)
embed seed 0: epoch 6 val MSE(log10) 0.4885 best 0.4877 (34 s)
embed seed 0: epoch 11 val MSE(log10) 0.4226 best 0.4226 (63 s)
embed seed 0: epoch 16 val MSE(log10) 0.3827 best 0.3827 (93 s)
embed seed 0: epoch 21 val MSE(log10) 0.3610 best 0.3610 (122 s)
embed seed 0: epoch 26 val MSE(log10) 0.4149 best 0.3581 (151 s)
embed seed 0: epoch 31 val MSE(log10) 0.3518 best 0.3518 (179 s)
embed seed 0: epoch 36 val MSE(log10) 0.3406 best 0.3406 (207 s)
embed seed 0: epoch 41 val MSE(log10) 0.3399 best 0.3364 (236 s)
embed seed 0: epoch 46 val MSE(log10) 0.3411 best 0.3364 (265 s)
embed seed 0: epoch 51 val MSE(log10) 0.3326 best 0.3206 (293 s)
embed seed 0: epoch 56 val MSE(log10) 0.3428 best 0.3206 (321 s)
embed seed 0: epoch 61 val MSE(log10) 0.3350 best 0.3206 (350 s)
embed seed 0: epoch 66 val MSE(log10) 0.3202 best 0.3202 (380 s)
embed seed 0: epoch 71 val MSE(log10) 0.3215 best 0.3202 (408 s)
embed seed 0: epoch 76 val MSE(log10) 0.3191 best 0.3180 (437 s)
embed seed 0: epoch 81 val MSE(log10) 0.3312 best 0.3172 (467 s)
embed seed 0: epoch 86 val MSE(log10) 0.3141 best 0.3140 (497 s)
embed seed 0: epoch 91 val MSE(log10) 0.3156 best 0.3140 (527 s)
embed seed 0: epoch 96 val MSE(log10) 0.3116 best 0.3116 (555 s)
embed seed 0: epoch 101 val MSE(log10) 0.3106 best 0.3099 (581 s)
embed seed 0: epoch 106 val MSE(log10) 0.3120 best 0.3084 (606 s)
embed seed 0: epoch 111 val MSE(log10) 0.3062 best 0.3062 (631 s)
embed seed 0: epoch 116 val MSE(log10) 0.3129 best 0.3062 (656 s)
embed seed 0: epoch 121 val MSE(log10) 0.3084 best 0.3059 (682 s)
embed seed 0: epoch 126 val MSE(log10) 0.3105 best 0.3059 (708 s)
embed seed 0: epoch 131 val MSE(log10) 0.3127 best 0.3032 (733 s)
embed seed 0: epoch 136 val MSE(log10) 0.3130 best 0.3032 (758 s)
embed seed 0: epoch 141 val MSE(log10) 0.3154 best 0.3032 (783 s)
embed seed 0: epoch 146 val MSE(log10) 0.3111 best 0.3032 (808 s)
embed seed 0: epoch 150 val MSE(log10) 0.3114 best 0.3032 (828 s)
== p2s3_b5v seed 1 (--n-blocks 5 --use-v) 20:01:30
embed scorer seed 1: 171 training molecules, 21 validation, 1 threads
embed seed 1: epoch 1 val MSE(log10) 0.5478 best 0.5478 (5 s)
embed seed 1: epoch 6 val MSE(log10) 0.5314 best 0.4874 (33 s)
embed seed 1: epoch 11 val MSE(log10) 0.4347 best 0.4319 (61 s)
embed seed 1: epoch 16 val MSE(log10) 0.3824 best 0.3824 (89 s)
embed seed 1: epoch 21 val MSE(log10) 0.3885 best 0.3620 (115 s)
embed seed 1: epoch 26 val MSE(log10) 0.3601 best 0.3568 (145 s)
embed seed 1: epoch 31 val MSE(log10) 0.3961 best 0.3546 (177 s)
embed seed 1: epoch 36 val MSE(log10) 0.3466 best 0.3403 (206 s)
embed seed 1: epoch 41 val MSE(log10) 0.3442 best 0.3403 (233 s)
embed seed 1: epoch 46 val MSE(log10) 0.3515 best 0.3400 (261 s)
embed seed 1: epoch 51 val MSE(log10) 0.3417 best 0.3323 (288 s)
embed seed 1: epoch 56 val MSE(log10) 0.3327 best 0.3273 (319 s)
embed seed 1: epoch 61 val MSE(log10) 0.3259 best 0.3259 (347 s)
embed seed 1: epoch 66 val MSE(log10) 0.3402 best 0.3255 (375 s)
embed seed 1: epoch 71 val MSE(log10) 0.3234 best 0.3203 (403 s)
embed seed 1: epoch 76 val MSE(log10) 0.3146 best 0.3146 (430 s)
embed seed 1: epoch 81 val MSE(log10) 0.3242 best 0.3146 (461 s)
embed seed 1: epoch 86 val MSE(log10) 0.3354 best 0.3144 (490 s)
embed seed 1: epoch 91 val MSE(log10) 0.3318 best 0.3144 (517 s)
embed seed 1: epoch 96 val MSE(log10) 0.3172 best 0.3088 (545 s)
embed seed 1: epoch 101 val MSE(log10) 0.3215 best 0.3088 (573 s)
embed seed 1: epoch 106 val MSE(log10) 0.3187 best 0.3088 (602 s)
embed seed 1: epoch 111 val MSE(log10) 0.3170 best 0.3088 (632 s)
embed seed 1: epoch 114 val MSE(log10) 0.3155 best 0.3088 (650 s)
== p2s3_b5v seed 2 (--n-blocks 5 --use-v) 20:14:04
embed scorer seed 2: 171 training molecules, 21 validation, 1 threads
embed seed 2: epoch 1 val MSE(log10) 0.7532 best 0.7532 (6 s)
embed seed 2: epoch 6 val MSE(log10) 0.5043 best 0.4978 (35 s)
embed seed 2: epoch 11 val MSE(log10) 0.4249 best 0.4249 (62 s)
embed seed 2: epoch 16 val MSE(log10) 0.4742 best 0.4079 (89 s)
embed seed 2: epoch 21 val MSE(log10) 0.3937 best 0.3721 (116 s)
embed seed 2: epoch 26 val MSE(log10) 0.3743 best 0.3576 (144 s)
embed seed 2: epoch 31 val MSE(log10) 0.3449 best 0.3449 (173 s)
embed seed 2: epoch 36 val MSE(log10) 0.3443 best 0.3436 (202 s)
embed seed 2: epoch 41 val MSE(log10) 0.3351 best 0.3351 (231 s)
embed seed 2: epoch 46 val MSE(log10) 0.3287 best 0.3287 (260 s)
embed seed 2: epoch 51 val MSE(log10) 0.3267 best 0.3267 (288 s)
embed seed 2: epoch 56 val MSE(log10) 0.3248 best 0.3248 (318 s)
embed seed 2: epoch 61 val MSE(log10) 0.3337 best 0.3217 (348 s)
embed seed 2: epoch 66 val MSE(log10) 0.3183 best 0.3183 (376 s)
embed seed 2: epoch 71 val MSE(log10) 0.3245 best 0.3167 (403 s)
embed seed 2: epoch 76 val MSE(log10) 0.3121 best 0.3121 (431 s)
embed seed 2: epoch 81 val MSE(log10) 0.3186 best 0.3121 (460 s)
embed seed 2: epoch 86 val MSE(log10) 0.3252 best 0.3121 (490 s)
embed seed 2: epoch 91 val MSE(log10) 0.3336 best 0.3121 (519 s)
embed seed 2: epoch 96 val MSE(log10) 0.3200 best 0.3110 (546 s)
embed seed 2: epoch 101 val MSE(log10) 0.3211 best 0.3110 (574 s)
embed seed 2: epoch 106 val MSE(log10) 0.3128 best 0.3103 (601 s)
embed seed 2: epoch 111 val MSE(log10) 0.3119 best 0.3103 (632 s)
embed seed 2: epoch 116 val MSE(log10) 0.3241 best 0.3103 (661 s)
embed seed 2: epoch 121 val MSE(log10) 0.3086 best 0.3062 (688 s)
embed seed 2: epoch 126 val MSE(log10) 0.3133 best 0.3062 (716 s)
embed seed 2: epoch 131 val MSE(log10) 0.3118 best 0.3062 (743 s)
embed seed 2: epoch 136 val MSE(log10) 0.3138 best 0.3062 (773 s)
embed seed 2: epoch 139 val MSE(log10) 0.3143 best 0.3062 (791 s)
STAGE3_DONE 2026-09-26 20:29:12
