[2026-10-02 06:03:59] E8 FD Hessian: 24 atoms, cc-pvdz, frozen 14 (derived from the elements: 14), step 0.005 bohr, 144 displacements, 8 threads, max_memory 22000 MB, explicit (T) lambda, fast (T) density kernel, fast (T) lambda kernel
[2026-10-02 06:03:59] symmetry: 8 operations, orbits [[0, 1, 7, 8], [2, 6, 9, 13], [3, 5, 10, 12], [4, 11], [14, 15, 19, 20], [16, 18, 21, 23], [17, 22]], 21 displacements (42 gradients) instead of 144
[2026-10-02 06:03:59] partial run: displacement indices [48, 49, 50, 51, 52, 53]
cycle = 1  norm(lambda1,lambda2) = 0.0909166
cycle = 2  norm(lambda1,lambda2) = 0.0273673
cycle = 3  norm(lambda1,lambda2) = 0.013238
cycle = 4  norm(lambda1,lambda2) = 0.00538306
cycle = 5  norm(lambda1,lambda2) = 0.0017961
cycle = 6  norm(lambda1,lambda2) = 0.000720249
cycle = 7  norm(lambda1,lambda2) = 0.000324838
cycle = 8  norm(lambda1,lambda2) = 0.000120149
cycle = 9  norm(lambda1,lambda2) = 6.84724e-05
cycle = 10  norm(lambda1,lambda2) = 2.25258e-05
cycle = 11  norm(lambda1,lambda2) = 9.38715e-06
cycle = 12  norm(lambda1,lambda2) = 4.36839e-06
cycle = 13  norm(lambda1,lambda2) = 1.74746e-06
cycle = 14  norm(lambda1,lambda2) = 8.65435e-07
cycle = 15  norm(lambda1,lambda2) = 3.69633e-07
cycle = 16  norm(lambda1,lambda2) = 1.78071e-07
cycle = 17  norm(lambda1,lambda2) = 9.57268e-08
cycle = 18  norm(lambda1,lambda2) = 5.49894e-08
cycle = 19  norm(lambda1,lambda2) = 3.87003e-08
cycle = 20  norm(lambda1,lambda2) = 3.73483e-08
cycle = 21  norm(lambda1,lambda2) = 1.99698e-08
cycle = 22  norm(lambda1,lambda2) = 1.65087e-08
cycle = 23  norm(lambda1,lambda2) = 2.30242e-08
cycle = 24  norm(lambda1,lambda2) = 1.73896e-08
cycle = 25  norm(lambda1,lambda2) = 1.46904e-08
cycle = 26  norm(lambda1,lambda2) = 1.31443e-08
cycle = 27  norm(lambda1,lambda2) = 1.11929e-08
cycle = 28  norm(lambda1,lambda2) = 1.03385e-08
cycle = 29  norm(lambda1,lambda2) = 9.86679e-09
[2026-10-02 12:42:42] (T) lambda 19581 s, gradient 375 s
[2026-10-02 12:42:43] coordinate 48 p: E − E0 =     -0.18 µE_h, 23924 s  (1/144 gradients)
cycle = 1  norm(lambda1,lambda2) = 0.0909193
cycle = 2  norm(lambda1,lambda2) = 0.027369
cycle = 3  norm(lambda1,lambda2) = 0.0132388
cycle = 4  norm(lambda1,lambda2) = 0.00538331
cycle = 5  norm(lambda1,lambda2) = 0.00179625
cycle = 6  norm(lambda1,lambda2) = 0.000720295
cycle = 7  norm(lambda1,lambda2) = 0.000324868
cycle = 8  norm(lambda1,lambda2) = 0.000120157
cycle = 9  norm(lambda1,lambda2) = 6.84779e-05
cycle = 10  norm(lambda1,lambda2) = 2.25262e-05
cycle = 11  norm(lambda1,lambda2) = 9.38763e-06
cycle = 12  norm(lambda1,lambda2) = 4.36849e-06
cycle = 13  norm(lambda1,lambda2) = 1.74755e-06
cycle = 14  norm(lambda1,lambda2) = 8.65496e-07
cycle = 15  norm(lambda1,lambda2) = 3.69649e-07
cycle = 16  norm(lambda1,lambda2) = 1.78073e-07
cycle = 17  norm(lambda1,lambda2) = 9.57321e-08
cycle = 18  norm(lambda1,lambda2) = 5.50003e-08
cycle = 19  norm(lambda1,lambda2) = 3.86698e-08
cycle = 20  norm(lambda1,lambda2) = 3.72728e-08
cycle = 21  norm(lambda1,lambda2) = 1.99546e-08
cycle = 22  norm(lambda1,lambda2) = 1.64823e-08
cycle = 23  norm(lambda1,lambda2) = 2.30253e-08
cycle = 24  norm(lambda1,lambda2) = 1.73898e-08
cycle = 25  norm(lambda1,lambda2) = 1.46907e-08
cycle = 26  norm(lambda1,lambda2) = 1.31512e-08
cycle = 27  norm(lambda1,lambda2) = 1.11904e-08
cycle = 28  norm(lambda1,lambda2) = 1.03367e-08
cycle = 29  norm(lambda1,lambda2) = 9.86791e-09
[2026-10-02 18:54:03] (T) lambda 18689 s, gradient 314 s
[2026-10-02 18:54:04] coordinate 48 m: E − E0 =     +1.54 µE_h, 22281 s  (7/144 gradients)
[2026-10-02 18:54:04] pair check coordinate 48: max |mean(g+, g−) − g0| = 1.4e-06 a.u. (limit 1e-04)
cycle = 1  norm(lambda1,lambda2) = 0.0909216
cycle = 2  norm(lambda1,lambda2) = 0.0273698
cycle = 3  norm(lambda1,lambda2) = 0.0132391
cycle = 4  norm(lambda1,lambda2) = 0.00538329
cycle = 5  norm(lambda1,lambda2) = 0.00179634
cycle = 6  norm(lambda1,lambda2) = 0.000720298
cycle = 7  norm(lambda1,lambda2) = 0.000324873
cycle = 8  norm(lambda1,lambda2) = 0.000120156
cycle = 9  norm(lambda1,lambda2) = 6.84775e-05
cycle = 10  norm(lambda1,lambda2) = 2.2528e-05
cycle = 11  norm(lambda1,lambda2) = 9.38823e-06
cycle = 12  norm(lambda1,lambda2) = 4.36899e-06
cycle = 13  norm(lambda1,lambda2) = 1.74775e-06
cycle = 14  norm(lambda1,lambda2) = 8.65596e-07
cycle = 15  norm(lambda1,lambda2) = 3.69706e-07
cycle = 16  norm(lambda1,lambda2) = 1.78104e-07
cycle = 17  norm(lambda1,lambda2) = 9.57508e-08
cycle = 18  norm(lambda1,lambda2) = 5.50261e-08
cycle = 19  norm(lambda1,lambda2) = 3.87172e-08
cycle = 20  norm(lambda1,lambda2) = 3.72981e-08
cycle = 21  norm(lambda1,lambda2) = 1.99471e-08
cycle = 22  norm(lambda1,lambda2) = 1.64897e-08
cycle = 23  norm(lambda1,lambda2) = 2.30485e-08
cycle = 24  norm(lambda1,lambda2) = 1.74101e-08
cycle = 25  norm(lambda1,lambda2) = 1.47063e-08
cycle = 26  norm(lambda1,lambda2) = 1.31605e-08
cycle = 27  norm(lambda1,lambda2) = 1.1198e-08
cycle = 28  norm(lambda1,lambda2) = 1.03481e-08
cycle = 29  norm(lambda1,lambda2) = 9.87945e-09
[2026-10-03 01:02:30] (T) lambda 18490 s, gradient 315 s
[2026-10-03 01:02:31] coordinate 49 p: E − E0 =    -27.64 µE_h, 22107 s  (11/144 gradients)
cycle = 1  norm(lambda1,lambda2) = 0.0909135
cycle = 2  norm(lambda1,lambda2) = 0.0273663
cycle = 3  norm(lambda1,lambda2) = 0.0132376
cycle = 4  norm(lambda1,lambda2) = 0.00538305
cycle = 5  norm(lambda1,lambda2) = 0.00179599
cycle = 6  norm(lambda1,lambda2) = 0.000720237
cycle = 7  norm(lambda1,lambda2) = 0.000324831
cycle = 8  norm(lambda1,lambda2) = 0.000120149
cycle = 9  norm(lambda1,lambda2) = 6.84723e-05
cycle = 10  norm(lambda1,lambda2) = 2.25241e-05
cycle = 11  norm(lambda1,lambda2) = 9.38664e-06
cycle = 12  norm(lambda1,lambda2) = 4.368e-06
cycle = 13  norm(lambda1,lambda2) = 1.74739e-06
cycle = 14  norm(lambda1,lambda2) = 8.65376e-07
cycle = 15  norm(lambda1,lambda2) = 3.6961e-07
cycle = 16  norm(lambda1,lambda2) = 1.78058e-07
cycle = 17  norm(lambda1,lambda2) = 9.5723e-08
cycle = 18  norm(lambda1,lambda2) = 5.49966e-08
cycle = 19  norm(lambda1,lambda2) = 3.86931e-08
cycle = 20  norm(lambda1,lambda2) = 3.73502e-08
cycle = 21  norm(lambda1,lambda2) = 1.99658e-08
cycle = 22  norm(lambda1,lambda2) = 1.65015e-08
cycle = 23  norm(lambda1,lambda2) = 2.30305e-08
cycle = 24  norm(lambda1,lambda2) = 1.73953e-08
cycle = 25  norm(lambda1,lambda2) = 1.46949e-08
cycle = 26  norm(lambda1,lambda2) = 1.31497e-08
cycle = 27  norm(lambda1,lambda2) = 1.11972e-08
cycle = 28  norm(lambda1,lambda2) = 1.03413e-08
cycle = 29  norm(lambda1,lambda2) = 9.87101e-09
[2026-10-03 07:09:08] (T) lambda 18348 s, gradient 346 s
[2026-10-03 07:09:09] coordinate 49 m: E − E0 =    +33.32 µE_h, 21998 s  (13/144 gradients)
[2026-10-03 07:09:09] pair check coordinate 49: max |mean(g+, g−) − g0| = 6.3e-06 a.u. (limit 1e-04)
cycle = 1  norm(lambda1,lambda2) = 0.0909141
cycle = 2  norm(lambda1,lambda2) = 0.0273666
cycle = 3  norm(lambda1,lambda2) = 0.0132377
cycle = 4  norm(lambda1,lambda2) = 0.00538307
cycle = 5  norm(lambda1,lambda2) = 0.00179602
cycle = 6  norm(lambda1,lambda2) = 0.000720242
cycle = 7  norm(lambda1,lambda2) = 0.000324834
cycle = 8  norm(lambda1,lambda2) = 0.000120149
cycle = 9  norm(lambda1,lambda2) = 6.84728e-05
cycle = 10  norm(lambda1,lambda2) = 2.25244e-05
cycle = 11  norm(lambda1,lambda2) = 9.38674e-06
cycle = 12  norm(lambda1,lambda2) = 4.36805e-06
cycle = 13  norm(lambda1,lambda2) = 1.7474e-06
cycle = 14  norm(lambda1,lambda2) = 8.65386e-07
cycle = 15  norm(lambda1,lambda2) = 3.69611e-07
cycle = 16  norm(lambda1,lambda2) = 1.78058e-07
cycle = 17  norm(lambda1,lambda2) = 9.57232e-08
cycle = 18  norm(lambda1,lambda2) = 5.49999e-08
cycle = 19  norm(lambda1,lambda2) = 3.86899e-08
cycle = 20  norm(lambda1,lambda2) = 3.73746e-08
cycle = 21  norm(lambda1,lambda2) = 1.99697e-08
cycle = 22  norm(lambda1,lambda2) = 1.65075e-08
cycle = 23  norm(lambda1,lambda2) = 2.30257e-08
cycle = 24  norm(lambda1,lambda2) = 1.73903e-08
cycle = 25  norm(lambda1,lambda2) = 1.46896e-08
cycle = 26  norm(lambda1,lambda2) = 1.31448e-08
cycle = 27  norm(lambda1,lambda2) = 1.11957e-08
cycle = 28  norm(lambda1,lambda2) = 1.03388e-08
cycle = 29  norm(lambda1,lambda2) = 9.86784e-09
[2026-10-03 13:11:59] (T) lambda 18175 s, gradient 314 s
[2026-10-03 13:12:00] coordinate 50 p: E − E0 =    +28.30 µE_h, 21771 s  (17/144 gradients)
cycle = 1  norm(lambda1,lambda2) = 0.0909208
cycle = 2  norm(lambda1,lambda2) = 0.0273694
cycle = 3  norm(lambda1,lambda2) = 0.0132389
cycle = 4  norm(lambda1,lambda2) = 0.00538326
cycle = 5  norm(lambda1,lambda2) = 0.00179631
cycle = 6  norm(lambda1,lambda2) = 0.000720291
cycle = 7  norm(lambda1,lambda2) = 0.000324868
cycle = 8  norm(lambda1,lambda2) = 0.000120155
cycle = 9  norm(lambda1,lambda2) = 6.84768e-05
cycle = 10  norm(lambda1,lambda2) = 2.25277e-05
cycle = 11  norm(lambda1,lambda2) = 9.38807e-06
cycle = 12  norm(lambda1,lambda2) = 4.36889e-06
cycle = 13  norm(lambda1,lambda2) = 1.7477e-06
cycle = 14  norm(lambda1,lambda2) = 8.6557e-07
cycle = 15  norm(lambda1,lambda2) = 3.69692e-07
cycle = 16  norm(lambda1,lambda2) = 1.78097e-07
cycle = 17  norm(lambda1,lambda2) = 9.57465e-08
cycle = 18  norm(lambda1,lambda2) = 5.503e-08
cycle = 19  norm(lambda1,lambda2) = 3.86853e-08
cycle = 20  norm(lambda1,lambda2) = 3.73072e-08
cycle = 21  norm(lambda1,lambda2) = 1.99399e-08
cycle = 22  norm(lambda1,lambda2) = 1.64707e-08
cycle = 23  norm(lambda1,lambda2) = 2.30327e-08
cycle = 24  norm(lambda1,lambda2) = 1.73926e-08
cycle = 25  norm(lambda1,lambda2) = 1.46878e-08
cycle = 26  norm(lambda1,lambda2) = 1.31493e-08
cycle = 27  norm(lambda1,lambda2) = 1.11878e-08
cycle = 28  norm(lambda1,lambda2) = 1.03361e-08
cycle = 29  norm(lambda1,lambda2) = 9.86933e-09
[2026-10-03 19:22:36] (T) lambda 18732 s, gradient 311 s
[2026-10-03 19:22:37] coordinate 50 m: E − E0 =    -23.99 µE_h, 22237 s  (21/144 gradients)
[2026-10-03 19:22:37] pair check coordinate 50: max |mean(g+, g−) − g0| = 5.0e-06 a.u. (limit 1e-04)
cycle = 1  norm(lambda1,lambda2) = 0.090918
cycle = 2  norm(lambda1,lambda2) = 0.0273682
cycle = 3  norm(lambda1,lambda2) = 0.0132384
cycle = 4  norm(lambda1,lambda2) = 0.00538318
cycle = 5  norm(lambda1,lambda2) = 0.00179618
cycle = 6  norm(lambda1,lambda2) = 0.000720273
cycle = 7  norm(lambda1,lambda2) = 0.000324853
cycle = 8  norm(lambda1,lambda2) = 0.000120153
cycle = 9  norm(lambda1,lambda2) = 6.84752e-05
cycle = 10  norm(lambda1,lambda2) = 2.2526e-05
cycle = 11  norm(lambda1,lambda2) = 9.38737e-06
cycle = 12  norm(lambda1,lambda2) = 4.36841e-06
cycle = 13  norm(lambda1,lambda2) = 1.74747e-06
cycle = 14  norm(lambda1,lambda2) = 8.65453e-07
cycle = 15  norm(lambda1,lambda2) = 3.69632e-07
cycle = 16  norm(lambda1,lambda2) = 1.78067e-07
cycle = 17  norm(lambda1,lambda2) = 9.57261e-08
cycle = 18  norm(lambda1,lambda2) = 5.49873e-08
cycle = 19  norm(lambda1,lambda2) = 3.86869e-08
cycle = 20  norm(lambda1,lambda2) = 3.72943e-08
cycle = 21  norm(lambda1,lambda2) = 1.99599e-08
cycle = 22  norm(lambda1,lambda2) = 1.64895e-08
cycle = 23  norm(lambda1,lambda2) = 2.30292e-08
cycle = 24  norm(lambda1,lambda2) = 1.73945e-08
cycle = 25  norm(lambda1,lambda2) = 1.46954e-08
cycle = 26  norm(lambda1,lambda2) = 1.31529e-08
cycle = 27  norm(lambda1,lambda2) = 1.11944e-08
cycle = 28  norm(lambda1,lambda2) = 1.034e-08
cycle = 29  norm(lambda1,lambda2) = 9.87076e-09
[2026-10-04 01:31:05] (T) lambda 18592 s, gradient 309 s
[2026-10-04 01:31:06] coordinate 51 p: E − E0 =     +0.03 µE_h, 22109 s  (25/144 gradients)
cycle = 1  norm(lambda1,lambda2) = 0.0909178
cycle = 2  norm(lambda1,lambda2) = 0.0273681
cycle = 3  norm(lambda1,lambda2) = 0.0132384
cycle = 4  norm(lambda1,lambda2) = 0.00538318
cycle = 5  norm(lambda1,lambda2) = 0.00179617
cycle = 6  norm(lambda1,lambda2) = 0.000720271
cycle = 7  norm(lambda1,lambda2) = 0.000324852
cycle = 8  norm(lambda1,lambda2) = 0.000120152
cycle = 9  norm(lambda1,lambda2) = 6.84751e-05
cycle = 10  norm(lambda1,lambda2) = 2.25259e-05
cycle = 11  norm(lambda1,lambda2) = 9.38734e-06
cycle = 12  norm(lambda1,lambda2) = 4.36839e-06
cycle = 13  norm(lambda1,lambda2) = 1.74746e-06
cycle = 14  norm(lambda1,lambda2) = 8.65447e-07
cycle = 15  norm(lambda1,lambda2) = 3.69628e-07
cycle = 16  norm(lambda1,lambda2) = 1.78065e-07
cycle = 17  norm(lambda1,lambda2) = 9.57251e-08
cycle = 18  norm(lambda1,lambda2) = 5.49899e-08
cycle = 19  norm(lambda1,lambda2) = 3.86979e-08
cycle = 20  norm(lambda1,lambda2) = 3.73472e-08
cycle = 21  norm(lambda1,lambda2) = 1.99686e-08
cycle = 22  norm(lambda1,lambda2) = 1.6504e-08
cycle = 23  norm(lambda1,lambda2) = 2.30275e-08
cycle = 24  norm(lambda1,lambda2) = 1.73926e-08
cycle = 25  norm(lambda1,lambda2) = 1.46931e-08
cycle = 26  norm(lambda1,lambda2) = 1.31478e-08
cycle = 27  norm(lambda1,lambda2) = 1.11962e-08
cycle = 28  norm(lambda1,lambda2) = 1.03401e-08
cycle = 29  norm(lambda1,lambda2) = 9.86951e-09
[2026-10-04 07:40:11] (T) lambda 18610 s, gradient 307 s
[2026-10-04 07:40:12] coordinate 51 m: E − E0 =     +1.34 µE_h, 22147 s  (29/144 gradients)
[2026-10-04 07:40:12] pair check coordinate 51: max |mean(g+, g−) − g0| = 1.4e-06 a.u. (limit 1e-04)
cycle = 1  norm(lambda1,lambda2) = 0.0909211
cycle = 2  norm(lambda1,lambda2) = 0.0273702
cycle = 3  norm(lambda1,lambda2) = 0.0132393
cycle = 4  norm(lambda1,lambda2) = 0.00538325
cycle = 5  norm(lambda1,lambda2) = 0.00179624
cycle = 6  norm(lambda1,lambda2) = 0.000720296
cycle = 7  norm(lambda1,lambda2) = 0.000324874
cycle = 8  norm(lambda1,lambda2) = 0.000120159
cycle = 9  norm(lambda1,lambda2) = 6.84755e-05
cycle = 10  norm(lambda1,lambda2) = 2.25285e-05
cycle = 11  norm(lambda1,lambda2) = 9.38838e-06
cycle = 12  norm(lambda1,lambda2) = 4.36936e-06
cycle = 13  norm(lambda1,lambda2) = 1.74805e-06
cycle = 14  norm(lambda1,lambda2) = 8.65725e-07
cycle = 15  norm(lambda1,lambda2) = 3.69808e-07
cycle = 16  norm(lambda1,lambda2) = 1.7817e-07
cycle = 17  norm(lambda1,lambda2) = 9.5791e-08
cycle = 18  norm(lambda1,lambda2) = 5.50486e-08
cycle = 19  norm(lambda1,lambda2) = 3.87112e-08
cycle = 20  norm(lambda1,lambda2) = 3.73233e-08
cycle = 21  norm(lambda1,lambda2) = 1.9965e-08
cycle = 22  norm(lambda1,lambda2) = 1.65032e-08
cycle = 23  norm(lambda1,lambda2) = 2.30351e-08
cycle = 24  norm(lambda1,lambda2) = 1.7394e-08
cycle = 25  norm(lambda1,lambda2) = 1.46919e-08
cycle = 26  norm(lambda1,lambda2) = 1.31485e-08
cycle = 27  norm(lambda1,lambda2) = 1.11893e-08
cycle = 28  norm(lambda1,lambda2) = 1.03379e-08
cycle = 29  norm(lambda1,lambda2) = 9.86881e-09
[2026-10-04 13:45:53] (T) lambda 18389 s, gradient 306 s
[2026-10-04 13:45:54] coordinate 52 p: E − E0 =    -28.54 µE_h, 21942 s  (33/144 gradients)
cycle = 1  norm(lambda1,lambda2) = 0.0909128
cycle = 2  norm(lambda1,lambda2) = 0.0273656
cycle = 3  norm(lambda1,lambda2) = 0.0132372
cycle = 4  norm(lambda1,lambda2) = 0.00538305
cycle = 5  norm(lambda1,lambda2) = 0.00179607
cycle = 6  norm(lambda1,lambda2) = 0.000720223
cycle = 7  norm(lambda1,lambda2) = 0.000324827
cycle = 8  norm(lambda1,lambda2) = 0.000120144
cycle = 9  norm(lambda1,lambda2) = 6.84731e-05
cycle = 10  norm(lambda1,lambda2) = 2.25242e-05
cycle = 11  norm(lambda1,lambda2) = 9.38691e-06
cycle = 12  norm(lambda1,lambda2) = 4.36816e-06
cycle = 13  norm(lambda1,lambda2) = 1.74764e-06
cycle = 14  norm(lambda1,lambda2) = 8.65432e-07
cycle = 15  norm(lambda1,lambda2) = 3.6966e-07
cycle = 16  norm(lambda1,lambda2) = 1.78075e-07
cycle = 17  norm(lambda1,lambda2) = 9.57423e-08
cycle = 18  norm(lambda1,lambda2) = 5.50029e-08
cycle = 19  norm(lambda1,lambda2) = 3.87033e-08
cycle = 20  norm(lambda1,lambda2) = 3.72872e-08
cycle = 21  norm(lambda1,lambda2) = 1.99596e-08
cycle = 22  norm(lambda1,lambda2) = 1.64946e-08
cycle = 23  norm(lambda1,lambda2) = 2.30361e-08
cycle = 24  norm(lambda1,lambda2) = 1.74008e-08
cycle = 25  norm(lambda1,lambda2) = 1.47017e-08
cycle = 26  norm(lambda1,lambda2) = 1.31561e-08
cycle = 27  norm(lambda1,lambda2) = 1.11957e-08
cycle = 28  norm(lambda1,lambda2) = 1.03442e-08
cycle = 29  norm(lambda1,lambda2) = 9.87399e-09
[2026-10-04 19:54:55] (T) lambda 18622 s, gradient 305 s
[2026-10-04 19:54:56] coordinate 52 m: E − E0 =    +34.16 µE_h, 22142 s  (37/144 gradients)
[2026-10-04 19:54:56] pair check coordinate 52: max |mean(g+, g−) − g0| = 6.3e-06 a.u. (limit 1e-04)
cycle = 1  norm(lambda1,lambda2) = 0.0909131
cycle = 2  norm(lambda1,lambda2) = 0.0273659
cycle = 3  norm(lambda1,lambda2) = 0.0132373
cycle = 4  norm(lambda1,lambda2) = 0.00538305
cycle = 5  norm(lambda1,lambda2) = 0.00179607
cycle = 6  norm(lambda1,lambda2) = 0.000720224
cycle = 7  norm(lambda1,lambda2) = 0.00032483
cycle = 8  norm(lambda1,lambda2) = 0.000120144
cycle = 9  norm(lambda1,lambda2) = 6.84729e-05
cycle = 10  norm(lambda1,lambda2) = 2.25243e-05
cycle = 11  norm(lambda1,lambda2) = 9.38688e-06
cycle = 12  norm(lambda1,lambda2) = 4.36812e-06
cycle = 13  norm(lambda1,lambda2) = 1.74756e-06
cycle = 14  norm(lambda1,lambda2) = 8.65414e-07
cycle = 15  norm(lambda1,lambda2) = 3.6964e-07
cycle = 16  norm(lambda1,lambda2) = 1.78065e-07
cycle = 17  norm(lambda1,lambda2) = 9.5735e-08
cycle = 18  norm(lambda1,lambda2) = 5.50008e-08
cycle = 19  norm(lambda1,lambda2) = 3.87172e-08
cycle = 20  norm(lambda1,lambda2) = 3.73629e-08
cycle = 21  norm(lambda1,lambda2) = 1.99688e-08
cycle = 22  norm(lambda1,lambda2) = 1.65067e-08
cycle = 23  norm(lambda1,lambda2) = 2.30352e-08
cycle = 24  norm(lambda1,lambda2) = 1.73995e-08
cycle = 25  norm(lambda1,lambda2) = 1.46995e-08
cycle = 26  norm(lambda1,lambda2) = 1.31511e-08
cycle = 27  norm(lambda1,lambda2) = 1.12003e-08
cycle = 28  norm(lambda1,lambda2) = 1.03446e-08
cycle = 29  norm(lambda1,lambda2) = 9.87409e-09
[2026-10-04 23:08:56] (T) lambda 9487 s, gradient 220 s
[2026-10-04 23:08:57] coordinate 53 p: E − E0 =    +29.01 µE_h, 11641 s  (41/144 gradients)
cycle = 1  norm(lambda1,lambda2) = 0.0909202
cycle = 2  norm(lambda1,lambda2) = 0.0273698
cycle = 3  norm(lambda1,lambda2) = 0.0132391
cycle = 4  norm(lambda1,lambda2) = 0.00538322
cycle = 5  norm(lambda1,lambda2) = 0.00179622
cycle = 6  norm(lambda1,lambda2) = 0.000720286
cycle = 7  norm(lambda1,lambda2) = 0.00032487
cycle = 8  norm(lambda1,lambda2) = 0.000120158
cycle = 9  norm(lambda1,lambda2) = 6.8475e-05
cycle = 10  norm(lambda1,lambda2) = 2.2528e-05
cycle = 11  norm(lambda1,lambda2) = 9.38814e-06
cycle = 12  norm(lambda1,lambda2) = 4.36915e-06
cycle = 13  norm(lambda1,lambda2) = 1.74791e-06
cycle = 14  norm(lambda1,lambda2) = 8.65665e-07
cycle = 15  norm(lambda1,lambda2) = 3.69767e-07
cycle = 16  norm(lambda1,lambda2) = 1.78146e-07
cycle = 17  norm(lambda1,lambda2) = 9.57769e-08
cycle = 18  norm(lambda1,lambda2) = 5.50335e-08
cycle = 19  norm(lambda1,lambda2) = 3.87307e-08
cycle = 20  norm(lambda1,lambda2) = 3.73203e-08
cycle = 21  norm(lambda1,lambda2) = 1.9967e-08
cycle = 22  norm(lambda1,lambda2) = 1.65046e-08
cycle = 23  norm(lambda1,lambda2) = 2.30475e-08
cycle = 24  norm(lambda1,lambda2) = 1.74084e-08
cycle = 25  norm(lambda1,lambda2) = 1.47055e-08
cycle = 26  norm(lambda1,lambda2) = 1.3158e-08
cycle = 27  norm(lambda1,lambda2) = 1.11977e-08
cycle = 28  norm(lambda1,lambda2) = 1.03464e-08
cycle = 29  norm(lambda1,lambda2) = 9.87743e-09
[2026-10-05 02:18:15] (T) lambda 9372 s, gradient 222 s
[2026-10-05 02:18:16] coordinate 53 m: E − E0 =    -24.75 µE_h, 11359 s  (42/144 gradients)
[2026-10-05 02:18:16] pair check coordinate 53: max |mean(g+, g−) − g0| = 5.0e-06 a.u. (limit 1e-04)
[2026-10-05 02:18:16] partial run done; merge grad_*.npy files and rerun without --ks to assemble the Hessian
