[2026-10-02 06:03:49] E8 FD Hessian: 24 atoms, cc-pvdz, frozen 14 (derived from the elements: 14), step 0.005 bohr, 144 displacements, 8 threads, max_memory 22000 MB, explicit (T) lambda, fast (T) density kernel, fast (T) lambda kernel
[2026-10-02 06:03:49] symmetry: 8 operations, orbits [[0, 1, 7, 8], [2, 6, 9, 13], [3, 5, 10, 12], [4, 11], [14, 15, 19, 20], [16, 18, 21, 23], [17, 22]], 21 displacements (42 gradients) instead of 144
[2026-10-02 06:03:49] partial run: displacement indices [8, 9, 10, 11, 12]
cycle = 1  norm(lambda1,lambda2) = 0.0909093
cycle = 2  norm(lambda1,lambda2) = 0.0273658
cycle = 3  norm(lambda1,lambda2) = 0.0132364
cycle = 4  norm(lambda1,lambda2) = 0.00538163
cycle = 5  norm(lambda1,lambda2) = 0.001796
cycle = 6  norm(lambda1,lambda2) = 0.000719966
cycle = 7  norm(lambda1,lambda2) = 0.000324702
cycle = 8  norm(lambda1,lambda2) = 0.000120063
cycle = 9  norm(lambda1,lambda2) = 6.84178e-05
cycle = 10  norm(lambda1,lambda2) = 2.25048e-05
cycle = 11  norm(lambda1,lambda2) = 9.37784e-06
cycle = 12  norm(lambda1,lambda2) = 4.36418e-06
cycle = 13  norm(lambda1,lambda2) = 1.74661e-06
cycle = 14  norm(lambda1,lambda2) = 8.64853e-07
cycle = 15  norm(lambda1,lambda2) = 3.69498e-07
cycle = 16  norm(lambda1,lambda2) = 1.77999e-07
cycle = 17  norm(lambda1,lambda2) = 9.57255e-08
cycle = 18  norm(lambda1,lambda2) = 5.50256e-08
cycle = 19  norm(lambda1,lambda2) = 3.87131e-08
cycle = 20  norm(lambda1,lambda2) = 3.7346e-08
cycle = 21  norm(lambda1,lambda2) = 1.99726e-08
cycle = 22  norm(lambda1,lambda2) = 1.65112e-08
cycle = 23  norm(lambda1,lambda2) = 2.30292e-08
cycle = 24  norm(lambda1,lambda2) = 1.73907e-08
cycle = 25  norm(lambda1,lambda2) = 1.4681e-08
cycle = 26  norm(lambda1,lambda2) = 1.3152e-08
cycle = 27  norm(lambda1,lambda2) = 1.12003e-08
cycle = 28  norm(lambda1,lambda2) = 1.03417e-08
cycle = 29  norm(lambda1,lambda2) = 9.86941e-09
[2026-10-02 12:43:07] (T) lambda 19643 s, gradient 341 s
[2026-10-02 12:43:08] coordinate  8 p: E − E0 =    +25.49 µE_h, 23959 s  (3/144 gradients)
cycle = 1  norm(lambda1,lambda2) = 0.0909243
cycle = 2  norm(lambda1,lambda2) = 0.0273696
cycle = 3  norm(lambda1,lambda2) = 0.0132401
cycle = 4  norm(lambda1,lambda2) = 0.0053847
cycle = 5  norm(lambda1,lambda2) = 0.00179633
cycle = 6  norm(lambda1,lambda2) = 0.00072056
cycle = 7  norm(lambda1,lambda2) = 0.000325001
cycle = 8  norm(lambda1,lambda2) = 0.00012024
cycle = 9  norm(lambda1,lambda2) = 6.85324e-05
cycle = 10  norm(lambda1,lambda2) = 2.25506e-05
cycle = 11  norm(lambda1,lambda2) = 9.39844e-06
cycle = 12  norm(lambda1,lambda2) = 4.37477e-06
cycle = 13  norm(lambda1,lambda2) = 1.7502e-06
cycle = 14  norm(lambda1,lambda2) = 8.66847e-07
cycle = 15  norm(lambda1,lambda2) = 3.70302e-07
cycle = 16  norm(lambda1,lambda2) = 1.78451e-07
cycle = 17  norm(lambda1,lambda2) = 9.59269e-08
cycle = 18  norm(lambda1,lambda2) = 5.50869e-08
cycle = 19  norm(lambda1,lambda2) = 3.86756e-08
cycle = 20  norm(lambda1,lambda2) = 3.7332e-08
cycle = 21  norm(lambda1,lambda2) = 2.00125e-08
cycle = 22  norm(lambda1,lambda2) = 1.65521e-08
cycle = 23  norm(lambda1,lambda2) = 2.30146e-08
cycle = 24  norm(lambda1,lambda2) = 1.73676e-08
cycle = 25  norm(lambda1,lambda2) = 1.46738e-08
cycle = 26  norm(lambda1,lambda2) = 1.31455e-08
cycle = 27  norm(lambda1,lambda2) = 1.11932e-08
cycle = 28  norm(lambda1,lambda2) = 1.03262e-08
cycle = 29  norm(lambda1,lambda2) = 9.85865e-09
[2026-10-02 18:49:25] (T) lambda 18383 s, gradient 303 s
[2026-10-02 18:49:26] coordinate  8 m: E − E0 =    -16.14 µE_h, 21979 s  (5/144 gradients)
[2026-10-02 18:49:26] pair check coordinate  8: max |mean(g+, g−) − g0| = 5.6e-06 a.u. (limit 1e-04)
cycle = 1  norm(lambda1,lambda2) = 0.0909842
cycle = 2  norm(lambda1,lambda2) = 0.0273888
cycle = 3  norm(lambda1,lambda2) = 0.0132569
cycle = 4  norm(lambda1,lambda2) = 0.00539096
cycle = 5  norm(lambda1,lambda2) = 0.00179804
cycle = 6  norm(lambda1,lambda2) = 0.00072111
cycle = 7  norm(lambda1,lambda2) = 0.000325194
cycle = 8  norm(lambda1,lambda2) = 0.000120234
cycle = 9  norm(lambda1,lambda2) = 6.85336e-05
cycle = 10  norm(lambda1,lambda2) = 2.25457e-05
cycle = 11  norm(lambda1,lambda2) = 9.40007e-06
cycle = 12  norm(lambda1,lambda2) = 4.37889e-06
cycle = 13  norm(lambda1,lambda2) = 1.75504e-06
cycle = 14  norm(lambda1,lambda2) = 8.7262e-07
cycle = 15  norm(lambda1,lambda2) = 3.74852e-07
cycle = 16  norm(lambda1,lambda2) = 1.82266e-07
cycle = 17  norm(lambda1,lambda2) = 9.87962e-08
cycle = 18  norm(lambda1,lambda2) = 5.74155e-08
cycle = 19  norm(lambda1,lambda2) = 4.07389e-08
cycle = 20  norm(lambda1,lambda2) = 3.89616e-08
cycle = 21  norm(lambda1,lambda2) = 2.17187e-08
cycle = 22  norm(lambda1,lambda2) = 1.81341e-08
cycle = 23  norm(lambda1,lambda2) = 2.4742e-08
cycle = 24  norm(lambda1,lambda2) = 1.89608e-08
cycle = 25  norm(lambda1,lambda2) = 1.61053e-08
cycle = 26  norm(lambda1,lambda2) = 1.44198e-08
cycle = 27  norm(lambda1,lambda2) = 1.24058e-08
cycle = 28  norm(lambda1,lambda2) = 1.15066e-08
cycle = 29  norm(lambda1,lambda2) = 1.10014e-08
cycle = 30  norm(lambda1,lambda2) = 9.32596e-09
[2026-10-03 00:57:12] (T) lambda 18517 s, gradient 309 s
[2026-10-03 00:57:13] coordinate  9 p: E − E0 =     +9.35 µE_h, 22067 s  (9/144 gradients)
cycle = 1  norm(lambda1,lambda2) = 0.090851
cycle = 2  norm(lambda1,lambda2) = 0.0273477
cycle = 3  norm(lambda1,lambda2) = 0.0132201
cycle = 4  norm(lambda1,lambda2) = 0.0053756
cycle = 5  norm(lambda1,lambda2) = 0.00179447
cycle = 6  norm(lambda1,lambda2) = 0.000719542
cycle = 7  norm(lambda1,lambda2) = 0.000324562
cycle = 8  norm(lambda1,lambda2) = 0.000120118
cycle = 9  norm(lambda1,lambda2) = 6.84353e-05
cycle = 10  norm(lambda1,lambda2) = 2.25326e-05
cycle = 11  norm(lambda1,lambda2) = 9.38489e-06
cycle = 12  norm(lambda1,lambda2) = 4.37374e-06
cycle = 13  norm(lambda1,lambda2) = 1.74995e-06
cycle = 14  norm(lambda1,lambda2) = 8.69165e-07
cycle = 15  norm(lambda1,lambda2) = 3.72777e-07
cycle = 16  norm(lambda1,lambda2) = 1.81034e-07
cycle = 17  norm(lambda1,lambda2) = 9.78341e-08
cycle = 18  norm(lambda1,lambda2) = 5.67331e-08
cycle = 19  norm(lambda1,lambda2) = 4.02427e-08
cycle = 20  norm(lambda1,lambda2) = 3.84814e-08
cycle = 21  norm(lambda1,lambda2) = 2.14261e-08
cycle = 22  norm(lambda1,lambda2) = 1.78237e-08
cycle = 23  norm(lambda1,lambda2) = 2.44055e-08
cycle = 24  norm(lambda1,lambda2) = 1.86826e-08
cycle = 25  norm(lambda1,lambda2) = 1.58674e-08
cycle = 26  norm(lambda1,lambda2) = 1.42083e-08
cycle = 27  norm(lambda1,lambda2) = 1.22025e-08
cycle = 28  norm(lambda1,lambda2) = 1.13153e-08
cycle = 29  norm(lambda1,lambda2) = 1.08363e-08
cycle = 30  norm(lambda1,lambda2) = 9.1808e-09
[2026-10-03 07:09:50] (T) lambda 18741 s, gradient 365 s
[2026-10-03 07:09:51] coordinate  9 m: E − E0 =     +9.17 µE_h, 22358 s  (14/144 gradients)
[2026-10-03 07:09:51] pair check coordinate  9: max |mean(g+, g−) − g0| = 9.7e-06 a.u. (limit 1e-04)
cycle = 1  norm(lambda1,lambda2) = 0.0909407
cycle = 2  norm(lambda1,lambda2) = 0.027386
cycle = 3  norm(lambda1,lambda2) = 0.013246
cycle = 4  norm(lambda1,lambda2) = 0.00538325
cycle = 5  norm(lambda1,lambda2) = 0.00179823
cycle = 6  norm(lambda1,lambda2) = 0.000720313
cycle = 7  norm(lambda1,lambda2) = 0.000324843
cycle = 8  norm(lambda1,lambda2) = 0.000120151
cycle = 9  norm(lambda1,lambda2) = 6.84815e-05
cycle = 10  norm(lambda1,lambda2) = 2.25354e-05
cycle = 11  norm(lambda1,lambda2) = 9.38841e-06
cycle = 12  norm(lambda1,lambda2) = 4.37083e-06
cycle = 13  norm(lambda1,lambda2) = 1.75022e-06
cycle = 14  norm(lambda1,lambda2) = 8.67378e-07
cycle = 15  norm(lambda1,lambda2) = 3.71232e-07
cycle = 16  norm(lambda1,lambda2) = 1.79353e-07
cycle = 17  norm(lambda1,lambda2) = 9.67567e-08
cycle = 18  norm(lambda1,lambda2) = 5.58523e-08
cycle = 19  norm(lambda1,lambda2) = 3.94819e-08
cycle = 20  norm(lambda1,lambda2) = 3.79893e-08
cycle = 21  norm(lambda1,lambda2) = 2.06184e-08
cycle = 22  norm(lambda1,lambda2) = 1.70769e-08
cycle = 23  norm(lambda1,lambda2) = 2.36132e-08
cycle = 24  norm(lambda1,lambda2) = 1.79252e-08
cycle = 25  norm(lambda1,lambda2) = 1.51558e-08
cycle = 26  norm(lambda1,lambda2) = 1.35562e-08
cycle = 27  norm(lambda1,lambda2) = 1.15871e-08
cycle = 28  norm(lambda1,lambda2) = 1.07179e-08
cycle = 29  norm(lambda1,lambda2) = 1.02557e-08
cycle = 30  norm(lambda1,lambda2) = 8.62168e-09
[2026-10-03 13:22:21] (T) lambda 18734 s, gradient 313 s
[2026-10-03 13:22:22] coordinate 10 p: E − E0 =    +35.57 µE_h, 22351 s  (20/144 gradients)
cycle = 1  norm(lambda1,lambda2) = 0.0908942
cycle = 2  norm(lambda1,lambda2) = 0.0273502
cycle = 3  norm(lambda1,lambda2) = 0.0132309
cycle = 4  norm(lambda1,lambda2) = 0.00538317
cycle = 5  norm(lambda1,lambda2) = 0.00179412
cycle = 6  norm(lambda1,lambda2) = 0.000720257
cycle = 7  norm(lambda1,lambda2) = 0.000324877
cycle = 8  norm(lambda1,lambda2) = 0.000120165
cycle = 9  norm(lambda1,lambda2) = 6.84765e-05
cycle = 10  norm(lambda1,lambda2) = 2.2522e-05
cycle = 11  norm(lambda1,lambda2) = 9.39037e-06
cycle = 12  norm(lambda1,lambda2) = 4.36966e-06
cycle = 13  norm(lambda1,lambda2) = 1.74782e-06
cycle = 14  norm(lambda1,lambda2) = 8.66729e-07
cycle = 15  norm(lambda1,lambda2) = 3.70859e-07
cycle = 16  norm(lambda1,lambda2) = 1.79247e-07
cycle = 17  norm(lambda1,lambda2) = 9.66109e-08
cycle = 18  norm(lambda1,lambda2) = 5.57317e-08
cycle = 19  norm(lambda1,lambda2) = 3.93769e-08
cycle = 20  norm(lambda1,lambda2) = 3.78747e-08
cycle = 21  norm(lambda1,lambda2) = 2.0556e-08
cycle = 22  norm(lambda1,lambda2) = 1.70493e-08
cycle = 23  norm(lambda1,lambda2) = 2.35601e-08
cycle = 24  norm(lambda1,lambda2) = 1.78816e-08
cycle = 25  norm(lambda1,lambda2) = 1.51243e-08
cycle = 26  norm(lambda1,lambda2) = 1.35344e-08
cycle = 27  norm(lambda1,lambda2) = 1.15705e-08
cycle = 28  norm(lambda1,lambda2) = 1.06968e-08
cycle = 29  norm(lambda1,lambda2) = 1.02328e-08
cycle = 30  norm(lambda1,lambda2) = 8.60188e-09
[2026-10-03 19:29:51] (T) lambda 18428 s, gradient 314 s
[2026-10-03 19:29:52] coordinate 10 m: E − E0 =    -25.18 µE_h, 22050 s  (24/144 gradients)
[2026-10-03 19:29:52] pair check coordinate 10: max |mean(g+, g−) − g0| = 5.5e-06 a.u. (limit 1e-04)
cycle = 1  norm(lambda1,lambda2) = 0.0908934
cycle = 2  norm(lambda1,lambda2) = 0.0273514
cycle = 3  norm(lambda1,lambda2) = 0.0132307
cycle = 4  norm(lambda1,lambda2) = 0.00538266
cycle = 5  norm(lambda1,lambda2) = 0.00179431
cycle = 6  norm(lambda1,lambda2) = 0.000720204
cycle = 7  norm(lambda1,lambda2) = 0.000324851
cycle = 8  norm(lambda1,lambda2) = 0.000120159
cycle = 9  norm(lambda1,lambda2) = 6.84722e-05
cycle = 10  norm(lambda1,lambda2) = 2.25216e-05
cycle = 11  norm(lambda1,lambda2) = 9.38884e-06
cycle = 12  norm(lambda1,lambda2) = 4.36879e-06
cycle = 13  norm(lambda1,lambda2) = 1.7472e-06
cycle = 14  norm(lambda1,lambda2) = 8.65962e-07
cycle = 15  norm(lambda1,lambda2) = 3.70217e-07
cycle = 16  norm(lambda1,lambda2) = 1.78687e-07
cycle = 17  norm(lambda1,lambda2) = 9.61827e-08
cycle = 18  norm(lambda1,lambda2) = 5.53735e-08
cycle = 19  norm(lambda1,lambda2) = 3.89912e-08
cycle = 20  norm(lambda1,lambda2) = 3.75522e-08
cycle = 21  norm(lambda1,lambda2) = 2.02893e-08
cycle = 22  norm(lambda1,lambda2) = 1.67941e-08
cycle = 23  norm(lambda1,lambda2) = 2.32762e-08
cycle = 24  norm(lambda1,lambda2) = 1.76197e-08
cycle = 25  norm(lambda1,lambda2) = 1.48999e-08
cycle = 26  norm(lambda1,lambda2) = 1.33345e-08
cycle = 27  norm(lambda1,lambda2) = 1.13728e-08
cycle = 28  norm(lambda1,lambda2) = 1.05148e-08
cycle = 29  norm(lambda1,lambda2) = 1.00465e-08
cycle = 30  norm(lambda1,lambda2) = 8.42421e-09
[2026-10-04 01:39:14] (T) lambda 18563 s, gradient 307 s
[2026-10-04 01:39:14] coordinate 11 p: E − E0 =    -21.92 µE_h, 22163 s  (28/144 gradients)
cycle = 1  norm(lambda1,lambda2) = 0.0909417
cycle = 2  norm(lambda1,lambda2) = 0.0273848
cycle = 3  norm(lambda1,lambda2) = 0.0132461
cycle = 4  norm(lambda1,lambda2) = 0.00538375
cycle = 5  norm(lambda1,lambda2) = 0.00179805
cycle = 6  norm(lambda1,lambda2) = 0.000720355
cycle = 7  norm(lambda1,lambda2) = 0.000324863
cycle = 8  norm(lambda1,lambda2) = 0.000120153
cycle = 9  norm(lambda1,lambda2) = 6.84827e-05
cycle = 10  norm(lambda1,lambda2) = 2.25337e-05
cycle = 11  norm(lambda1,lambda2) = 9.38825e-06
cycle = 12  norm(lambda1,lambda2) = 4.37009e-06
cycle = 13  norm(lambda1,lambda2) = 1.74956e-06
cycle = 14  norm(lambda1,lambda2) = 8.66724e-07
cycle = 15  norm(lambda1,lambda2) = 3.70645e-07
cycle = 16  norm(lambda1,lambda2) = 1.78834e-07
cycle = 17  norm(lambda1,lambda2) = 9.63544e-08
cycle = 18  norm(lambda1,lambda2) = 5.54977e-08
cycle = 19  norm(lambda1,lambda2) = 3.90835e-08
cycle = 20  norm(lambda1,lambda2) = 3.76863e-08
cycle = 21  norm(lambda1,lambda2) = 2.03606e-08
cycle = 22  norm(lambda1,lambda2) = 1.68615e-08
cycle = 23  norm(lambda1,lambda2) = 2.3357e-08
cycle = 24  norm(lambda1,lambda2) = 1.76903e-08
cycle = 25  norm(lambda1,lambda2) = 1.49614e-08
cycle = 26  norm(lambda1,lambda2) = 1.33941e-08
cycle = 27  norm(lambda1,lambda2) = 1.14319e-08
cycle = 28  norm(lambda1,lambda2) = 1.05611e-08
cycle = 29  norm(lambda1,lambda2) = 1.00923e-08
cycle = 30  norm(lambda1,lambda2) = 8.46579e-09
[2026-10-04 07:45:42] (T) lambda 18379 s, gradient 310 s
[2026-10-04 07:45:43] coordinate 11 m: E − E0 =    +30.08 µE_h, 21989 s  (31/144 gradients)
[2026-10-04 07:45:43] pair check coordinate 11: max |mean(g+, g−) − g0| = 4.3e-06 a.u. (limit 1e-04)
cycle = 1  norm(lambda1,lambda2) = 0.0909183
cycle = 2  norm(lambda1,lambda2) = 0.0273684
cycle = 3  norm(lambda1,lambda2) = 0.0132386
cycle = 4  norm(lambda1,lambda2) = 0.00538337
cycle = 5  norm(lambda1,lambda2) = 0.00179629
cycle = 6  norm(lambda1,lambda2) = 0.000720374
cycle = 7  norm(lambda1,lambda2) = 0.000324896
cycle = 8  norm(lambda1,lambda2) = 0.000120195
cycle = 9  norm(lambda1,lambda2) = 6.84948e-05
cycle = 10  norm(lambda1,lambda2) = 2.25435e-05
cycle = 11  norm(lambda1,lambda2) = 9.39484e-06
cycle = 12  norm(lambda1,lambda2) = 4.37877e-06
cycle = 13  norm(lambda1,lambda2) = 1.75393e-06
cycle = 14  norm(lambda1,lambda2) = 8.74138e-07
cycle = 15  norm(lambda1,lambda2) = 3.76632e-07
cycle = 16  norm(lambda1,lambda2) = 1.84289e-07
cycle = 17  norm(lambda1,lambda2) = 1.00307e-07
cycle = 18  norm(lambda1,lambda2) = 5.87178e-08
cycle = 19  norm(lambda1,lambda2) = 4.19766e-08
cycle = 20  norm(lambda1,lambda2) = 3.99801e-08
cycle = 21  norm(lambda1,lambda2) = 2.28145e-08
cycle = 22  norm(lambda1,lambda2) = 1.90925e-08
cycle = 23  norm(lambda1,lambda2) = 2.58095e-08
cycle = 24  norm(lambda1,lambda2) = 1.99464e-08
cycle = 25  norm(lambda1,lambda2) = 1.69814e-08
cycle = 26  norm(lambda1,lambda2) = 1.51874e-08
cycle = 27  norm(lambda1,lambda2) = 1.31378e-08
cycle = 28  norm(lambda1,lambda2) = 1.22034e-08
cycle = 29  norm(lambda1,lambda2) = 1.17178e-08
cycle = 30  norm(lambda1,lambda2) = 1.00082e-08
cycle = 31  norm(lambda1,lambda2) = 8.87099e-09
[2026-10-04 13:56:06] (T) lambda 18623 s, gradient 306 s
[2026-10-04 13:56:07] coordinate 12 p: E − E0 =     +8.53 µE_h, 22223 s  (35/144 gradients)
cycle = 1  norm(lambda1,lambda2) = 0.0909169
cycle = 2  norm(lambda1,lambda2) = 0.027368
cycle = 3  norm(lambda1,lambda2) = 0.0132383
cycle = 4  norm(lambda1,lambda2) = 0.00538321
cycle = 5  norm(lambda1,lambda2) = 0.0017963
cycle = 6  norm(lambda1,lambda2) = 0.00072035
cycle = 7  norm(lambda1,lambda2) = 0.000324887
cycle = 8  norm(lambda1,lambda2) = 0.000120191
cycle = 9  norm(lambda1,lambda2) = 6.84922e-05
cycle = 10  norm(lambda1,lambda2) = 2.25427e-05
cycle = 11  norm(lambda1,lambda2) = 9.39448e-06
cycle = 12  norm(lambda1,lambda2) = 4.37858e-06
cycle = 13  norm(lambda1,lambda2) = 1.75387e-06
cycle = 14  norm(lambda1,lambda2) = 8.74085e-07
cycle = 15  norm(lambda1,lambda2) = 3.76614e-07
cycle = 16  norm(lambda1,lambda2) = 1.84275e-07
cycle = 17  norm(lambda1,lambda2) = 1.00301e-07
cycle = 18  norm(lambda1,lambda2) = 5.86996e-08
cycle = 19  norm(lambda1,lambda2) = 4.19593e-08
cycle = 20  norm(lambda1,lambda2) = 3.99294e-08
cycle = 21  norm(lambda1,lambda2) = 2.28217e-08
cycle = 22  norm(lambda1,lambda2) = 1.9096e-08
cycle = 23  norm(lambda1,lambda2) = 2.58162e-08
cycle = 24  norm(lambda1,lambda2) = 1.99568e-08
cycle = 25  norm(lambda1,lambda2) = 1.69978e-08
cycle = 26  norm(lambda1,lambda2) = 1.52032e-08
cycle = 27  norm(lambda1,lambda2) = 1.31461e-08
cycle = 28  norm(lambda1,lambda2) = 1.2212e-08
cycle = 29  norm(lambda1,lambda2) = 1.17257e-08
cycle = 30  norm(lambda1,lambda2) = 1.0016e-08
cycle = 31  norm(lambda1,lambda2) = 8.87854e-09
[2026-10-04 20:04:32] (T) lambda 18552 s, gradient 254 s
[2026-10-04 20:04:33] coordinate 12 m: E − E0 =     +9.44 µE_h, 22106 s  (40/144 gradients)
[2026-10-04 20:04:33] pair check coordinate 12: max |mean(g+, g−) − g0| = 1.2e-05 a.u. (limit 1e-04)
[2026-10-04 20:04:33] partial run done; merge grad_*.npy files and rerun without --ks to assemble the Hessian
