[2026-10-02 06:03:44] E8 FD Hessian: 24 atoms, cc-pvdz, frozen 14 (derived from the elements: 14), step 0.005 bohr, 144 displacements, 8 threads, max_memory 22000 MB, explicit (T) lambda, fast (T) density kernel, fast (T) lambda kernel
[2026-10-02 06:03:44] symmetry: 8 operations, orbits [[0, 1, 7, 8], [2, 6, 9, 13], [3, 5, 10, 12], [4, 11], [14, 15, 19, 20], [16, 18, 21, 23], [17, 22]], 21 displacements (42 gradients) instead of 144
[2026-10-02 06:03:44] partial run: displacement indices [0, 1, 2, 6, 7]
cycle = 1  norm(lambda1,lambda2) = 0.090978
cycle = 2  norm(lambda1,lambda2) = 0.0273878
cycle = 3  norm(lambda1,lambda2) = 0.0132559
cycle = 4  norm(lambda1,lambda2) = 0.00539187
cycle = 5  norm(lambda1,lambda2) = 0.00179913
cycle = 6  norm(lambda1,lambda2) = 0.000721388
cycle = 7  norm(lambda1,lambda2) = 0.000325446
cycle = 8  norm(lambda1,lambda2) = 0.000120385
cycle = 9  norm(lambda1,lambda2) = 6.86341e-05
cycle = 10  norm(lambda1,lambda2) = 2.25924e-05
cycle = 11  norm(lambda1,lambda2) = 9.42083e-06
cycle = 12  norm(lambda1,lambda2) = 4.38903e-06
cycle = 13  norm(lambda1,lambda2) = 1.76005e-06
cycle = 14  norm(lambda1,lambda2) = 8.71434e-07
cycle = 15  norm(lambda1,lambda2) = 3.73086e-07
cycle = 16  norm(lambda1,lambda2) = 1.80005e-07
cycle = 17  norm(lambda1,lambda2) = 9.69586e-08
cycle = 18  norm(lambda1,lambda2) = 5.57504e-08
cycle = 19  norm(lambda1,lambda2) = 3.92023e-08
cycle = 20  norm(lambda1,lambda2) = 3.77958e-08
cycle = 21  norm(lambda1,lambda2) = 2.03071e-08
cycle = 22  norm(lambda1,lambda2) = 1.6777e-08
cycle = 23  norm(lambda1,lambda2) = 2.33549e-08
cycle = 24  norm(lambda1,lambda2) = 1.76434e-08
cycle = 25  norm(lambda1,lambda2) = 1.49071e-08
cycle = 26  norm(lambda1,lambda2) = 1.33502e-08
cycle = 27  norm(lambda1,lambda2) = 1.13735e-08
cycle = 28  norm(lambda1,lambda2) = 1.05043e-08
cycle = 29  norm(lambda1,lambda2) = 1.00293e-08
cycle = 30  norm(lambda1,lambda2) = 8.39151e-09
[2026-10-02 12:43:09] (T) lambda 19671 s, gradient 332 s
[2026-10-02 12:43:10] coordinate  0 p: E − E0 =    -20.94 µE_h, 23966 s  (4/144 gradients)
cycle = 1  norm(lambda1,lambda2) = 0.0908534
cycle = 2  norm(lambda1,lambda2) = 0.0273482
cycle = 3  norm(lambda1,lambda2) = 0.0132208
cycle = 4  norm(lambda1,lambda2) = 0.00537455
cycle = 5  norm(lambda1,lambda2) = 0.00179326
cycle = 6  norm(lambda1,lambda2) = 0.00071917
cycle = 7  norm(lambda1,lambda2) = 0.000324271
cycle = 8  norm(lambda1,lambda2) = 0.000119927
cycle = 9  norm(lambda1,lambda2) = 6.83187e-05
cycle = 10  norm(lambda1,lambda2) = 2.2482e-05
cycle = 11  norm(lambda1,lambda2) = 9.36515e-06
cycle = 12  norm(lambda1,lambda2) = 4.36269e-06
cycle = 13  norm(lambda1,lambda2) = 1.74778e-06
cycle = 14  norm(lambda1,lambda2) = 8.64935e-07
cycle = 15  norm(lambda1,lambda2) = 3.69986e-07
cycle = 16  norm(lambda1,lambda2) = 1.78458e-07
cycle = 17  norm(lambda1,lambda2) = 9.59508e-08
cycle = 18  norm(lambda1,lambda2) = 5.52011e-08
cycle = 19  norm(lambda1,lambda2) = 3.88626e-08
cycle = 20  norm(lambda1,lambda2) = 3.74197e-08
cycle = 21  norm(lambda1,lambda2) = 2.00669e-08
cycle = 22  norm(lambda1,lambda2) = 1.65908e-08
cycle = 23  norm(lambda1,lambda2) = 2.31118e-08
cycle = 24  norm(lambda1,lambda2) = 1.74584e-08
cycle = 25  norm(lambda1,lambda2) = 1.47377e-08
cycle = 26  norm(lambda1,lambda2) = 1.31963e-08
cycle = 27  norm(lambda1,lambda2) = 1.12311e-08
cycle = 28  norm(lambda1,lambda2) = 1.03781e-08
cycle = 29  norm(lambda1,lambda2) = 9.91376e-09
[2026-10-02 18:54:46] (T) lambda 18680 s, gradient 309 s
[2026-10-02 18:54:47] coordinate  0 m: E − E0 =    +40.98 µE_h, 22297 s  (8/144 gradients)
[2026-10-02 18:54:47] pair check coordinate  0: max |mean(g+, g−) − g0| = 1.2e-05 a.u. (limit 1e-04)
cycle = 1  norm(lambda1,lambda2) = 0.0909655
cycle = 2  norm(lambda1,lambda2) = 0.0273784
cycle = 3  norm(lambda1,lambda2) = 0.01325
cycle = 4  norm(lambda1,lambda2) = 0.00538825
cycle = 5  norm(lambda1,lambda2) = 0.00179685
cycle = 6  norm(lambda1,lambda2) = 0.000720715
cycle = 7  norm(lambda1,lambda2) = 0.000325051
cycle = 8  norm(lambda1,lambda2) = 0.000120234
cycle = 9  norm(lambda1,lambda2) = 6.85327e-05
cycle = 10  norm(lambda1,lambda2) = 2.25424e-05
cycle = 11  norm(lambda1,lambda2) = 9.39749e-06
cycle = 12  norm(lambda1,lambda2) = 4.37408e-06
cycle = 13  norm(lambda1,lambda2) = 1.75042e-06
cycle = 14  norm(lambda1,lambda2) = 8.67615e-07
cycle = 15  norm(lambda1,lambda2) = 3.70798e-07
cycle = 16  norm(lambda1,lambda2) = 1.78933e-07
cycle = 17  norm(lambda1,lambda2) = 9.63395e-08
cycle = 18  norm(lambda1,lambda2) = 5.54564e-08
cycle = 19  norm(lambda1,lambda2) = 3.90618e-08
cycle = 20  norm(lambda1,lambda2) = 3.7682e-08
cycle = 21  norm(lambda1,lambda2) = 2.02098e-08
cycle = 22  norm(lambda1,lambda2) = 1.66989e-08
cycle = 23  norm(lambda1,lambda2) = 2.32625e-08
cycle = 24  norm(lambda1,lambda2) = 1.75875e-08
cycle = 25  norm(lambda1,lambda2) = 1.48531e-08
cycle = 26  norm(lambda1,lambda2) = 1.32805e-08
cycle = 27  norm(lambda1,lambda2) = 1.13188e-08
cycle = 28  norm(lambda1,lambda2) = 1.04551e-08
cycle = 29  norm(lambda1,lambda2) = 9.99675e-09
[2026-10-03 01:03:16] (T) lambda 18502 s, gradient 306 s
[2026-10-03 01:03:17] coordinate  1 p: E − E0 =    +13.43 µE_h, 22110 s  (12/144 gradients)
cycle = 1  norm(lambda1,lambda2) = 0.0908696
cycle = 2  norm(lambda1,lambda2) = 0.0273578
cycle = 3  norm(lambda1,lambda2) = 0.0132268
cycle = 4  norm(lambda1,lambda2) = 0.00537819
cycle = 5  norm(lambda1,lambda2) = 0.00179551
cycle = 6  norm(lambda1,lambda2) = 0.000719839
cycle = 7  norm(lambda1,lambda2) = 0.000324658
cycle = 8  norm(lambda1,lambda2) = 0.000120074
cycle = 9  norm(lambda1,lambda2) = 6.84201e-05
cycle = 10  norm(lambda1,lambda2) = 2.25154e-05
cycle = 11  norm(lambda1,lambda2) = 9.381e-06
cycle = 12  norm(lambda1,lambda2) = 4.36657e-06
cycle = 13  norm(lambda1,lambda2) = 1.7482e-06
cycle = 14  norm(lambda1,lambda2) = 8.6508e-07
cycle = 15  norm(lambda1,lambda2) = 3.69925e-07
cycle = 16  norm(lambda1,lambda2) = 1.78262e-07
cycle = 17  norm(lambda1,lambda2) = 9.58867e-08
cycle = 18  norm(lambda1,lambda2) = 5.51901e-08
cycle = 19  norm(lambda1,lambda2) = 3.88734e-08
cycle = 20  norm(lambda1,lambda2) = 3.7511e-08
cycle = 21  norm(lambda1,lambda2) = 2.01032e-08
cycle = 22  norm(lambda1,lambda2) = 1.66281e-08
cycle = 23  norm(lambda1,lambda2) = 2.31744e-08
cycle = 24  norm(lambda1,lambda2) = 1.75257e-08
cycle = 25  norm(lambda1,lambda2) = 1.48037e-08
cycle = 26  norm(lambda1,lambda2) = 1.32447e-08
cycle = 27  norm(lambda1,lambda2) = 1.1288e-08
cycle = 28  norm(lambda1,lambda2) = 1.04365e-08
cycle = 29  norm(lambda1,lambda2) = 9.9665e-09
[2026-10-03 07:11:03] (T) lambda 18477 s, gradient 316 s
[2026-10-03 07:11:04] coordinate  1 m: E − E0 =     -2.56 µE_h, 22067 s  (16/144 gradients)
[2026-10-03 07:11:04] pair check coordinate  1: max |mean(g+, g−) − g0| = 6.5e-06 a.u. (limit 1e-04)
cycle = 1  norm(lambda1,lambda2) = 0.0908722
cycle = 2  norm(lambda1,lambda2) = 0.0273579
cycle = 3  norm(lambda1,lambda2) = 0.0132273
cycle = 4  norm(lambda1,lambda2) = 0.00537833
cycle = 5  norm(lambda1,lambda2) = 0.00179541
cycle = 6  norm(lambda1,lambda2) = 0.000719826
cycle = 7  norm(lambda1,lambda2) = 0.000324646
cycle = 8  norm(lambda1,lambda2) = 0.000120069
cycle = 9  norm(lambda1,lambda2) = 6.84174e-05
cycle = 10  norm(lambda1,lambda2) = 2.25125e-05
cycle = 11  norm(lambda1,lambda2) = 9.3797e-06
cycle = 12  norm(lambda1,lambda2) = 4.36545e-06
cycle = 13  norm(lambda1,lambda2) = 1.74726e-06
cycle = 14  norm(lambda1,lambda2) = 8.64737e-07
cycle = 15  norm(lambda1,lambda2) = 3.69654e-07
cycle = 16  norm(lambda1,lambda2) = 1.78104e-07
cycle = 17  norm(lambda1,lambda2) = 9.57828e-08
cycle = 18  norm(lambda1,lambda2) = 5.51165e-08
cycle = 19  norm(lambda1,lambda2) = 3.88057e-08
cycle = 20  norm(lambda1,lambda2) = 3.74153e-08
cycle = 21  norm(lambda1,lambda2) = 2.0058e-08
cycle = 22  norm(lambda1,lambda2) = 1.6594e-08
cycle = 23  norm(lambda1,lambda2) = 2.31178e-08
cycle = 24  norm(lambda1,lambda2) = 1.74746e-08
cycle = 25  norm(lambda1,lambda2) = 1.47538e-08
cycle = 26  norm(lambda1,lambda2) = 1.32144e-08
cycle = 27  norm(lambda1,lambda2) = 1.12631e-08
cycle = 28  norm(lambda1,lambda2) = 1.0408e-08
cycle = 29  norm(lambda1,lambda2) = 9.93542e-09
[2026-10-03 13:19:56] (T) lambda 18544 s, gradient 308 s
[2026-10-03 13:19:57] coordinate  2 p: E − E0 =     -0.45 µE_h, 22133 s  (19/144 gradients)
cycle = 1  norm(lambda1,lambda2) = 0.0909627
cycle = 2  norm(lambda1,lambda2) = 0.0273782
cycle = 3  norm(lambda1,lambda2) = 0.0132495
cycle = 4  norm(lambda1,lambda2) = 0.0053881
cycle = 5  norm(lambda1,lambda2) = 0.00179695
cycle = 6  norm(lambda1,lambda2) = 0.000720725
cycle = 7  norm(lambda1,lambda2) = 0.000325062
cycle = 8  norm(lambda1,lambda2) = 0.000120237
cycle = 9  norm(lambda1,lambda2) = 6.85349e-05
cycle = 10  norm(lambda1,lambda2) = 2.25429e-05
cycle = 11  norm(lambda1,lambda2) = 9.39749e-06
cycle = 12  norm(lambda1,lambda2) = 4.37359e-06
cycle = 13  norm(lambda1,lambda2) = 1.74992e-06
cycle = 14  norm(lambda1,lambda2) = 8.67318e-07
cycle = 15  norm(lambda1,lambda2) = 3.70591e-07
cycle = 16  norm(lambda1,lambda2) = 1.78772e-07
cycle = 17  norm(lambda1,lambda2) = 9.6231e-08
cycle = 18  norm(lambda1,lambda2) = 5.53562e-08
cycle = 19  norm(lambda1,lambda2) = 3.89811e-08
cycle = 20  norm(lambda1,lambda2) = 3.75793e-08
cycle = 21  norm(lambda1,lambda2) = 2.01731e-08
cycle = 22  norm(lambda1,lambda2) = 1.66786e-08
cycle = 23  norm(lambda1,lambda2) = 2.31983e-08
cycle = 24  norm(lambda1,lambda2) = 1.75306e-08
cycle = 25  norm(lambda1,lambda2) = 1.48021e-08
cycle = 26  norm(lambda1,lambda2) = 1.32496e-08
cycle = 27  norm(lambda1,lambda2) = 1.12936e-08
cycle = 28  norm(lambda1,lambda2) = 1.04259e-08
cycle = 29  norm(lambda1,lambda2) = 9.96295e-09
[2026-10-03 19:27:48] (T) lambda 18449 s, gradient 329 s
[2026-10-03 19:27:49] coordinate  2 m: E − E0 =     +9.07 µE_h, 22072 s  (22/144 gradients)
[2026-10-03 19:27:49] pair check coordinate  2: max |mean(g+, g−) − g0| = 4.7e-06 a.u. (limit 1e-04)
cycle = 1  norm(lambda1,lambda2) = 0.0908299
cycle = 2  norm(lambda1,lambda2) = 0.0273412
cycle = 3  norm(lambda1,lambda2) = 0.0132143
cycle = 4  norm(lambda1,lambda2) = 0.00537313
cycle = 5  norm(lambda1,lambda2) = 0.0017928
cycle = 6  norm(lambda1,lambda2) = 0.000719222
cycle = 7  norm(lambda1,lambda2) = 0.00032432
cycle = 8  norm(lambda1,lambda2) = 0.000119998
cycle = 9  norm(lambda1,lambda2) = 6.83494e-05
cycle = 10  norm(lambda1,lambda2) = 2.24968e-05
cycle = 11  norm(lambda1,lambda2) = 9.36736e-06
cycle = 12  norm(lambda1,lambda2) = 4.36183e-06
cycle = 13  norm(lambda1,lambda2) = 1.74407e-06
cycle = 14  norm(lambda1,lambda2) = 8.64146e-07
cycle = 15  norm(lambda1,lambda2) = 3.69492e-07
cycle = 16  norm(lambda1,lambda2) = 1.78476e-07
cycle = 17  norm(lambda1,lambda2) = 9.60102e-08
cycle = 18  norm(lambda1,lambda2) = 5.53332e-08
cycle = 19  norm(lambda1,lambda2) = 3.89911e-08
cycle = 20  norm(lambda1,lambda2) = 3.75031e-08
cycle = 21  norm(lambda1,lambda2) = 2.03361e-08
cycle = 22  norm(lambda1,lambda2) = 1.68797e-08
cycle = 23  norm(lambda1,lambda2) = 2.33564e-08
cycle = 24  norm(lambda1,lambda2) = 1.77169e-08
cycle = 25  norm(lambda1,lambda2) = 1.49989e-08
cycle = 26  norm(lambda1,lambda2) = 1.34344e-08
cycle = 27  norm(lambda1,lambda2) = 1.14737e-08
cycle = 28  norm(lambda1,lambda2) = 1.06073e-08
cycle = 29  norm(lambda1,lambda2) = 1.01336e-08
cycle = 30  norm(lambda1,lambda2) = 8.51239e-09
[2026-10-04 01:38:43] (T) lambda 18672 s, gradient 308 s
[2026-10-04 01:38:44] coordinate  6 p: E − E0 =    +19.11 µE_h, 22256 s  (27/144 gradients)
cycle = 1  norm(lambda1,lambda2) = 0.0910023
cycle = 2  norm(lambda1,lambda2) = 0.0273949
cycle = 3  norm(lambda1,lambda2) = 0.0132625
cycle = 4  norm(lambda1,lambda2) = 0.00539334
cycle = 5  norm(lambda1,lambda2) = 0.00179959
cycle = 6  norm(lambda1,lambda2) = 0.000721346
cycle = 7  norm(lambda1,lambda2) = 0.000325396
cycle = 8  norm(lambda1,lambda2) = 0.000120314
cycle = 9  norm(lambda1,lambda2) = 6.86041e-05
cycle = 10  norm(lambda1,lambda2) = 2.25645e-05
cycle = 11  norm(lambda1,lambda2) = 9.41161e-06
cycle = 12  norm(lambda1,lambda2) = 4.38044e-06
cycle = 13  norm(lambda1,lambda2) = 1.75475e-06
cycle = 14  norm(lambda1,lambda2) = 8.7018e-07
cycle = 15  norm(lambda1,lambda2) = 3.72504e-07
cycle = 16  norm(lambda1,lambda2) = 1.79931e-07
cycle = 17  norm(lambda1,lambda2) = 9.71348e-08
cycle = 18  norm(lambda1,lambda2) = 5.59972e-08
cycle = 19  norm(lambda1,lambda2) = 3.95473e-08
cycle = 20  norm(lambda1,lambda2) = 3.80066e-08
cycle = 21  norm(lambda1,lambda2) = 2.06127e-08
cycle = 22  norm(lambda1,lambda2) = 1.70302e-08
cycle = 23  norm(lambda1,lambda2) = 2.36426e-08
cycle = 24  norm(lambda1,lambda2) = 1.79364e-08
cycle = 25  norm(lambda1,lambda2) = 1.51707e-08
cycle = 26  norm(lambda1,lambda2) = 1.3565e-08
cycle = 27  norm(lambda1,lambda2) = 1.15726e-08
cycle = 28  norm(lambda1,lambda2) = 1.06907e-08
cycle = 29  norm(lambda1,lambda2) = 1.02438e-08
cycle = 30  norm(lambda1,lambda2) = 8.6028e-09
[2026-10-04 07:48:04] (T) lambda 18548 s, gradient 312 s
[2026-10-04 07:48:05] coordinate  6 m: E − E0 =     -0.96 µE_h, 22160 s  (32/144 gradients)
[2026-10-04 07:48:05] pair check coordinate  6: max |mean(g+, g−) − g0| = 1.2e-05 a.u. (limit 1e-04)
cycle = 1  norm(lambda1,lambda2) = 0.0909326
cycle = 2  norm(lambda1,lambda2) = 0.0273722
cycle = 3  norm(lambda1,lambda2) = 0.0132423
cycle = 4  norm(lambda1,lambda2) = 0.00538575
cycle = 5  norm(lambda1,lambda2) = 0.00179662
cycle = 6  norm(lambda1,lambda2) = 0.000720696
cycle = 7  norm(lambda1,lambda2) = 0.000325069
cycle = 8  norm(lambda1,lambda2) = 0.000120268
cycle = 9  norm(lambda1,lambda2) = 6.85522e-05
cycle = 10  norm(lambda1,lambda2) = 2.25575e-05
cycle = 11  norm(lambda1,lambda2) = 9.40216e-06
cycle = 12  norm(lambda1,lambda2) = 4.37668e-06
cycle = 13  norm(lambda1,lambda2) = 1.75117e-06
cycle = 14  norm(lambda1,lambda2) = 8.67336e-07
cycle = 15  norm(lambda1,lambda2) = 3.70548e-07
cycle = 16  norm(lambda1,lambda2) = 1.78577e-07
cycle = 17  norm(lambda1,lambda2) = 9.60048e-08
cycle = 18  norm(lambda1,lambda2) = 5.5153e-08
cycle = 19  norm(lambda1,lambda2) = 3.87758e-08
cycle = 20  norm(lambda1,lambda2) = 3.74306e-08
cycle = 21  norm(lambda1,lambda2) = 2.00131e-08
cycle = 22  norm(lambda1,lambda2) = 1.65367e-08
cycle = 23  norm(lambda1,lambda2) = 2.30338e-08
cycle = 24  norm(lambda1,lambda2) = 1.73787e-08
cycle = 25  norm(lambda1,lambda2) = 1.46656e-08
cycle = 26  norm(lambda1,lambda2) = 1.31336e-08
cycle = 27  norm(lambda1,lambda2) = 1.11817e-08
cycle = 28  norm(lambda1,lambda2) = 1.03188e-08
cycle = 29  norm(lambda1,lambda2) = 9.85602e-09
[2026-10-04 13:56:39] (T) lambda 18502 s, gradient 303 s
[2026-10-04 13:56:40] coordinate  7 p: E − E0 =    -19.06 µE_h, 22115 s  (36/144 gradients)
cycle = 1  norm(lambda1,lambda2) = 0.0909013
cycle = 2  norm(lambda1,lambda2) = 0.0273634
cycle = 3  norm(lambda1,lambda2) = 0.0132343
cycle = 4  norm(lambda1,lambda2) = 0.00538059
cycle = 5  norm(lambda1,lambda2) = 0.00179571
cycle = 6  norm(lambda1,lambda2) = 0.000719835
cycle = 7  norm(lambda1,lambda2) = 0.000324635
cycle = 8  norm(lambda1,lambda2) = 0.000120036
cycle = 9  norm(lambda1,lambda2) = 6.83983e-05
cycle = 10  norm(lambda1,lambda2) = 2.24987e-05
cycle = 11  norm(lambda1,lambda2) = 9.37463e-06
cycle = 12  norm(lambda1,lambda2) = 4.36284e-06
cycle = 13  norm(lambda1,lambda2) = 1.74615e-06
cycle = 14  norm(lambda1,lambda2) = 8.64543e-07
cycle = 15  norm(lambda1,lambda2) = 3.69378e-07
cycle = 16  norm(lambda1,lambda2) = 1.77939e-07
cycle = 17  norm(lambda1,lambda2) = 9.56849e-08
cycle = 18  norm(lambda1,lambda2) = 5.50152e-08
cycle = 19  norm(lambda1,lambda2) = 3.87279e-08
cycle = 20  norm(lambda1,lambda2) = 3.73146e-08
cycle = 21  norm(lambda1,lambda2) = 1.99505e-08
cycle = 22  norm(lambda1,lambda2) = 1.64538e-08
cycle = 23  norm(lambda1,lambda2) = 2.29904e-08
cycle = 24  norm(lambda1,lambda2) = 1.73511e-08
cycle = 25  norm(lambda1,lambda2) = 1.46363e-08
cycle = 26  norm(lambda1,lambda2) = 1.30981e-08
cycle = 27  norm(lambda1,lambda2) = 1.1138e-08
cycle = 28  norm(lambda1,lambda2) = 1.02636e-08
cycle = 29  norm(lambda1,lambda2) = 9.83028e-09
[2026-10-04 20:02:39] (T) lambda 18399 s, gradient 268 s
[2026-10-04 20:02:40] coordinate  7 m: E − E0 =    +31.16 µE_h, 21960 s  (39/144 gradients)
[2026-10-04 20:02:40] pair check coordinate  7: max |mean(g+, g−) − g0| = 6.9e-06 a.u. (limit 1e-04)
[2026-10-04 20:02:40] partial run done; merge grad_*.npy files and rerun without --ks to assemble the Hessian
