[2026-10-02 06:03:54] E8 FD Hessian: 24 atoms, cc-pvdz, frozen 14 (derived from the elements: 14), step 0.005 bohr, 144 displacements, 8 threads, max_memory 22000 MB, explicit (T) lambda, fast (T) density kernel, fast (T) lambda kernel
[2026-10-02 06:03:54] symmetry: 8 operations, orbits [[0, 1, 7, 8], [2, 6, 9, 13], [3, 5, 10, 12], [4, 11], [14, 15, 19, 20], [16, 18, 21, 23], [17, 22]], 21 displacements (42 gradients) instead of 144
[2026-10-02 06:03:54] partial run: displacement indices [13, 14, 42, 43, 44]
cycle = 1  norm(lambda1,lambda2) = 0.0909476
cycle = 2  norm(lambda1,lambda2) = 0.0273761
cycle = 3  norm(lambda1,lambda2) = 0.0132471
cycle = 4  norm(lambda1,lambda2) = 0.00538706
cycle = 5  norm(lambda1,lambda2) = 0.00179603
cycle = 6  norm(lambda1,lambda2) = 0.000720823
cycle = 7  norm(lambda1,lambda2) = 0.00032506
cycle = 8  norm(lambda1,lambda2) = 0.000120245
cycle = 9  norm(lambda1,lambda2) = 6.85371e-05
cycle = 10  norm(lambda1,lambda2) = 2.25445e-05
cycle = 11  norm(lambda1,lambda2) = 9.39634e-06
cycle = 12  norm(lambda1,lambda2) = 4.3736e-06
cycle = 13  norm(lambda1,lambda2) = 1.74981e-06
cycle = 14  norm(lambda1,lambda2) = 8.67102e-07
cycle = 15  norm(lambda1,lambda2) = 3.70396e-07
cycle = 16  norm(lambda1,lambda2) = 1.78612e-07
cycle = 17  norm(lambda1,lambda2) = 9.60372e-08
cycle = 18  norm(lambda1,lambda2) = 5.51743e-08
cycle = 19  norm(lambda1,lambda2) = 3.88032e-08
cycle = 20  norm(lambda1,lambda2) = 3.74394e-08
cycle = 21  norm(lambda1,lambda2) = 2.00458e-08
cycle = 22  norm(lambda1,lambda2) = 1.65672e-08
cycle = 23  norm(lambda1,lambda2) = 2.30686e-08
cycle = 24  norm(lambda1,lambda2) = 1.74162e-08
cycle = 25  norm(lambda1,lambda2) = 1.47033e-08
cycle = 26  norm(lambda1,lambda2) = 1.31704e-08
cycle = 27  norm(lambda1,lambda2) = 1.12104e-08
cycle = 28  norm(lambda1,lambda2) = 1.03432e-08
cycle = 29  norm(lambda1,lambda2) = 9.87885e-09
[2026-10-02 12:42:49] (T) lambda 19592 s, gradient 374 s
[2026-10-02 12:42:50] coordinate 13 p: E − E0 =    -16.19 µE_h, 23935 s  (2/144 gradients)
cycle = 1  norm(lambda1,lambda2) = 0.0908821
cycle = 2  norm(lambda1,lambda2) = 0.0273584
cycle = 3  norm(lambda1,lambda2) = 0.0132288
cycle = 4  norm(lambda1,lambda2) = 0.00537911
cycle = 5  norm(lambda1,lambda2) = 0.0017962
cycle = 6  norm(lambda1,lambda2) = 0.000719646
cycle = 7  norm(lambda1,lambda2) = 0.000324632
cycle = 8  norm(lambda1,lambda2) = 0.000120053
cycle = 9  norm(lambda1,lambda2) = 6.84085e-05
cycle = 10  norm(lambda1,lambda2) = 2.25095e-05
cycle = 11  norm(lambda1,lambda2) = 9.37913e-06
cycle = 12  norm(lambda1,lambda2) = 4.36482e-06
cycle = 13  norm(lambda1,lambda2) = 1.74652e-06
cycle = 14  norm(lambda1,lambda2) = 8.64463e-07
cycle = 15  norm(lambda1,lambda2) = 3.69293e-07
cycle = 16  norm(lambda1,lambda2) = 1.77784e-07
cycle = 17  norm(lambda1,lambda2) = 9.55863e-08
cycle = 18  norm(lambda1,lambda2) = 5.49298e-08
cycle = 19  norm(lambda1,lambda2) = 3.85859e-08
cycle = 20  norm(lambda1,lambda2) = 3.72174e-08
cycle = 21  norm(lambda1,lambda2) = 1.99256e-08
cycle = 22  norm(lambda1,lambda2) = 1.64444e-08
cycle = 23  norm(lambda1,lambda2) = 2.29355e-08
cycle = 24  norm(lambda1,lambda2) = 1.73012e-08
cycle = 25  norm(lambda1,lambda2) = 1.46062e-08
cycle = 26  norm(lambda1,lambda2) = 1.30749e-08
cycle = 27  norm(lambda1,lambda2) = 1.11217e-08
cycle = 28  norm(lambda1,lambda2) = 1.02477e-08
cycle = 29  norm(lambda1,lambda2) = 9.81065e-09
[2026-10-02 18:51:55] (T) lambda 18538 s, gradient 320 s
[2026-10-02 18:51:56] coordinate 13 m: E − E0 =    +27.87 µE_h, 22146 s  (6/144 gradients)
[2026-10-02 18:51:56] pair check coordinate 13: max |mean(g+, g−) − g0| = 6.9e-06 a.u. (limit 1e-04)
cycle = 1  norm(lambda1,lambda2) = 0.0908855
cycle = 2  norm(lambda1,lambda2) = 0.0273594
cycle = 3  norm(lambda1,lambda2) = 0.0132299
cycle = 4  norm(lambda1,lambda2) = 0.00537964
cycle = 5  norm(lambda1,lambda2) = 0.00179617
cycle = 6  norm(lambda1,lambda2) = 0.000719714
cycle = 7  norm(lambda1,lambda2) = 0.000324659
cycle = 8  norm(lambda1,lambda2) = 0.000120065
cycle = 9  norm(lambda1,lambda2) = 6.84164e-05
cycle = 10  norm(lambda1,lambda2) = 2.25114e-05
cycle = 11  norm(lambda1,lambda2) = 9.38006e-06
cycle = 12  norm(lambda1,lambda2) = 4.36514e-06
cycle = 13  norm(lambda1,lambda2) = 1.74652e-06
cycle = 14  norm(lambda1,lambda2) = 8.64543e-07
cycle = 15  norm(lambda1,lambda2) = 3.69299e-07
cycle = 16  norm(lambda1,lambda2) = 1.77798e-07
cycle = 17  norm(lambda1,lambda2) = 9.55931e-08
cycle = 18  norm(lambda1,lambda2) = 5.49157e-08
cycle = 19  norm(lambda1,lambda2) = 3.85759e-08
cycle = 20  norm(lambda1,lambda2) = 3.72132e-08
cycle = 21  norm(lambda1,lambda2) = 1.99325e-08
cycle = 22  norm(lambda1,lambda2) = 1.6444e-08
cycle = 23  norm(lambda1,lambda2) = 2.29207e-08
cycle = 24  norm(lambda1,lambda2) = 1.72868e-08
cycle = 25  norm(lambda1,lambda2) = 1.4593e-08
cycle = 26  norm(lambda1,lambda2) = 1.30644e-08
cycle = 27  norm(lambda1,lambda2) = 1.11125e-08
cycle = 28  norm(lambda1,lambda2) = 1.02375e-08
cycle = 29  norm(lambda1,lambda2) = 9.80015e-09
[2026-10-03 01:00:21] (T) lambda 18517 s, gradient 312 s
[2026-10-03 01:00:22] coordinate 14 p: E − E0 =    +23.45 µE_h, 22106 s  (10/144 gradients)
cycle = 1  norm(lambda1,lambda2) = 0.0909421
cycle = 2  norm(lambda1,lambda2) = 0.0273747
cycle = 3  norm(lambda1,lambda2) = 0.0132456
cycle = 4  norm(lambda1,lambda2) = 0.00538647
cycle = 5  norm(lambda1,lambda2) = 0.00179603
cycle = 6  norm(lambda1,lambda2) = 0.000720729
cycle = 7  norm(lambda1,lambda2) = 0.000325027
cycle = 8  norm(lambda1,lambda2) = 0.00012023
cycle = 9  norm(lambda1,lambda2) = 6.85272e-05
cycle = 10  norm(lambda1,lambda2) = 2.25415e-05
cycle = 11  norm(lambda1,lambda2) = 9.39485e-06
cycle = 12  norm(lambda1,lambda2) = 4.37269e-06
cycle = 13  norm(lambda1,lambda2) = 1.74935e-06
cycle = 14  norm(lambda1,lambda2) = 8.66812e-07
cycle = 15  norm(lambda1,lambda2) = 3.70249e-07
cycle = 16  norm(lambda1,lambda2) = 1.78511e-07
cycle = 17  norm(lambda1,lambda2) = 9.59811e-08
cycle = 18  norm(lambda1,lambda2) = 5.51598e-08
cycle = 19  norm(lambda1,lambda2) = 3.8813e-08
cycle = 20  norm(lambda1,lambda2) = 3.74138e-08
cycle = 21  norm(lambda1,lambda2) = 2.0012e-08
cycle = 22  norm(lambda1,lambda2) = 1.65371e-08
cycle = 23  norm(lambda1,lambda2) = 2.30789e-08
cycle = 24  norm(lambda1,lambda2) = 1.74277e-08
cycle = 25  norm(lambda1,lambda2) = 1.47114e-08
cycle = 26  norm(lambda1,lambda2) = 1.31755e-08
cycle = 27  norm(lambda1,lambda2) = 1.1215e-08
cycle = 28  norm(lambda1,lambda2) = 1.03498e-08
cycle = 29  norm(lambda1,lambda2) = 9.88625e-09
[2026-10-03 07:10:48] (T) lambda 18615 s, gradient 337 s
[2026-10-03 07:10:49] coordinate 14 m: E − E0 =    -14.33 µE_h, 22227 s  (15/144 gradients)
[2026-10-03 07:10:49] pair check coordinate 14: max |mean(g+, g−) − g0| = 5.6e-06 a.u. (limit 1e-04)
cycle = 1  norm(lambda1,lambda2) = 0.0909224
cycle = 2  norm(lambda1,lambda2) = 0.0273699
cycle = 3  norm(lambda1,lambda2) = 0.0132392
cycle = 4  norm(lambda1,lambda2) = 0.00538336
cycle = 5  norm(lambda1,lambda2) = 0.0017964
cycle = 6  norm(lambda1,lambda2) = 0.000720311
cycle = 7  norm(lambda1,lambda2) = 0.000324878
cycle = 8  norm(lambda1,lambda2) = 0.000120155
cycle = 9  norm(lambda1,lambda2) = 6.84782e-05
cycle = 10  norm(lambda1,lambda2) = 2.25271e-05
cycle = 11  norm(lambda1,lambda2) = 9.38857e-06
cycle = 12  norm(lambda1,lambda2) = 4.36886e-06
cycle = 13  norm(lambda1,lambda2) = 1.74767e-06
cycle = 14  norm(lambda1,lambda2) = 8.65561e-07
cycle = 15  norm(lambda1,lambda2) = 3.69679e-07
cycle = 16  norm(lambda1,lambda2) = 1.78085e-07
cycle = 17  norm(lambda1,lambda2) = 9.57437e-08
cycle = 18  norm(lambda1,lambda2) = 5.50327e-08
cycle = 19  norm(lambda1,lambda2) = 3.87116e-08
cycle = 20  norm(lambda1,lambda2) = 3.73636e-08
cycle = 21  norm(lambda1,lambda2) = 1.99544e-08
cycle = 22  norm(lambda1,lambda2) = 1.64865e-08
cycle = 23  norm(lambda1,lambda2) = 2.30276e-08
cycle = 24  norm(lambda1,lambda2) = 1.73878e-08
cycle = 25  norm(lambda1,lambda2) = 1.46818e-08
cycle = 26  norm(lambda1,lambda2) = 1.31373e-08
cycle = 27  norm(lambda1,lambda2) = 1.11879e-08
cycle = 28  norm(lambda1,lambda2) = 1.03333e-08
cycle = 29  norm(lambda1,lambda2) = 9.86489e-09
[2026-10-03 13:19:28] (T) lambda 18529 s, gradient 310 s
[2026-10-03 13:19:29] coordinate 42 p: E − E0 =    -30.05 µE_h, 22120 s  (18/144 gradients)
cycle = 1  norm(lambda1,lambda2) = 0.0909135
cycle = 2  norm(lambda1,lambda2) = 0.0273664
cycle = 3  norm(lambda1,lambda2) = 0.0132376
cycle = 4  norm(lambda1,lambda2) = 0.00538301
cycle = 5  norm(lambda1,lambda2) = 0.00179595
cycle = 6  norm(lambda1,lambda2) = 0.000720234
cycle = 7  norm(lambda1,lambda2) = 0.000324827
cycle = 8  norm(lambda1,lambda2) = 0.00012015
cycle = 9  norm(lambda1,lambda2) = 6.84722e-05
cycle = 10  norm(lambda1,lambda2) = 2.25249e-05
cycle = 11  norm(lambda1,lambda2) = 9.38622e-06
cycle = 12  norm(lambda1,lambda2) = 4.36802e-06
cycle = 13  norm(lambda1,lambda2) = 1.74733e-06
cycle = 14  norm(lambda1,lambda2) = 8.65363e-07
cycle = 15  norm(lambda1,lambda2) = 3.696e-07
cycle = 16  norm(lambda1,lambda2) = 1.78057e-07
cycle = 17  norm(lambda1,lambda2) = 9.57145e-08
cycle = 18  norm(lambda1,lambda2) = 5.49864e-08
cycle = 19  norm(lambda1,lambda2) = 3.87011e-08
cycle = 20  norm(lambda1,lambda2) = 3.73726e-08
cycle = 21  norm(lambda1,lambda2) = 1.9966e-08
cycle = 22  norm(lambda1,lambda2) = 1.65086e-08
cycle = 23  norm(lambda1,lambda2) = 2.30287e-08
cycle = 24  norm(lambda1,lambda2) = 1.73936e-08
cycle = 25  norm(lambda1,lambda2) = 1.4694e-08
cycle = 26  norm(lambda1,lambda2) = 1.31463e-08
cycle = 27  norm(lambda1,lambda2) = 1.11979e-08
cycle = 28  norm(lambda1,lambda2) = 1.03414e-08
cycle = 29  norm(lambda1,lambda2) = 9.87042e-09
[2026-10-03 19:28:57] (T) lambda 18573 s, gradient 314 s
[2026-10-03 19:28:58] coordinate 42 m: E − E0 =    +37.50 µE_h, 22169 s  (23/144 gradients)
[2026-10-03 19:28:58] pair check coordinate 42: max |mean(g+, g−) − g0| = 8.3e-06 a.u. (limit 1e-04)
cycle = 1  norm(lambda1,lambda2) = 0.0909169
cycle = 2  norm(lambda1,lambda2) = 0.0273678
cycle = 3  norm(lambda1,lambda2) = 0.0132384
cycle = 4  norm(lambda1,lambda2) = 0.00538327
cycle = 5  norm(lambda1,lambda2) = 0.0017961
cycle = 6  norm(lambda1,lambda2) = 0.00072028
cycle = 7  norm(lambda1,lambda2) = 0.000324854
cycle = 8  norm(lambda1,lambda2) = 0.000120157
cycle = 9  norm(lambda1,lambda2) = 6.84773e-05
cycle = 10  norm(lambda1,lambda2) = 2.25266e-05
cycle = 11  norm(lambda1,lambda2) = 9.38727e-06
cycle = 12  norm(lambda1,lambda2) = 4.36847e-06
cycle = 13  norm(lambda1,lambda2) = 1.74749e-06
cycle = 14  norm(lambda1,lambda2) = 8.65479e-07
cycle = 15  norm(lambda1,lambda2) = 3.69648e-07
cycle = 16  norm(lambda1,lambda2) = 1.7808e-07
cycle = 17  norm(lambda1,lambda2) = 9.57317e-08
cycle = 18  norm(lambda1,lambda2) = 5.49937e-08
cycle = 19  norm(lambda1,lambda2) = 3.86884e-08
cycle = 20  norm(lambda1,lambda2) = 3.72883e-08
cycle = 21  norm(lambda1,lambda2) = 1.99588e-08
cycle = 22  norm(lambda1,lambda2) = 1.65009e-08
cycle = 23  norm(lambda1,lambda2) = 2.30289e-08
cycle = 24  norm(lambda1,lambda2) = 1.7394e-08
cycle = 25  norm(lambda1,lambda2) = 1.46953e-08
cycle = 26  norm(lambda1,lambda2) = 1.31526e-08
cycle = 27  norm(lambda1,lambda2) = 1.11942e-08
cycle = 28  norm(lambda1,lambda2) = 1.03413e-08
cycle = 29  norm(lambda1,lambda2) = 9.87024e-09
[2026-10-04 01:34:12] (T) lambda 18299 s, gradient 307 s
[2026-10-04 01:34:13] coordinate 43 p: E − E0 =    +17.99 µE_h, 21915 s  (26/144 gradients)
cycle = 1  norm(lambda1,lambda2) = 0.090919
cycle = 2  norm(lambda1,lambda2) = 0.0273685
cycle = 3  norm(lambda1,lambda2) = 0.0132384
cycle = 4  norm(lambda1,lambda2) = 0.00538309
cycle = 5  norm(lambda1,lambda2) = 0.00179625
cycle = 6  norm(lambda1,lambda2) = 0.000720264
cycle = 7  norm(lambda1,lambda2) = 0.000324852
cycle = 8  norm(lambda1,lambda2) = 0.000120148
cycle = 9  norm(lambda1,lambda2) = 6.84731e-05
cycle = 10  norm(lambda1,lambda2) = 2.25254e-05
cycle = 11  norm(lambda1,lambda2) = 9.38748e-06
cycle = 12  norm(lambda1,lambda2) = 4.36835e-06
cycle = 13  norm(lambda1,lambda2) = 1.74747e-06
cycle = 14  norm(lambda1,lambda2) = 8.65429e-07
cycle = 15  norm(lambda1,lambda2) = 3.69618e-07
cycle = 16  norm(lambda1,lambda2) = 1.78055e-07
cycle = 17  norm(lambda1,lambda2) = 9.57218e-08
cycle = 18  norm(lambda1,lambda2) = 5.49838e-08
cycle = 19  norm(lambda1,lambda2) = 3.86841e-08
cycle = 20  norm(lambda1,lambda2) = 3.73573e-08
cycle = 21  norm(lambda1,lambda2) = 1.9971e-08
cycle = 22  norm(lambda1,lambda2) = 1.64992e-08
cycle = 23  norm(lambda1,lambda2) = 2.30176e-08
cycle = 24  norm(lambda1,lambda2) = 1.7383e-08
cycle = 25  norm(lambda1,lambda2) = 1.46834e-08
cycle = 26  norm(lambda1,lambda2) = 1.31405e-08
cycle = 27  norm(lambda1,lambda2) = 1.11898e-08
cycle = 28  norm(lambda1,lambda2) = 1.03335e-08
cycle = 29  norm(lambda1,lambda2) = 9.86288e-09
[2026-10-04 07:40:32] (T) lambda 18434 s, gradient 310 s
[2026-10-04 07:40:33] coordinate 43 m: E − E0 =    -15.59 µE_h, 21981 s  (30/144 gradients)
[2026-10-04 07:40:33] pair check coordinate 43: max |mean(g+, g−) − g0| = 1.3e-06 a.u. (limit 1e-04)
cycle = 1  norm(lambda1,lambda2) = 0.0909185
cycle = 2  norm(lambda1,lambda2) = 0.0273683
cycle = 3  norm(lambda1,lambda2) = 0.0132384
cycle = 4  norm(lambda1,lambda2) = 0.0053831
cycle = 5  norm(lambda1,lambda2) = 0.00179622
cycle = 6  norm(lambda1,lambda2) = 0.000720262
cycle = 7  norm(lambda1,lambda2) = 0.00032485
cycle = 8  norm(lambda1,lambda2) = 0.000120148
cycle = 9  norm(lambda1,lambda2) = 6.84732e-05
cycle = 10  norm(lambda1,lambda2) = 2.25254e-05
cycle = 11  norm(lambda1,lambda2) = 9.38738e-06
cycle = 12  norm(lambda1,lambda2) = 4.36833e-06
cycle = 13  norm(lambda1,lambda2) = 1.74745e-06
cycle = 14  norm(lambda1,lambda2) = 8.65425e-07
cycle = 15  norm(lambda1,lambda2) = 3.69617e-07
cycle = 16  norm(lambda1,lambda2) = 1.78055e-07
cycle = 17  norm(lambda1,lambda2) = 9.57211e-08
cycle = 18  norm(lambda1,lambda2) = 5.49886e-08
cycle = 19  norm(lambda1,lambda2) = 3.86865e-08
cycle = 20  norm(lambda1,lambda2) = 3.73444e-08
cycle = 21  norm(lambda1,lambda2) = 1.99662e-08
cycle = 22  norm(lambda1,lambda2) = 1.65038e-08
cycle = 23  norm(lambda1,lambda2) = 2.30199e-08
cycle = 24  norm(lambda1,lambda2) = 1.73855e-08
cycle = 25  norm(lambda1,lambda2) = 1.46857e-08
cycle = 26  norm(lambda1,lambda2) = 1.31427e-08
cycle = 27  norm(lambda1,lambda2) = 1.11907e-08
cycle = 28  norm(lambda1,lambda2) = 1.03362e-08
cycle = 29  norm(lambda1,lambda2) = 9.86433e-09
[2026-10-04 13:48:06] (T) lambda 18495 s, gradient 309 s
[2026-10-04 13:48:07] coordinate 44 p: E − E0 =    -11.31 µE_h, 22054 s  (34/144 gradients)
cycle = 1  norm(lambda1,lambda2) = 0.0909173
cycle = 2  norm(lambda1,lambda2) = 0.0273679
cycle = 3  norm(lambda1,lambda2) = 0.0132384
cycle = 4  norm(lambda1,lambda2) = 0.00538327
cycle = 5  norm(lambda1,lambda2) = 0.00179613
cycle = 6  norm(lambda1,lambda2) = 0.000720282
cycle = 7  norm(lambda1,lambda2) = 0.000324855
cycle = 8  norm(lambda1,lambda2) = 0.000120157
cycle = 9  norm(lambda1,lambda2) = 6.84772e-05
cycle = 10  norm(lambda1,lambda2) = 2.25265e-05
cycle = 11  norm(lambda1,lambda2) = 9.38736e-06
cycle = 12  norm(lambda1,lambda2) = 4.36848e-06
cycle = 13  norm(lambda1,lambda2) = 1.7475e-06
cycle = 14  norm(lambda1,lambda2) = 8.65481e-07
cycle = 15  norm(lambda1,lambda2) = 3.69647e-07
cycle = 16  norm(lambda1,lambda2) = 1.78078e-07
cycle = 17  norm(lambda1,lambda2) = 9.57316e-08
cycle = 18  norm(lambda1,lambda2) = 5.49862e-08
cycle = 19  norm(lambda1,lambda2) = 3.86725e-08
cycle = 20  norm(lambda1,lambda2) = 3.72911e-08
cycle = 21  norm(lambda1,lambda2) = 1.99635e-08
cycle = 22  norm(lambda1,lambda2) = 1.64912e-08
cycle = 23  norm(lambda1,lambda2) = 2.30208e-08
cycle = 24  norm(lambda1,lambda2) = 1.73857e-08
cycle = 25  norm(lambda1,lambda2) = 1.46869e-08
cycle = 26  norm(lambda1,lambda2) = 1.31477e-08
cycle = 27  norm(lambda1,lambda2) = 1.11896e-08
cycle = 28  norm(lambda1,lambda2) = 1.03346e-08
cycle = 29  norm(lambda1,lambda2) = 9.8651e-09
[2026-10-04 19:55:09] (T) lambda 18490 s, gradient 303 s
[2026-10-04 19:55:10] coordinate 44 m: E − E0 =    +12.91 µE_h, 22023 s  (38/144 gradients)
[2026-10-04 19:55:10] pair check coordinate 44: max |mean(g+, g−) − g0| = 1.1e-06 a.u. (limit 1e-04)
[2026-10-04 19:55:10] partial run done; merge grad_*.npy files and rerun without --ks to assemble the Hessian
