=== chain 29 ring4 start Fri Oct  2 21:54:39 WEDT 2026
analytic second-route Hessians substituted for 27 molecules
atomic polar tensors found for 10 molecules: intensity read-outs on (lever 5, registered 2 Oct 2026 06:5x)
coverage ablation: 7 pool molecules excluded (pool_ring4_ids_2026-10-02.txt); pool 743
799 molecules; pool 743; hold-out (a) 10, (b) 39 (['fluoranthene', 'fluorene']); sizes [743]; seeds [0, 1, 2]; epochs 200; threads 8; model 171,554 parameters, sum aggregation
  rung B's 66 pair features added to the hybrid head (standardised on the fit molecules)
  hybrid head: 303,636 parameters; F_low input scales 0.0345, 0.29, 0.125; SQM α per class on
  fresh sum body pre-flight: worst |output| 22.5 on the training molecules
    seed 0 epoch 1/200: loss main 8.336e-07 aux 0.4723 val 0.4881 (27 s)
    seed 0 epoch 10/200: loss main 2.757e-07 aux 0.1501 val 0.1838 (263 s)
    seed 0 epoch 20/200: loss main 1.899e-07 aux 0.09525 val 0.1341 (528 s)
    seed 0 epoch 30/200: loss main 1.491e-07 aux 0.07136 val 0.1204 (794 s)
    seed 0 epoch 40/200: loss main 1.326e-07 aux 0.05634 val 0.1107 (1060 s)
    seed 0 epoch 50/200: loss main 1.207e-07 aux 0.04874 val 0.1136 (1325 s)
    seed 0 epoch 60/200: loss main 1.111e-07 aux 0.04206 val 0.113 (1591 s)
    seed 0 epoch 70/200: loss main 1.006e-07 aux 0.03587 val 0.1085 (1862 s)
    seed 0 epoch 80/200: loss main 9.694e-08 aux 0.0339 val 0.09744 (2133 s)
    seed 0 epoch 90/200: loss main 9.351e-08 aux 0.03004 val 0.1036 (2410 s)
    seed 0 epoch 100/200: loss main 8.895e-08 aux 0.02829 val 0.1054 (2685 s)
    seed 0: early stop at epoch 100, best inner val 0.09744 at epoch 80
  n=743 seed 0: inner validation internal term 0.09744 on 111 molecules (fit on 632)
  n=743 seed 0 (a): ring couplings 0.80 vs zero 3.76 (ratio 0.21) | corrected ω 2.92 (zero 23.27) | ΔH residual ratio 0.142
  n=743 seed 0 (b): ring couplings 1.29 vs zero 3.74 (ratio 0.35) | corrected ω 3.72 (zero 23.09) | ΔH residual ratio 0.243
  rung B's 66 pair features added to the hybrid head (standardised on the fit molecules)
  hybrid head: 303,636 parameters; F_low input scales 0.0345, 0.29, 0.125; SQM α per class on
  fresh sum body pre-flight: worst |output| 18 on the training molecules
    seed 1 epoch 1/200: loss main 8.981e-07 aux 0.478 val 0.4703 (28 s)
    seed 1 epoch 10/200: loss main 2.825e-07 aux 0.1534 val 0.1794 (274 s)
    seed 1 epoch 20/200: loss main 1.999e-07 aux 0.09907 val 0.1346 (549 s)
    seed 1 epoch 30/200: loss main 1.646e-07 aux 0.07373 val 0.1174 (823 s)
    seed 1 epoch 40/200: loss main 1.353e-07 aux 0.05607 val 0.111 (1098 s)
    seed 1 epoch 50/200: loss main 1.243e-07 aux 0.05045 val 0.1033 (1372 s)
    seed 1 epoch 60/200: loss main 1.156e-07 aux 0.04266 val 0.1027 (1647 s)
    seed 1 epoch 70/200: loss main 1.051e-07 aux 0.03783 val 0.1014 (1923 s)
    seed 1 epoch 80/200: loss main 9.828e-08 aux 0.03351 val 0.09742 (2198 s)
    seed 1 epoch 90/200: loss main 9.263e-08 aux 0.03022 val 0.09592 (2471 s)
    seed 1 epoch 100/200: loss main 9.218e-08 aux 0.02857 val 0.1027 (2744 s)
    seed 1 epoch 110/200: loss main 9.057e-08 aux 0.02723 val 0.09794 (3018 s)
    seed 1 epoch 120/200: loss main 8.535e-08 aux 0.02417 val 0.09691 (3294 s)
    seed 1 epoch 130/200: loss main 7.923e-08 aux 0.02216 val 0.09615 (3569 s)
    seed 1: early stop at epoch 139, best inner val 0.09283 at epoch 119
  n=743 seed 1: inner validation internal term 0.09283 on 111 molecules (fit on 632)
  n=743 seed 1 (a): ring couplings 0.84 vs zero 3.76 (ratio 0.22) | corrected ω 2.41 (zero 23.27) | ΔH residual ratio 0.136
  n=743 seed 1 (b): ring couplings 1.34 vs zero 3.74 (ratio 0.36) | corrected ω 3.57 (zero 23.09) | ΔH residual ratio 0.248
  rung B's 66 pair features added to the hybrid head (standardised on the fit molecules)
  hybrid head: 303,636 parameters; F_low input scales 0.0346, 0.29, 0.125; SQM α per class on
  fresh sum body pre-flight: worst |output| 25.6 on the training molecules
    seed 2 epoch 1/200: loss main 9.501e-07 aux 0.4823 val 0.4446 (27 s)
    seed 2 epoch 10/200: loss main 2.837e-07 aux 0.15 val 0.1952 (273 s)
    seed 2 epoch 20/200: loss main 2.003e-07 aux 0.09422 val 0.1454 (548 s)
    seed 2 epoch 30/200: loss main 1.627e-07 aux 0.06964 val 0.1264 (824 s)
    seed 2 epoch 40/200: loss main 1.408e-07 aux 0.05771 val 0.1192 (1099 s)
    seed 2 epoch 50/200: loss main 1.259e-07 aux 0.04751 val 0.114 (1374 s)
    seed 2 epoch 60/200: loss main 1.115e-07 aux 0.03922 val 0.1111 (1649 s)
    seed 2 epoch 70/200: loss main 1.068e-07 aux 0.03609 val 0.1139 (1924 s)
    seed 2 epoch 80/200: loss main 1.048e-07 aux 0.03339 val 0.1097 (2200 s)
    seed 2 epoch 90/200: loss main 9.922e-08 aux 0.03088 val 0.1086 (2474 s)
    seed 2 epoch 100/200: loss main 9.112e-08 aux 0.02663 val 0.1089 (2750 s)
    seed 2 epoch 110/200: loss main 9.082e-08 aux 0.02545 val 0.1058 (3010 s)
    seed 2 epoch 120/200: loss main 8.703e-08 aux 0.02428 val 0.1085 (3207 s)
    seed 2 epoch 130/200: loss main 8.397e-08 aux 0.02232 val 0.1064 (3404 s)
    seed 2 epoch 140/200: loss main 8.553e-08 aux 0.02259 val 0.1066 (3600 s)
    seed 2 epoch 150/200: loss main 8.299e-08 aux 0.02077 val 0.1041 (3798 s)
    seed 2 epoch 160/200: loss main 7.475e-08 aux 0.01832 val 0.1043 (3996 s)
    seed 2 epoch 170/200: loss main 7.685e-08 aux 0.01917 val 0.1051 (4193 s)
    seed 2: early stop at epoch 170, best inner val 0.1041 at epoch 150
  n=743 seed 2: inner validation internal term 0.1041 on 111 molecules (fit on 632)
  n=743 seed 2 (a): ring couplings 0.85 vs zero 3.76 (ratio 0.23) | corrected ω 2.59 (zero 23.27) | ΔH residual ratio 0.133
  n=743 seed 2 (b): ring couplings 1.34 vs zero 3.74 (ratio 0.36) | corrected ω 3.84 (zero 23.09) | ΔH residual ratio 0.253
wrote out/E7_rungC_coverage_noring4_2026-10-02.json/.md in 10958 s
=== chain 29 ring4 done Sat Oct  3 00:57:23 WEDT 2026
=== chain 29 ring4 finished Sat Oct  3 00:57:23 WEDT 2026
