=== chain 32 start Sat Oct  3 07:14:57 WEDT 2026
model E7_rungC_carried_kd_750_saved_2026-10-02_model_n750_seed0.pt: pattern f, aux both, target projected; anchors ['A_01f3186607', 'A_6e858b26e5', 'A_8448043181', 'B_8b12a55d3a']
  [A_01f3186607 alpha]     epoch 50/300: loss 0.1331
  [A_01f3186607 alpha]     epoch 100/300: loss 0.1099
  [A_01f3186607 alpha]     epoch 150/300: loss 0.1029
  [A_01f3186607 alpha]     epoch 200/300: loss 0.1001
  [A_01f3186607 alpha]     epoch 250/300: loss 0.09913
  [A_01f3186607 alpha]     epoch 300/300: loss 0.09887
  [A_01f3186607 head]     epoch 50/300: loss 0.07359
  [A_01f3186607 head]     epoch 100/300: loss 0.04976
  [A_01f3186607 head]     epoch 150/300: loss 0.04094
  [A_01f3186607 head]     epoch 200/300: loss 0.03575
  [A_01f3186607 head]     epoch 250/300: loss 0.03204
  [A_01f3186607 head]     epoch 300/300: loss 0.02917
  [A_01f3186607 lora]     epoch 50/300: loss 0.06695
  [A_01f3186607 lora]     epoch 100/300: loss 0.04421
  [A_01f3186607 lora]     epoch 150/300: loss 0.03163
  [A_01f3186607 lora]     epoch 200/300: loss 0.02269
  [A_01f3186607 lora]     epoch 250/300: loss 0.01825
  [A_01f3186607 lora]     epoch 300/300: loss 0.01542
A_01f3186607: zero ω 63.54 | α-scaling 0.32 / 34.47 | network as is 0.99 / 61.19 | α tuned 0.25 / 25.79 | head tuned 0.25 / 23.60 | lora r2: 0.44 / 13.79 ring-ip
  [A_6e858b26e5 alpha]     epoch 50/300: loss 0.1396
  [A_6e858b26e5 alpha]     epoch 100/300: loss 0.1165
  [A_6e858b26e5 alpha]     epoch 150/300: loss 0.1084
  [A_6e858b26e5 alpha]     epoch 200/300: loss 0.1047
  [A_6e858b26e5 alpha]     epoch 250/300: loss 0.1031
  [A_6e858b26e5 alpha]     epoch 300/300: loss 0.1026
  [A_6e858b26e5 head]     epoch 50/300: loss 0.08625
  [A_6e858b26e5 head]     epoch 100/300: loss 0.06212
  [A_6e858b26e5 head]     epoch 150/300: loss 0.05375
  [A_6e858b26e5 head]     epoch 200/300: loss 0.04867
  [A_6e858b26e5 head]     epoch 250/300: loss 0.04464
  [A_6e858b26e5 head]     epoch 300/300: loss 0.04132
  [A_6e858b26e5 lora]     epoch 50/300: loss 0.07879
  [A_6e858b26e5 lora]     epoch 100/300: loss 0.05646
  [A_6e858b26e5 lora]     epoch 150/300: loss 0.04564
  [A_6e858b26e5 lora]     epoch 200/300: loss 0.03767
  [A_6e858b26e5 lora]     epoch 250/300: loss 0.03287
  [A_6e858b26e5 lora]     epoch 300/300: loss 0.02937
A_6e858b26e5: zero ω 55.24 | α-scaling 0.23 / 12.99 | network as is 0.91 / 51.08 | α tuned 0.27 / 13.36 | head tuned 0.28 / 10.25 | lora r2: 0.26 / 5.01 ring-ip
  [A_8448043181 alpha]     epoch 50/300: loss 0.1502
  [A_8448043181 alpha]     epoch 100/300: loss 0.1271
  [A_8448043181 alpha]     epoch 150/300: loss 0.1193
  [A_8448043181 alpha]     epoch 200/300: loss 0.116
  [A_8448043181 alpha]     epoch 250/300: loss 0.1148
  [A_8448043181 alpha]     epoch 300/300: loss 0.1144
  [A_8448043181 head]     epoch 50/300: loss 0.09375
  [A_8448043181 head]     epoch 100/300: loss 0.07024
  [A_8448043181 head]     epoch 150/300: loss 0.06102
  [A_8448043181 head]     epoch 200/300: loss 0.05505
  [A_8448043181 head]     epoch 250/300: loss 0.05046
  [A_8448043181 head]     epoch 300/300: loss 0.04681
  [A_8448043181 lora]     epoch 50/300: loss 0.08175
  [A_8448043181 lora]     epoch 100/300: loss 0.05772
  [A_8448043181 lora]     epoch 150/300: loss 0.04931
  [A_8448043181 lora]     epoch 200/300: loss 0.04402
  [A_8448043181 lora]     epoch 250/300: loss 0.03889
  [A_8448043181 lora]     epoch 300/300: loss 0.03462
A_8448043181: zero ω 61.65 | α-scaling 0.12 / 22.27 | network as is 0.89 / 57.13 | α tuned 0.13 / 15.77 | head tuned 0.05 / 12.89 | lora r2: 0.04 / 2.45 ring-ip
  [B_8b12a55d3a alpha]     epoch 50/300: loss 0.1403
  [B_8b12a55d3a alpha]     epoch 100/300: loss 0.1168
  [B_8b12a55d3a alpha]     epoch 150/300: loss 0.1087
  [B_8b12a55d3a alpha]     epoch 200/300: loss 0.105
  [B_8b12a55d3a alpha]     epoch 250/300: loss 0.1035
  [B_8b12a55d3a alpha]     epoch 300/300: loss 0.103
  [B_8b12a55d3a head]     epoch 50/300: loss 0.0835
  [B_8b12a55d3a head]     epoch 100/300: loss 0.05835
  [B_8b12a55d3a head]     epoch 150/300: loss 0.04883
  [B_8b12a55d3a head]     epoch 200/300: loss 0.04322
  [B_8b12a55d3a head]     epoch 250/300: loss 0.03906
  [B_8b12a55d3a head]     epoch 300/300: loss 0.0358
  [B_8b12a55d3a lora]     epoch 50/300: loss 0.07388
  [B_8b12a55d3a lora]     epoch 100/300: loss 0.04766
  [B_8b12a55d3a lora]     epoch 150/300: loss 0.03816
  [B_8b12a55d3a lora]     epoch 200/300: loss 0.03066
  [B_8b12a55d3a lora]     epoch 250/300: loss 0.02341
  [B_8b12a55d3a lora]     epoch 300/300: loss 0.01869
B_8b12a55d3a: zero ω 53.63 | α-scaling 0.18 / 13.86 | network as is 0.99 / 48.92 | α tuned 0.21 / 10.95 | head tuned 0.23 / 6.33 | lora r2: 0.21 / 4.67 ring-ip
# T3 — leave-one-anchor-out transfer to CCSD(T)/cc-pVDZ (2026-10-03 07:15)

Model `E7_rungC_carried_kd_750_saved_2026-10-02_model_n750_seed0.pt` ({'pattern': 'f', 'aux_mode': 'both', 'aux_target': 'projected', 'n': 750, 'seed': 0}); fine-tune 300 epochs at lr 0.001, aux weight 1; low levels {'A_8448043181': 'hessian_b3lyp_analytic.npz', 'B_8b12a55d3a': 'hessian_b3lyp_analytic.npz', 'A_6e858b26e5': 'hessian_b3lyp_analytic.npz', 'A_01f3186607': 'hessian_b3lyp_analytic.npz'}.

| held-out anchor | read-out | zero rule | α scaling (3 anchors) | network as is | network, α tuned | network, head tuned | α + rank-2 adapter |
|---|---|---|---|---|---|---|---|
| A_01f3186607 | ring-coupling ratio | 1.00 | 0.32 | 0.99 | 0.25 | 0.25 | 0.44 |
| A_01f3186607 | ω rms, all modes (cm⁻¹) | 63.54 | 34.47 | 61.19 | 25.79 | 23.60 | 28.18 |
| A_01f3186607 | ΔH residual | 1.00 | 0.59 | 0.93 | 0.52 | 0.47 | 0.56 |
| A_01f3186607 | ω rms ring-ip (cm⁻¹) | 25.95 | 10.19 | 20.94 | 6.26 | 10.55 | 13.79 |
| A_01f3186607 | ω rms CH-stretch (cm⁻¹) | 97.84 | 9.65 | 55.15 | 5.50 | 10.91 | 18.63 |
| A_01f3186607 | ω rms CH-oop (cm⁻¹) | 75.97 | 51.81 | 93.62 | 34.74 | 33.85 | 39.08 |
| A_01f3186607 | ω rms other (cm⁻¹) | 64.89 | 48.52 | 74.34 | 39.03 | 32.30 | 37.50 |
| A_01f3186607 | per-family diag rms, head tuned | — | — | — | — | CH-stretch 11.2, CH-oop 34.8, ring-ip 12.4, other 28.9 |
| A_6e858b26e5 | ring-coupling ratio | 1.00 | 0.23 | 0.91 | 0.27 | 0.28 | 0.26 |
| A_6e858b26e5 | ω rms, all modes (cm⁻¹) | 55.24 | 12.99 | 51.08 | 13.36 | 10.25 | 13.67 |
| A_6e858b26e5 | ΔH residual | 1.00 | 0.27 | 0.87 | 0.26 | 0.29 | 0.25 |
| A_6e858b26e5 | ω rms ring-ip (cm⁻¹) | 25.92 | 7.29 | 30.91 | 6.45 | 5.92 | 5.01 |
| A_6e858b26e5 | ω rms CH-stretch (cm⁻¹) | 97.68 | 7.68 | 53.98 | 3.00 | 5.42 | 6.02 |
| A_6e858b26e5 | ω rms CH-oop (cm⁻¹) | 52.40 | 10.97 | 70.09 | 23.90 | 19.35 | 27.33 |
| A_6e858b26e5 | ω rms other (cm⁻¹) | 50.39 | 26.93 | 61.09 | 14.54 | 2.37 | 4.42 |
| A_6e858b26e5 | per-family diag rms, head tuned | — | — | — | — | CH-stretch 5.7, CH-oop 19.1, ring-ip 6.9, other 2.3 |
| A_8448043181 | ring-coupling ratio | 1.00 | 0.12 | 0.89 | 0.13 | 0.05 | 0.04 |
| A_8448043181 | ω rms, all modes (cm⁻¹) | 61.65 | 22.27 | 57.13 | 15.77 | 12.89 | 11.90 |
| A_8448043181 | ΔH residual | 1.00 | 0.37 | 0.91 | 0.33 | 0.22 | 0.19 |
| A_8448043181 | ω rms ring-ip (cm⁻¹) | 24.96 | 6.37 | 22.39 | 6.12 | 4.47 | 2.45 |
| A_8448043181 | ω rms CH-stretch (cm⁻¹) | 99.29 | 10.71 | 56.09 | 6.72 | 2.74 | 3.63 |
| A_8448043181 | ω rms CH-oop (cm⁻¹) | 72.03 | 33.08 | 91.47 | 18.10 | 22.79 | 21.66 |
| A_8448043181 | ω rms other (cm⁻¹) | 55.94 | 37.68 | 66.81 | 30.77 | 17.68 | 15.96 |
| A_8448043181 | per-family diag rms, head tuned | — | — | — | — | CH-stretch 2.8, CH-oop 22.3, ring-ip 4.2, other 15.8 |
| B_8b12a55d3a | ring-coupling ratio | 1.00 | 0.18 | 0.99 | 0.21 | 0.23 | 0.21 |
| B_8b12a55d3a | ω rms, all modes (cm⁻¹) | 53.63 | 13.86 | 48.92 | 10.95 | 6.33 | 8.01 |
| B_8b12a55d3a | ΔH residual | 1.00 | 0.35 | 0.89 | 0.32 | 0.34 | 0.24 |
| B_8b12a55d3a | ω rms ring-ip (cm⁻¹) | 28.30 | 7.80 | 25.95 | 5.05 | 5.57 | 4.67 |
| B_8b12a55d3a | ω rms CH-stretch (cm⁻¹) | 98.61 | 7.43 | 55.79 | 5.39 | 2.47 | 3.60 |
| B_8b12a55d3a | ω rms CH-oop (cm⁻¹) | 59.50 | 17.06 | 79.46 | 17.08 | 9.10 | 15.91 |
| B_8b12a55d3a | ω rms other (cm⁻¹) | 35.98 | 20.32 | 45.54 | 14.52 | 6.93 | 6.46 |
| B_8b12a55d3a | per-family diag rms, head tuned | — | — | — | — | CH-stretch 2.6, CH-oop 10.0, ring-ip 7.8, other 6.5 |

134 s.
=== chain 32 r 2 seed 0 done Sat Oct  3 07:17:18 WEDT 2026
model E7_rungC_carried_kd_750_saved_2026-10-02_model_n750_seed1.pt: pattern f, aux both, target projected; anchors ['A_01f3186607', 'A_6e858b26e5', 'A_8448043181', 'B_8b12a55d3a']
  [A_01f3186607 alpha]     epoch 50/300: loss 0.1381
  [A_01f3186607 alpha]     epoch 100/300: loss 0.1138
  [A_01f3186607 alpha]     epoch 150/300: loss 0.1064
  [A_01f3186607 alpha]     epoch 200/300: loss 0.1035
  [A_01f3186607 alpha]     epoch 250/300: loss 0.1024
  [A_01f3186607 alpha]     epoch 300/300: loss 0.1022
  [A_01f3186607 head]     epoch 50/300: loss 0.0708
  [A_01f3186607 head]     epoch 100/300: loss 0.04645
  [A_01f3186607 head]     epoch 150/300: loss 0.03711
  [A_01f3186607 head]     epoch 200/300: loss 0.03189
  [A_01f3186607 head]     epoch 250/300: loss 0.02845
  [A_01f3186607 head]     epoch 300/300: loss 0.02589
  [A_01f3186607 lora]     epoch 50/300: loss 0.05498
  [A_01f3186607 lora]     epoch 100/300: loss 0.03527
  [A_01f3186607 lora]     epoch 150/300: loss 0.02717
  [A_01f3186607 lora]     epoch 200/300: loss 0.02261
  [A_01f3186607 lora]     epoch 250/300: loss 0.01976
  [A_01f3186607 lora]     epoch 300/300: loss 0.01773
A_01f3186607: zero ω 63.54 | α-scaling 0.32 / 34.47 | network as is 0.99 / 61.45 | α tuned 0.29 / 26.34 | head tuned 0.31 / 25.13 | lora r2: 0.56 / 10.65 ring-ip
  [A_6e858b26e5 alpha]     epoch 50/300: loss 0.1425
  [A_6e858b26e5 alpha]     epoch 100/300: loss 0.1181
  [A_6e858b26e5 alpha]     epoch 150/300: loss 0.1096
  [A_6e858b26e5 alpha]     epoch 200/300: loss 0.1057
  [A_6e858b26e5 alpha]     epoch 250/300: loss 0.1041
  [A_6e858b26e5 alpha]     epoch 300/300: loss 0.1035
  [A_6e858b26e5 head]     epoch 50/300: loss 0.08242
  [A_6e858b26e5 head]     epoch 100/300: loss 0.05973
  [A_6e858b26e5 head]     epoch 150/300: loss 0.05055
  [A_6e858b26e5 head]     epoch 200/300: loss 0.04446
  [A_6e858b26e5 head]     epoch 250/300: loss 0.04
  [A_6e858b26e5 head]     epoch 300/300: loss 0.0366
  [A_6e858b26e5 lora]     epoch 50/300: loss 0.07177
  [A_6e858b26e5 lora]     epoch 100/300: loss 0.05263
  [A_6e858b26e5 lora]     epoch 150/300: loss 0.04318
  [A_6e858b26e5 lora]     epoch 200/300: loss 0.03559
  [A_6e858b26e5 lora]     epoch 250/300: loss 0.02989
  [A_6e858b26e5 lora]     epoch 300/300: loss 0.02587
A_6e858b26e5: zero ω 55.24 | α-scaling 0.23 / 12.99 | network as is 0.88 / 51.78 | α tuned 0.27 / 12.81 | head tuned 0.23 / 8.55 | lora r2: 0.33 / 8.73 ring-ip
  [A_8448043181 alpha]     epoch 50/300: loss 0.1521
  [A_8448043181 alpha]     epoch 100/300: loss 0.1283
  [A_8448043181 alpha]     epoch 150/300: loss 0.1202
  [A_8448043181 alpha]     epoch 200/300: loss 0.1167
  [A_8448043181 alpha]     epoch 250/300: loss 0.1153
  [A_8448043181 alpha]     epoch 300/300: loss 0.1148
  [A_8448043181 head]     epoch 50/300: loss 0.08786
  [A_8448043181 head]     epoch 100/300: loss 0.0653
  [A_8448043181 head]     epoch 150/300: loss 0.05591
  [A_8448043181 head]     epoch 200/300: loss 0.04969
  [A_8448043181 head]     epoch 250/300: loss 0.04517
  [A_8448043181 head]     epoch 300/300: loss 0.04175
  [A_8448043181 lora]     epoch 50/300: loss 0.07649
  [A_8448043181 lora]     epoch 100/300: loss 0.06123
  [A_8448043181 lora]     epoch 150/300: loss 0.05417
  [A_8448043181 lora]     epoch 200/300: loss 0.04909
  [A_8448043181 lora]     epoch 250/300: loss 0.044
  [A_8448043181 lora]     epoch 300/300: loss 0.03996
A_8448043181: zero ω 61.65 | α-scaling 0.12 / 22.27 | network as is 0.92 / 57.65 | α tuned 0.17 / 15.57 | head tuned 0.09 / 13.50 | lora r2: 0.17 / 4.93 ring-ip
  [B_8b12a55d3a alpha]     epoch 50/300: loss 0.1441
  [B_8b12a55d3a alpha]     epoch 100/300: loss 0.1192
  [B_8b12a55d3a alpha]     epoch 150/300: loss 0.1107
  [B_8b12a55d3a alpha]     epoch 200/300: loss 0.1068
  [B_8b12a55d3a alpha]     epoch 250/300: loss 0.1052
  [B_8b12a55d3a alpha]     epoch 300/300: loss 0.1046
  [B_8b12a55d3a head]     epoch 50/300: loss 0.08004
  [B_8b12a55d3a head]     epoch 100/300: loss 0.05431
  [B_8b12a55d3a head]     epoch 150/300: loss 0.04414
  [B_8b12a55d3a head]     epoch 200/300: loss 0.03817
  [B_8b12a55d3a head]     epoch 250/300: loss 0.03416
  [B_8b12a55d3a head]     epoch 300/300: loss 0.03125
  [B_8b12a55d3a lora]     epoch 50/300: loss 0.07758
  [B_8b12a55d3a lora]     epoch 100/300: loss 0.04741
  [B_8b12a55d3a lora]     epoch 150/300: loss 0.03693
  [B_8b12a55d3a lora]     epoch 200/300: loss 0.03135
  [B_8b12a55d3a lora]     epoch 250/300: loss 0.02697
  [B_8b12a55d3a lora]     epoch 300/300: loss 0.02333
B_8b12a55d3a: zero ω 53.63 | α-scaling 0.18 / 13.86 | network as is 0.99 / 49.29 | α tuned 0.22 / 10.88 | head tuned 0.26 / 6.87 | lora r2: 0.14 / 3.80 ring-ip
# T3 — leave-one-anchor-out transfer to CCSD(T)/cc-pVDZ (2026-10-03 07:17)

Model `E7_rungC_carried_kd_750_saved_2026-10-02_model_n750_seed1.pt` ({'pattern': 'f', 'aux_mode': 'both', 'aux_target': 'projected', 'n': 750, 'seed': 1}); fine-tune 300 epochs at lr 0.001, aux weight 1; low levels {'A_8448043181': 'hessian_b3lyp_analytic.npz', 'B_8b12a55d3a': 'hessian_b3lyp_analytic.npz', 'A_6e858b26e5': 'hessian_b3lyp_analytic.npz', 'A_01f3186607': 'hessian_b3lyp_analytic.npz'}.

| held-out anchor | read-out | zero rule | α scaling (3 anchors) | network as is | network, α tuned | network, head tuned | α + rank-2 adapter |
|---|---|---|---|---|---|---|---|
| A_01f3186607 | ring-coupling ratio | 1.00 | 0.32 | 0.99 | 0.29 | 0.31 | 0.56 |
| A_01f3186607 | ω rms, all modes (cm⁻¹) | 63.54 | 34.47 | 61.45 | 26.34 | 25.13 | 27.74 |
| A_01f3186607 | ΔH residual | 1.00 | 0.59 | 0.94 | 0.53 | 0.49 | 0.57 |
| A_01f3186607 | ω rms ring-ip (cm⁻¹) | 25.95 | 10.19 | 19.84 | 5.95 | 8.86 | 10.65 |
| A_01f3186607 | ω rms CH-stretch (cm⁻¹) | 97.84 | 9.65 | 54.84 | 5.14 | 4.62 | 3.87 |
| A_01f3186607 | ω rms CH-oop (cm⁻¹) | 75.97 | 51.81 | 94.35 | 36.35 | 38.51 | 43.98 |
| A_01f3186607 | ω rms other (cm⁻¹) | 64.89 | 48.52 | 75.08 | 39.54 | 34.71 | 37.13 |
| A_01f3186607 | per-family diag rms, head tuned | — | — | — | — | CH-stretch 4.9, CH-oop 35.8, ring-ip 8.9, other 34.0 |
| A_6e858b26e5 | ring-coupling ratio | 1.00 | 0.23 | 0.88 | 0.27 | 0.23 | 0.33 |
| A_6e858b26e5 | ω rms, all modes (cm⁻¹) | 55.24 | 12.99 | 51.78 | 12.81 | 8.55 | 12.48 |
| A_6e858b26e5 | ΔH residual | 1.00 | 0.27 | 0.88 | 0.26 | 0.26 | 0.31 |
| A_6e858b26e5 | ω rms ring-ip (cm⁻¹) | 25.92 | 7.29 | 30.79 | 6.67 | 4.44 | 8.73 |
| A_6e858b26e5 | ω rms CH-stretch (cm⁻¹) | 97.68 | 7.68 | 56.35 | 4.25 | 2.22 | 4.98 |
| A_6e858b26e5 | ω rms CH-oop (cm⁻¹) | 52.40 | 10.97 | 71.05 | 22.42 | 16.71 | 22.84 |
| A_6e858b26e5 | ω rms other (cm⁻¹) | 50.39 | 26.93 | 60.90 | 14.06 | 2.96 | 3.11 |
| A_6e858b26e5 | per-family diag rms, head tuned | — | — | — | — | CH-stretch 2.5, CH-oop 16.5, ring-ip 4.8, other 2.6 |
| A_8448043181 | ring-coupling ratio | 1.00 | 0.12 | 0.92 | 0.17 | 0.09 | 0.17 |
| A_8448043181 | ω rms, all modes (cm⁻¹) | 61.65 | 22.27 | 57.65 | 15.57 | 13.50 | 10.00 |
| A_8448043181 | ΔH residual | 1.00 | 0.37 | 0.93 | 0.33 | 0.23 | 0.21 |
| A_8448043181 | ω rms ring-ip (cm⁻¹) | 24.96 | 6.37 | 22.92 | 6.21 | 4.83 | 4.93 |
| A_8448043181 | ω rms CH-stretch (cm⁻¹) | 99.29 | 10.71 | 58.87 | 8.98 | 3.96 | 2.37 |
| A_8448043181 | ω rms CH-oop (cm⁻¹) | 72.03 | 33.08 | 91.31 | 17.21 | 23.32 | 17.19 |
| A_8448043181 | ω rms other (cm⁻¹) | 55.94 | 37.68 | 66.40 | 30.02 | 19.00 | 13.23 |
| A_8448043181 | per-family diag rms, head tuned | — | — | — | — | CH-stretch 4.1, CH-oop 24.1, ring-ip 5.0, other 15.5 |
| B_8b12a55d3a | ring-coupling ratio | 1.00 | 0.18 | 0.99 | 0.22 | 0.26 | 0.14 |
| B_8b12a55d3a | ω rms, all modes (cm⁻¹) | 53.63 | 13.86 | 49.29 | 10.88 | 6.87 | 6.72 |
| B_8b12a55d3a | ΔH residual | 1.00 | 0.35 | 0.89 | 0.32 | 0.40 | 0.27 |
| B_8b12a55d3a | ω rms ring-ip (cm⁻¹) | 28.30 | 7.80 | 26.14 | 5.39 | 6.23 | 3.80 |
| B_8b12a55d3a | ω rms CH-stretch (cm⁻¹) | 98.61 | 7.43 | 56.24 | 5.18 | 2.37 | 4.85 |
| B_8b12a55d3a | ω rms CH-oop (cm⁻¹) | 59.50 | 17.06 | 80.44 | 17.04 | 10.66 | 11.48 |
| B_8b12a55d3a | ω rms other (cm⁻¹) | 35.98 | 20.32 | 45.45 | 14.21 | 6.64 | 7.13 |
| B_8b12a55d3a | per-family diag rms, head tuned | — | — | — | — | CH-stretch 3.1, CH-oop 10.9, ring-ip 9.1, other 6.2 |

137 s.
=== chain 32 r 2 seed 1 done Sat Oct  3 07:19:41 WEDT 2026
model E7_rungC_carried_kd_750_saved_2026-10-02_model_n750_seed2.pt: pattern f, aux both, target projected; anchors ['A_01f3186607', 'A_6e858b26e5', 'A_8448043181', 'B_8b12a55d3a']
  [A_01f3186607 alpha]     epoch 50/300: loss 0.1368
  [A_01f3186607 alpha]     epoch 100/300: loss 0.1135
  [A_01f3186607 alpha]     epoch 150/300: loss 0.1069
  [A_01f3186607 alpha]     epoch 200/300: loss 0.1044
  [A_01f3186607 alpha]     epoch 250/300: loss 0.1036
  [A_01f3186607 alpha]     epoch 300/300: loss 0.1034
  [A_01f3186607 head]     epoch 50/300: loss 0.06836
  [A_01f3186607 head]     epoch 100/300: loss 0.04413
  [A_01f3186607 head]     epoch 150/300: loss 0.03512
  [A_01f3186607 head]     epoch 200/300: loss 0.02977
  [A_01f3186607 head]     epoch 250/300: loss 0.02598
  [A_01f3186607 head]     epoch 300/300: loss 0.02308
  [A_01f3186607 lora]     epoch 50/300: loss 0.06014
  [A_01f3186607 lora]     epoch 100/300: loss 0.0405
  [A_01f3186607 lora]     epoch 150/300: loss 0.03014
  [A_01f3186607 lora]     epoch 200/300: loss 0.02043
  [A_01f3186607 lora]     epoch 250/300: loss 0.0148
  [A_01f3186607 lora]     epoch 300/300: loss 0.01187
A_01f3186607: zero ω 63.54 | α-scaling 0.32 / 34.47 | network as is 1.00 / 61.07 | α tuned 0.26 / 26.50 | head tuned 0.67 / 21.92 | lora r2: 0.91 / 24.17 ring-ip
  [A_6e858b26e5 alpha]     epoch 50/300: loss 0.1414
  [A_6e858b26e5 alpha]     epoch 100/300: loss 0.1181
  [A_6e858b26e5 alpha]     epoch 150/300: loss 0.1102
  [A_6e858b26e5 alpha]     epoch 200/300: loss 0.1068
  [A_6e858b26e5 alpha]     epoch 250/300: loss 0.1054
  [A_6e858b26e5 alpha]     epoch 300/300: loss 0.1049
  [A_6e858b26e5 head]     epoch 50/300: loss 0.08187
  [A_6e858b26e5 head]     epoch 100/300: loss 0.05621
  [A_6e858b26e5 head]     epoch 150/300: loss 0.04631
  [A_6e858b26e5 head]     epoch 200/300: loss 0.04038
  [A_6e858b26e5 head]     epoch 250/300: loss 0.03629
  [A_6e858b26e5 head]     epoch 300/300: loss 0.0332
  [A_6e858b26e5 lora]     epoch 50/300: loss 0.07814
  [A_6e858b26e5 lora]     epoch 100/300: loss 0.04963
  [A_6e858b26e5 lora]     epoch 150/300: loss 0.03837
  [A_6e858b26e5 lora]     epoch 200/300: loss 0.03156
  [A_6e858b26e5 lora]     epoch 250/300: loss 0.02689
  [A_6e858b26e5 lora]     epoch 300/300: loss 0.02295
A_6e858b26e5: zero ω 55.24 | α-scaling 0.23 / 12.99 | network as is 0.89 / 50.78 | α tuned 0.27 / 12.96 | head tuned 0.28 / 7.44 | lora r2: 0.28 / 7.21 ring-ip
  [A_8448043181 alpha]     epoch 50/300: loss 0.1499
  [A_8448043181 alpha]     epoch 100/300: loss 0.1268
  [A_8448043181 alpha]     epoch 150/300: loss 0.1193
  [A_8448043181 alpha]     epoch 200/300: loss 0.1161
  [A_8448043181 alpha]     epoch 250/300: loss 0.115
  [A_8448043181 alpha]     epoch 300/300: loss 0.1146
  [A_8448043181 head]     epoch 50/300: loss 0.08621
  [A_8448043181 head]     epoch 100/300: loss 0.06158
  [A_8448043181 head]     epoch 150/300: loss 0.05189
  [A_8448043181 head]     epoch 200/300: loss 0.04606
  [A_8448043181 head]     epoch 250/300: loss 0.04201
  [A_8448043181 head]     epoch 300/300: loss 0.03896
  [A_8448043181 lora]     epoch 50/300: loss 0.0704
  [A_8448043181 lora]     epoch 100/300: loss 0.04893
  [A_8448043181 lora]     epoch 150/300: loss 0.03841
  [A_8448043181 lora]     epoch 200/300: loss 0.03191
  [A_8448043181 lora]     epoch 250/300: loss 0.0278
  [A_8448043181 lora]     epoch 300/300: loss 0.02491
A_8448043181: zero ω 61.65 | α-scaling 0.12 / 22.27 | network as is 0.92 / 55.77 | α tuned 0.17 / 14.98 | head tuned 0.07 / 9.20 | lora r2: 0.07 / 4.64 ring-ip
  [B_8b12a55d3a alpha]     epoch 50/300: loss 0.1417
  [B_8b12a55d3a alpha]     epoch 100/300: loss 0.1181
  [B_8b12a55d3a alpha]     epoch 150/300: loss 0.1103
  [B_8b12a55d3a alpha]     epoch 200/300: loss 0.107
  [B_8b12a55d3a alpha]     epoch 250/300: loss 0.1057
  [B_8b12a55d3a alpha]     epoch 300/300: loss 0.1052
  [B_8b12a55d3a head]     epoch 50/300: loss 0.08105
  [B_8b12a55d3a head]     epoch 100/300: loss 0.054
  [B_8b12a55d3a head]     epoch 150/300: loss 0.04371
  [B_8b12a55d3a head]     epoch 200/300: loss 0.0377
  [B_8b12a55d3a head]     epoch 250/300: loss 0.03356
  [B_8b12a55d3a head]     epoch 300/300: loss 0.03047
  [B_8b12a55d3a lora]     epoch 50/300: loss 0.06874
  [B_8b12a55d3a lora]     epoch 100/300: loss 0.04322
  [B_8b12a55d3a lora]     epoch 150/300: loss 0.0317
  [B_8b12a55d3a lora]     epoch 200/300: loss 0.02485
  [B_8b12a55d3a lora]     epoch 250/300: loss 0.02077
  [B_8b12a55d3a lora]     epoch 300/300: loss 0.018
B_8b12a55d3a: zero ω 53.63 | α-scaling 0.18 / 13.86 | network as is 0.98 / 48.83 | α tuned 0.22 / 10.77 | head tuned 0.15 / 5.67 | lora r2: 0.23 / 5.06 ring-ip
# T3 — leave-one-anchor-out transfer to CCSD(T)/cc-pVDZ (2026-10-03 07:20)

Model `E7_rungC_carried_kd_750_saved_2026-10-02_model_n750_seed2.pt` ({'pattern': 'f', 'aux_mode': 'both', 'aux_target': 'projected', 'n': 750, 'seed': 2}); fine-tune 300 epochs at lr 0.001, aux weight 1; low levels {'A_8448043181': 'hessian_b3lyp_analytic.npz', 'B_8b12a55d3a': 'hessian_b3lyp_analytic.npz', 'A_6e858b26e5': 'hessian_b3lyp_analytic.npz', 'A_01f3186607': 'hessian_b3lyp_analytic.npz'}.

| held-out anchor | read-out | zero rule | α scaling (3 anchors) | network as is | network, α tuned | network, head tuned | α + rank-2 adapter |
|---|---|---|---|---|---|---|---|
| A_01f3186607 | ring-coupling ratio | 1.00 | 0.32 | 1.00 | 0.26 | 0.67 | 0.91 |
| A_01f3186607 | ω rms, all modes (cm⁻¹) | 63.54 | 34.47 | 61.07 | 26.50 | 21.92 | 29.98 |
| A_01f3186607 | ΔH residual | 1.00 | 0.59 | 0.94 | 0.53 | 0.54 | 0.92 |
| A_01f3186607 | ω rms ring-ip (cm⁻¹) | 25.95 | 10.19 | 20.31 | 5.77 | 12.11 | 24.17 |
| A_01f3186607 | ω rms CH-stretch (cm⁻¹) | 97.84 | 9.65 | 54.81 | 5.06 | 1.41 | 7.50 |
| A_01f3186607 | ω rms CH-oop (cm⁻¹) | 75.97 | 51.81 | 93.00 | 37.03 | 33.39 | 45.90 |
| A_01f3186607 | ω rms other (cm⁻¹) | 64.89 | 48.52 | 74.81 | 39.59 | 28.65 | 33.07 |
| A_01f3186607 | per-family diag rms, head tuned | — | — | — | — | CH-stretch 1.6, CH-oop 34.7, ring-ip 14.2, other 27.1 |
| A_6e858b26e5 | ring-coupling ratio | 1.00 | 0.23 | 0.89 | 0.27 | 0.28 | 0.28 |
| A_6e858b26e5 | ω rms, all modes (cm⁻¹) | 55.24 | 12.99 | 50.78 | 12.96 | 7.44 | 7.29 |
| A_6e858b26e5 | ΔH residual | 1.00 | 0.27 | 0.87 | 0.26 | 0.25 | 0.22 |
| A_6e858b26e5 | ω rms ring-ip (cm⁻¹) | 25.92 | 7.29 | 30.78 | 6.53 | 5.16 | 7.21 |
| A_6e858b26e5 | ω rms CH-stretch (cm⁻¹) | 97.68 | 7.68 | 55.48 | 3.72 | 1.87 | 2.17 |
| A_6e858b26e5 | ω rms CH-oop (cm⁻¹) | 52.40 | 10.97 | 69.12 | 23.35 | 13.79 | 9.88 |
| A_6e858b26e5 | ω rms other (cm⁻¹) | 50.39 | 26.93 | 59.57 | 13.07 | 1.97 | 7.12 |
| A_6e858b26e5 | per-family diag rms, head tuned | — | — | — | — | CH-stretch 1.9, CH-oop 13.3, ring-ip 6.0, other 1.8 |
| A_8448043181 | ring-coupling ratio | 1.00 | 0.12 | 0.92 | 0.17 | 0.07 | 0.07 |
| A_8448043181 | ω rms, all modes (cm⁻¹) | 61.65 | 22.27 | 55.77 | 14.98 | 9.20 | 9.45 |
| A_8448043181 | ΔH residual | 1.00 | 0.37 | 0.91 | 0.32 | 0.17 | 0.18 |
| A_8448043181 | ω rms ring-ip (cm⁻¹) | 24.96 | 6.37 | 22.99 | 6.12 | 3.89 | 4.64 |
| A_8448043181 | ω rms CH-stretch (cm⁻¹) | 99.29 | 10.71 | 56.51 | 6.34 | 2.26 | 2.65 |
| A_8448043181 | ω rms CH-oop (cm⁻¹) | 72.03 | 33.08 | 88.19 | 18.50 | 16.08 | 18.14 |
| A_8448043181 | ω rms other (cm⁻¹) | 55.94 | 37.68 | 64.23 | 28.10 | 12.33 | 8.79 |
| A_8448043181 | per-family diag rms, head tuned | — | — | — | — | CH-stretch 2.3, CH-oop 18.1, ring-ip 4.0, other 8.6 |
| B_8b12a55d3a | ring-coupling ratio | 1.00 | 0.18 | 0.98 | 0.22 | 0.15 | 0.23 |
| B_8b12a55d3a | ω rms, all modes (cm⁻¹) | 53.63 | 13.86 | 48.83 | 10.77 | 5.67 | 9.08 |
| B_8b12a55d3a | ΔH residual | 1.00 | 0.35 | 0.89 | 0.32 | 0.22 | 0.29 |
| B_8b12a55d3a | ω rms ring-ip (cm⁻¹) | 28.30 | 7.80 | 26.05 | 5.14 | 3.67 | 5.06 |
| B_8b12a55d3a | ω rms CH-stretch (cm⁻¹) | 98.61 | 7.43 | 55.92 | 4.75 | 1.23 | 2.43 |
| B_8b12a55d3a | ω rms CH-oop (cm⁻¹) | 59.50 | 17.06 | 79.45 | 16.53 | 10.79 | 13.94 |
| B_8b12a55d3a | ω rms other (cm⁻¹) | 35.98 | 20.32 | 44.98 | 14.51 | 5.17 | 12.06 |
| B_8b12a55d3a | per-family diag rms, head tuned | — | — | — | — | CH-stretch 1.6, CH-oop 11.7, ring-ip 3.2, other 4.7 |

170 s.
=== chain 32 r 2 seed 2 done Sat Oct  3 07:22:38 WEDT 2026
model E7_rungC_carried_kd_750_saved_2026-10-02_model_n750_seed0.pt: pattern f, aux both, target projected; anchors ['A_01f3186607', 'A_6e858b26e5', 'A_8448043181', 'B_8b12a55d3a']
  [A_01f3186607 alpha]     epoch 50/300: loss 0.1331
  [A_01f3186607 alpha]     epoch 100/300: loss 0.1099
  [A_01f3186607 alpha]     epoch 150/300: loss 0.1029
  [A_01f3186607 alpha]     epoch 200/300: loss 0.1001
  [A_01f3186607 alpha]     epoch 250/300: loss 0.09913
  [A_01f3186607 alpha]     epoch 300/300: loss 0.09887
  [A_01f3186607 head]     epoch 50/300: loss 0.07359
  [A_01f3186607 head]     epoch 100/300: loss 0.04976
  [A_01f3186607 head]     epoch 150/300: loss 0.04094
  [A_01f3186607 head]     epoch 200/300: loss 0.03575
  [A_01f3186607 head]     epoch 250/300: loss 0.03204
  [A_01f3186607 head]     epoch 300/300: loss 0.02917
  [A_01f3186607 lora]     epoch 50/300: loss 0.04799
  [A_01f3186607 lora]     epoch 100/300: loss 0.02342
  [A_01f3186607 lora]     epoch 150/300: loss 0.01547
  [A_01f3186607 lora]     epoch 200/300: loss 0.01122
  [A_01f3186607 lora]     epoch 250/300: loss 0.008291
  [A_01f3186607 lora]     epoch 300/300: loss 0.006179
A_01f3186607: zero ω 63.54 | α-scaling 0.32 / 34.47 | network as is 0.99 / 61.19 | α tuned 0.25 / 25.79 | head tuned 0.25 / 23.60 | lora r4: 0.49 / 10.52 ring-ip
  [A_6e858b26e5 alpha]     epoch 50/300: loss 0.1396
  [A_6e858b26e5 alpha]     epoch 100/300: loss 0.1165
  [A_6e858b26e5 alpha]     epoch 150/300: loss 0.1084
  [A_6e858b26e5 alpha]     epoch 200/300: loss 0.1047
  [A_6e858b26e5 alpha]     epoch 250/300: loss 0.1031
  [A_6e858b26e5 alpha]     epoch 300/300: loss 0.1026
  [A_6e858b26e5 head]     epoch 50/300: loss 0.08625
  [A_6e858b26e5 head]     epoch 100/300: loss 0.06212
  [A_6e858b26e5 head]     epoch 150/300: loss 0.05375
  [A_6e858b26e5 head]     epoch 200/300: loss 0.04867
  [A_6e858b26e5 head]     epoch 250/300: loss 0.04464
  [A_6e858b26e5 head]     epoch 300/300: loss 0.04132
  [A_6e858b26e5 lora]     epoch 50/300: loss 0.05941
  [A_6e858b26e5 lora]     epoch 100/300: loss 0.03612
  [A_6e858b26e5 lora]     epoch 150/300: loss 0.02356
  [A_6e858b26e5 lora]     epoch 200/300: loss 0.01716
  [A_6e858b26e5 lora]     epoch 250/300: loss 0.01348
  [A_6e858b26e5 lora]     epoch 300/300: loss 0.01113
A_6e858b26e5: zero ω 55.24 | α-scaling 0.23 / 12.99 | network as is 0.91 / 51.08 | α tuned 0.27 / 13.36 | head tuned 0.28 / 10.25 | lora r4: 0.32 / 7.72 ring-ip
  [A_8448043181 alpha]     epoch 50/300: loss 0.1502
  [A_8448043181 alpha]     epoch 100/300: loss 0.1271
  [A_8448043181 alpha]     epoch 150/300: loss 0.1193
  [A_8448043181 alpha]     epoch 200/300: loss 0.116
  [A_8448043181 alpha]     epoch 250/300: loss 0.1148
  [A_8448043181 alpha]     epoch 300/300: loss 0.1144
  [A_8448043181 head]     epoch 50/300: loss 0.09375
  [A_8448043181 head]     epoch 100/300: loss 0.07024
  [A_8448043181 head]     epoch 150/300: loss 0.06102
  [A_8448043181 head]     epoch 200/300: loss 0.05505
  [A_8448043181 head]     epoch 250/300: loss 0.05046
  [A_8448043181 head]     epoch 300/300: loss 0.04681
  [A_8448043181 lora]     epoch 50/300: loss 0.06559
  [A_8448043181 lora]     epoch 100/300: loss 0.04179
  [A_8448043181 lora]     epoch 150/300: loss 0.02997
  [A_8448043181 lora]     epoch 200/300: loss 0.02231
  [A_8448043181 lora]     epoch 250/300: loss 0.01784
  [A_8448043181 lora]     epoch 300/300: loss 0.01482
A_8448043181: zero ω 61.65 | α-scaling 0.12 / 22.27 | network as is 0.89 / 57.13 | α tuned 0.13 / 15.77 | head tuned 0.05 / 12.89 | lora r4: 0.05 / 1.94 ring-ip
  [B_8b12a55d3a alpha]     epoch 50/300: loss 0.1403
  [B_8b12a55d3a alpha]     epoch 100/300: loss 0.1168
  [B_8b12a55d3a alpha]     epoch 150/300: loss 0.1087
  [B_8b12a55d3a alpha]     epoch 200/300: loss 0.105
  [B_8b12a55d3a alpha]     epoch 250/300: loss 0.1035
  [B_8b12a55d3a alpha]     epoch 300/300: loss 0.103
  [B_8b12a55d3a head]     epoch 50/300: loss 0.0835
  [B_8b12a55d3a head]     epoch 100/300: loss 0.05835
  [B_8b12a55d3a head]     epoch 150/300: loss 0.04883
  [B_8b12a55d3a head]     epoch 200/300: loss 0.04322
  [B_8b12a55d3a head]     epoch 250/300: loss 0.03906
  [B_8b12a55d3a head]     epoch 300/300: loss 0.0358
  [B_8b12a55d3a lora]     epoch 50/300: loss 0.05907
  [B_8b12a55d3a lora]     epoch 100/300: loss 0.03606
  [B_8b12a55d3a lora]     epoch 150/300: loss 0.02213
  [B_8b12a55d3a lora]     epoch 200/300: loss 0.01418
  [B_8b12a55d3a lora]     epoch 250/300: loss 0.01067
  [B_8b12a55d3a lora]     epoch 300/300: loss 0.008772
B_8b12a55d3a: zero ω 53.63 | α-scaling 0.18 / 13.86 | network as is 0.99 / 48.92 | α tuned 0.21 / 10.95 | head tuned 0.23 / 6.33 | lora r4: 0.31 / 5.57 ring-ip
# T3 — leave-one-anchor-out transfer to CCSD(T)/cc-pVDZ (2026-10-03 07:23)

Model `E7_rungC_carried_kd_750_saved_2026-10-02_model_n750_seed0.pt` ({'pattern': 'f', 'aux_mode': 'both', 'aux_target': 'projected', 'n': 750, 'seed': 0}); fine-tune 300 epochs at lr 0.001, aux weight 1; low levels {'A_8448043181': 'hessian_b3lyp_analytic.npz', 'B_8b12a55d3a': 'hessian_b3lyp_analytic.npz', 'A_6e858b26e5': 'hessian_b3lyp_analytic.npz', 'A_01f3186607': 'hessian_b3lyp_analytic.npz'}.

| held-out anchor | read-out | zero rule | α scaling (3 anchors) | network as is | network, α tuned | network, head tuned | α + rank-4 adapter |
|---|---|---|---|---|---|---|---|
| A_01f3186607 | ring-coupling ratio | 1.00 | 0.32 | 0.99 | 0.25 | 0.25 | 0.49 |
| A_01f3186607 | ω rms, all modes (cm⁻¹) | 63.54 | 34.47 | 61.19 | 25.79 | 23.60 | 26.21 |
| A_01f3186607 | ΔH residual | 1.00 | 0.59 | 0.93 | 0.52 | 0.47 | 0.58 |
| A_01f3186607 | ω rms ring-ip (cm⁻¹) | 25.95 | 10.19 | 20.94 | 6.26 | 10.55 | 10.52 |
| A_01f3186607 | ω rms CH-stretch (cm⁻¹) | 97.84 | 9.65 | 55.15 | 5.50 | 10.91 | 7.70 |
| A_01f3186607 | ω rms CH-oop (cm⁻¹) | 75.97 | 51.81 | 93.62 | 34.74 | 33.85 | 38.36 |
| A_01f3186607 | ω rms other (cm⁻¹) | 64.89 | 48.52 | 74.34 | 39.03 | 32.30 | 36.59 |
| A_01f3186607 | per-family diag rms, head tuned | — | — | — | — | CH-stretch 11.2, CH-oop 34.8, ring-ip 12.4, other 28.9 |
| A_6e858b26e5 | ring-coupling ratio | 1.00 | 0.23 | 0.91 | 0.27 | 0.28 | 0.32 |
| A_6e858b26e5 | ω rms, all modes (cm⁻¹) | 55.24 | 12.99 | 51.08 | 13.36 | 10.25 | 14.21 |
| A_6e858b26e5 | ΔH residual | 1.00 | 0.27 | 0.87 | 0.26 | 0.29 | 0.34 |
| A_6e858b26e5 | ω rms ring-ip (cm⁻¹) | 25.92 | 7.29 | 30.91 | 6.45 | 5.92 | 7.72 |
| A_6e858b26e5 | ω rms CH-stretch (cm⁻¹) | 97.68 | 7.68 | 53.98 | 3.00 | 5.42 | 1.58 |
| A_6e858b26e5 | ω rms CH-oop (cm⁻¹) | 52.40 | 10.97 | 70.09 | 23.90 | 19.35 | 27.92 |
| A_6e858b26e5 | ω rms other (cm⁻¹) | 50.39 | 26.93 | 61.09 | 14.54 | 2.37 | 3.31 |
| A_6e858b26e5 | per-family diag rms, head tuned | — | — | — | — | CH-stretch 5.7, CH-oop 19.1, ring-ip 6.9, other 2.3 |
| A_8448043181 | ring-coupling ratio | 1.00 | 0.12 | 0.89 | 0.13 | 0.05 | 0.05 |
| A_8448043181 | ω rms, all modes (cm⁻¹) | 61.65 | 22.27 | 57.13 | 15.77 | 12.89 | 12.62 |
| A_8448043181 | ΔH residual | 1.00 | 0.37 | 0.91 | 0.33 | 0.22 | 0.19 |
| A_8448043181 | ω rms ring-ip (cm⁻¹) | 24.96 | 6.37 | 22.39 | 6.12 | 4.47 | 1.94 |
| A_8448043181 | ω rms CH-stretch (cm⁻¹) | 99.29 | 10.71 | 56.09 | 6.72 | 2.74 | 5.43 |
| A_8448043181 | ω rms CH-oop (cm⁻¹) | 72.03 | 33.08 | 91.47 | 18.10 | 22.79 | 20.14 |
| A_8448043181 | ω rms other (cm⁻¹) | 55.94 | 37.68 | 66.81 | 30.77 | 17.68 | 20.58 |
| A_8448043181 | per-family diag rms, head tuned | — | — | — | — | CH-stretch 2.8, CH-oop 22.3, ring-ip 4.2, other 15.8 |
| B_8b12a55d3a | ring-coupling ratio | 1.00 | 0.18 | 0.99 | 0.21 | 0.23 | 0.31 |
| B_8b12a55d3a | ω rms, all modes (cm⁻¹) | 53.63 | 13.86 | 48.92 | 10.95 | 6.33 | 11.59 |
| B_8b12a55d3a | ΔH residual | 1.00 | 0.35 | 0.89 | 0.32 | 0.34 | 0.34 |
| B_8b12a55d3a | ω rms ring-ip (cm⁻¹) | 28.30 | 7.80 | 25.95 | 5.05 | 5.57 | 5.57 |
| B_8b12a55d3a | ω rms CH-stretch (cm⁻¹) | 98.61 | 7.43 | 55.79 | 5.39 | 2.47 | 23.92 |
| B_8b12a55d3a | ω rms CH-oop (cm⁻¹) | 59.50 | 17.06 | 79.46 | 17.08 | 9.10 | 6.96 |
| B_8b12a55d3a | ω rms other (cm⁻¹) | 35.98 | 20.32 | 45.54 | 14.52 | 6.93 | 8.32 |
| B_8b12a55d3a | per-family diag rms, head tuned | — | — | — | — | CH-stretch 2.6, CH-oop 10.0, ring-ip 7.8, other 6.5 |

133 s.
=== chain 32 r 4 seed 0 done Sat Oct  3 07:24:58 WEDT 2026
model E7_rungC_carried_kd_750_saved_2026-10-02_model_n750_seed1.pt: pattern f, aux both, target projected; anchors ['A_01f3186607', 'A_6e858b26e5', 'A_8448043181', 'B_8b12a55d3a']
  [A_01f3186607 alpha]     epoch 50/300: loss 0.1381
  [A_01f3186607 alpha]     epoch 100/300: loss 0.1138
  [A_01f3186607 alpha]     epoch 150/300: loss 0.1064
  [A_01f3186607 alpha]     epoch 200/300: loss 0.1035
  [A_01f3186607 alpha]     epoch 250/300: loss 0.1024
  [A_01f3186607 alpha]     epoch 300/300: loss 0.1022
  [A_01f3186607 head]     epoch 50/300: loss 0.0708
  [A_01f3186607 head]     epoch 100/300: loss 0.04645
  [A_01f3186607 head]     epoch 150/300: loss 0.03711
  [A_01f3186607 head]     epoch 200/300: loss 0.03189
  [A_01f3186607 head]     epoch 250/300: loss 0.02845
  [A_01f3186607 head]     epoch 300/300: loss 0.02589
  [A_01f3186607 lora]     epoch 50/300: loss 0.03792
  [A_01f3186607 lora]     epoch 100/300: loss 0.02536
  [A_01f3186607 lora]     epoch 150/300: loss 0.01745
  [A_01f3186607 lora]     epoch 200/300: loss 0.01203
  [A_01f3186607 lora]     epoch 250/300: loss 0.008905
  [A_01f3186607 lora]     epoch 300/300: loss 0.006869
A_01f3186607: zero ω 63.54 | α-scaling 0.32 / 34.47 | network as is 0.99 / 61.45 | α tuned 0.29 / 26.34 | head tuned 0.31 / 25.13 | lora r4: 0.48 / 12.80 ring-ip
  [A_6e858b26e5 alpha]     epoch 50/300: loss 0.1425
  [A_6e858b26e5 alpha]     epoch 100/300: loss 0.1181
  [A_6e858b26e5 alpha]     epoch 150/300: loss 0.1096
  [A_6e858b26e5 alpha]     epoch 200/300: loss 0.1057
  [A_6e858b26e5 alpha]     epoch 250/300: loss 0.1041
  [A_6e858b26e5 alpha]     epoch 300/300: loss 0.1035
  [A_6e858b26e5 head]     epoch 50/300: loss 0.08242
  [A_6e858b26e5 head]     epoch 100/300: loss 0.05973
  [A_6e858b26e5 head]     epoch 150/300: loss 0.05055
  [A_6e858b26e5 head]     epoch 200/300: loss 0.04446
  [A_6e858b26e5 head]     epoch 250/300: loss 0.04
  [A_6e858b26e5 head]     epoch 300/300: loss 0.0366
  [A_6e858b26e5 lora]     epoch 50/300: loss 0.06608
  [A_6e858b26e5 lora]     epoch 100/300: loss 0.03388
  [A_6e858b26e5 lora]     epoch 150/300: loss 0.02265
  [A_6e858b26e5 lora]     epoch 200/300: loss 0.01758
  [A_6e858b26e5 lora]     epoch 250/300: loss 0.01421
  [A_6e858b26e5 lora]     epoch 300/300: loss 0.01164
A_6e858b26e5: zero ω 55.24 | α-scaling 0.23 / 12.99 | network as is 0.88 / 51.78 | α tuned 0.27 / 12.81 | head tuned 0.23 / 8.55 | lora r4: 0.36 / 5.43 ring-ip
  [A_8448043181 alpha]     epoch 50/300: loss 0.1521
  [A_8448043181 alpha]     epoch 100/300: loss 0.1283
  [A_8448043181 alpha]     epoch 150/300: loss 0.1202
  [A_8448043181 alpha]     epoch 200/300: loss 0.1167
  [A_8448043181 alpha]     epoch 250/300: loss 0.1153
  [A_8448043181 alpha]     epoch 300/300: loss 0.1148
  [A_8448043181 head]     epoch 50/300: loss 0.08786
  [A_8448043181 head]     epoch 100/300: loss 0.0653
  [A_8448043181 head]     epoch 150/300: loss 0.05591
  [A_8448043181 head]     epoch 200/300: loss 0.04969
  [A_8448043181 head]     epoch 250/300: loss 0.04517
  [A_8448043181 head]     epoch 300/300: loss 0.04175
  [A_8448043181 lora]     epoch 50/300: loss 0.06331
  [A_8448043181 lora]     epoch 100/300: loss 0.03892
  [A_8448043181 lora]     epoch 150/300: loss 0.02732
  [A_8448043181 lora]     epoch 200/300: loss 0.02128
  [A_8448043181 lora]     epoch 250/300: loss 0.01711
  [A_8448043181 lora]     epoch 300/300: loss 0.01371
A_8448043181: zero ω 61.65 | α-scaling 0.12 / 22.27 | network as is 0.92 / 57.65 | α tuned 0.17 / 15.57 | head tuned 0.09 / 13.50 | lora r4: 0.06 / 4.82 ring-ip
  [B_8b12a55d3a alpha]     epoch 50/300: loss 0.1441
  [B_8b12a55d3a alpha]     epoch 100/300: loss 0.1192
  [B_8b12a55d3a alpha]     epoch 150/300: loss 0.1107
  [B_8b12a55d3a alpha]     epoch 200/300: loss 0.1068
  [B_8b12a55d3a alpha]     epoch 250/300: loss 0.1052
  [B_8b12a55d3a alpha]     epoch 300/300: loss 0.1046
  [B_8b12a55d3a head]     epoch 50/300: loss 0.08004
  [B_8b12a55d3a head]     epoch 100/300: loss 0.05431
  [B_8b12a55d3a head]     epoch 150/300: loss 0.04414
  [B_8b12a55d3a head]     epoch 200/300: loss 0.03817
  [B_8b12a55d3a head]     epoch 250/300: loss 0.03416
  [B_8b12a55d3a head]     epoch 300/300: loss 0.03125
  [B_8b12a55d3a lora]     epoch 50/300: loss 0.05752
  [B_8b12a55d3a lora]     epoch 100/300: loss 0.03371
  [B_8b12a55d3a lora]     epoch 150/300: loss 0.02325
  [B_8b12a55d3a lora]     epoch 200/300: loss 0.01825
  [B_8b12a55d3a lora]     epoch 250/300: loss 0.01493
  [B_8b12a55d3a lora]     epoch 300/300: loss 0.01244
B_8b12a55d3a: zero ω 53.63 | α-scaling 0.18 / 13.86 | network as is 0.99 / 49.29 | α tuned 0.22 / 10.88 | head tuned 0.26 / 6.87 | lora r4: 0.25 / 8.07 ring-ip
# T3 — leave-one-anchor-out transfer to CCSD(T)/cc-pVDZ (2026-10-03 07:25)

Model `E7_rungC_carried_kd_750_saved_2026-10-02_model_n750_seed1.pt` ({'pattern': 'f', 'aux_mode': 'both', 'aux_target': 'projected', 'n': 750, 'seed': 1}); fine-tune 300 epochs at lr 0.001, aux weight 1; low levels {'A_8448043181': 'hessian_b3lyp_analytic.npz', 'B_8b12a55d3a': 'hessian_b3lyp_analytic.npz', 'A_6e858b26e5': 'hessian_b3lyp_analytic.npz', 'A_01f3186607': 'hessian_b3lyp_analytic.npz'}.

| held-out anchor | read-out | zero rule | α scaling (3 anchors) | network as is | network, α tuned | network, head tuned | α + rank-4 adapter |
|---|---|---|---|---|---|---|---|
| A_01f3186607 | ring-coupling ratio | 1.00 | 0.32 | 0.99 | 0.29 | 0.31 | 0.48 |
| A_01f3186607 | ω rms, all modes (cm⁻¹) | 63.54 | 34.47 | 61.45 | 26.34 | 25.13 | 25.01 |
| A_01f3186607 | ΔH residual | 1.00 | 0.59 | 0.94 | 0.53 | 0.49 | 0.52 |
| A_01f3186607 | ω rms ring-ip (cm⁻¹) | 25.95 | 10.19 | 19.84 | 5.95 | 8.86 | 12.80 |
| A_01f3186607 | ω rms CH-stretch (cm⁻¹) | 97.84 | 9.65 | 54.84 | 5.14 | 4.62 | 3.82 |
| A_01f3186607 | ω rms CH-oop (cm⁻¹) | 75.97 | 51.81 | 94.35 | 36.35 | 38.51 | 41.07 |
| A_01f3186607 | ω rms other (cm⁻¹) | 64.89 | 48.52 | 75.08 | 39.54 | 34.71 | 31.02 |
| A_01f3186607 | per-family diag rms, head tuned | — | — | — | — | CH-stretch 4.9, CH-oop 35.8, ring-ip 8.9, other 34.0 |
| A_6e858b26e5 | ring-coupling ratio | 1.00 | 0.23 | 0.88 | 0.27 | 0.23 | 0.36 |
| A_6e858b26e5 | ω rms, all modes (cm⁻¹) | 55.24 | 12.99 | 51.78 | 12.81 | 8.55 | 9.64 |
| A_6e858b26e5 | ΔH residual | 1.00 | 0.27 | 0.88 | 0.26 | 0.26 | 0.27 |
| A_6e858b26e5 | ω rms ring-ip (cm⁻¹) | 25.92 | 7.29 | 30.79 | 6.67 | 4.44 | 5.43 |
| A_6e858b26e5 | ω rms CH-stretch (cm⁻¹) | 97.68 | 7.68 | 56.35 | 4.25 | 2.22 | 5.73 |
| A_6e858b26e5 | ω rms CH-oop (cm⁻¹) | 52.40 | 10.97 | 71.05 | 22.42 | 16.71 | 17.60 |
| A_6e858b26e5 | ω rms other (cm⁻¹) | 50.39 | 26.93 | 60.90 | 14.06 | 2.96 | 5.76 |
| A_6e858b26e5 | per-family diag rms, head tuned | — | — | — | — | CH-stretch 2.5, CH-oop 16.5, ring-ip 4.8, other 2.6 |
| A_8448043181 | ring-coupling ratio | 1.00 | 0.12 | 0.92 | 0.17 | 0.09 | 0.06 |
| A_8448043181 | ω rms, all modes (cm⁻¹) | 61.65 | 22.27 | 57.65 | 15.57 | 13.50 | 12.97 |
| A_8448043181 | ΔH residual | 1.00 | 0.37 | 0.93 | 0.33 | 0.23 | 0.20 |
| A_8448043181 | ω rms ring-ip (cm⁻¹) | 24.96 | 6.37 | 22.92 | 6.21 | 4.83 | 4.82 |
| A_8448043181 | ω rms CH-stretch (cm⁻¹) | 99.29 | 10.71 | 58.87 | 8.98 | 3.96 | 3.51 |
| A_8448043181 | ω rms CH-oop (cm⁻¹) | 72.03 | 33.08 | 91.31 | 17.21 | 23.32 | 23.70 |
| A_8448043181 | ω rms other (cm⁻¹) | 55.94 | 37.68 | 66.40 | 30.02 | 19.00 | 16.13 |
| A_8448043181 | per-family diag rms, head tuned | — | — | — | — | CH-stretch 4.1, CH-oop 24.1, ring-ip 5.0, other 15.5 |
| B_8b12a55d3a | ring-coupling ratio | 1.00 | 0.18 | 0.99 | 0.22 | 0.26 | 0.25 |
| B_8b12a55d3a | ω rms, all modes (cm⁻¹) | 53.63 | 13.86 | 49.29 | 10.88 | 6.87 | 9.78 |
| B_8b12a55d3a | ΔH residual | 1.00 | 0.35 | 0.89 | 0.32 | 0.40 | 0.28 |
| B_8b12a55d3a | ω rms ring-ip (cm⁻¹) | 28.30 | 7.80 | 26.14 | 5.39 | 6.23 | 8.07 |
| B_8b12a55d3a | ω rms CH-stretch (cm⁻¹) | 98.61 | 7.43 | 56.24 | 5.18 | 2.37 | 6.40 |
| B_8b12a55d3a | ω rms CH-oop (cm⁻¹) | 59.50 | 17.06 | 80.44 | 17.04 | 10.66 | 17.09 |
| B_8b12a55d3a | ω rms other (cm⁻¹) | 35.98 | 20.32 | 45.45 | 14.21 | 6.64 | 7.28 |
| B_8b12a55d3a | per-family diag rms, head tuned | — | — | — | — | CH-stretch 3.1, CH-oop 10.9, ring-ip 9.1, other 6.2 |

165 s.
=== chain 32 r 4 seed 1 done Sat Oct  3 07:27:50 WEDT 2026
model E7_rungC_carried_kd_750_saved_2026-10-02_model_n750_seed2.pt: pattern f, aux both, target projected; anchors ['A_01f3186607', 'A_6e858b26e5', 'A_8448043181', 'B_8b12a55d3a']
  [A_01f3186607 alpha]     epoch 50/300: loss 0.1368
  [A_01f3186607 alpha]     epoch 100/300: loss 0.1135
  [A_01f3186607 alpha]     epoch 150/300: loss 0.1069
  [A_01f3186607 alpha]     epoch 200/300: loss 0.1044
  [A_01f3186607 alpha]     epoch 250/300: loss 0.1036
  [A_01f3186607 alpha]     epoch 300/300: loss 0.1034
  [A_01f3186607 head]     epoch 50/300: loss 0.06836
  [A_01f3186607 head]     epoch 100/300: loss 0.04413
  [A_01f3186607 head]     epoch 150/300: loss 0.03512
  [A_01f3186607 head]     epoch 200/300: loss 0.02977
  [A_01f3186607 head]     epoch 250/300: loss 0.02598
  [A_01f3186607 head]     epoch 300/300: loss 0.02308
  [A_01f3186607 lora]     epoch 50/300: loss 0.04677
  [A_01f3186607 lora]     epoch 100/300: loss 0.02158
  [A_01f3186607 lora]     epoch 150/300: loss 0.0133
  [A_01f3186607 lora]     epoch 200/300: loss 0.009465
  [A_01f3186607 lora]     epoch 250/300: loss 0.006818
  [A_01f3186607 lora]     epoch 300/300: loss 0.004791
A_01f3186607: zero ω 63.54 | α-scaling 0.32 / 34.47 | network as is 1.00 / 61.07 | α tuned 0.26 / 26.50 | head tuned 0.67 / 21.92 | lora r4: 0.41 / 9.90 ring-ip
  [A_6e858b26e5 alpha]     epoch 50/300: loss 0.1414
  [A_6e858b26e5 alpha]     epoch 100/300: loss 0.1181
  [A_6e858b26e5 alpha]     epoch 150/300: loss 0.1102
  [A_6e858b26e5 alpha]     epoch 200/300: loss 0.1068
  [A_6e858b26e5 alpha]     epoch 250/300: loss 0.1054
  [A_6e858b26e5 alpha]     epoch 300/300: loss 0.1049
  [A_6e858b26e5 head]     epoch 50/300: loss 0.08187
  [A_6e858b26e5 head]     epoch 100/300: loss 0.05621
  [A_6e858b26e5 head]     epoch 150/300: loss 0.04631
  [A_6e858b26e5 head]     epoch 200/300: loss 0.04038
  [A_6e858b26e5 head]     epoch 250/300: loss 0.03629
  [A_6e858b26e5 head]     epoch 300/300: loss 0.0332
  [A_6e858b26e5 lora]     epoch 50/300: loss 0.06076
  [A_6e858b26e5 lora]     epoch 100/300: loss 0.03662
  [A_6e858b26e5 lora]     epoch 150/300: loss 0.02385
  [A_6e858b26e5 lora]     epoch 200/300: loss 0.01674
  [A_6e858b26e5 lora]     epoch 250/300: loss 0.01281
  [A_6e858b26e5 lora]     epoch 300/300: loss 0.01043
A_6e858b26e5: zero ω 55.24 | α-scaling 0.23 / 12.99 | network as is 0.89 / 50.78 | α tuned 0.27 / 12.96 | head tuned 0.28 / 7.44 | lora r4: 0.31 / 10.92 ring-ip
  [A_8448043181 alpha]     epoch 50/300: loss 0.1499
  [A_8448043181 alpha]     epoch 100/300: loss 0.1268
  [A_8448043181 alpha]     epoch 150/300: loss 0.1193
  [A_8448043181 alpha]     epoch 200/300: loss 0.1161
  [A_8448043181 alpha]     epoch 250/300: loss 0.115
  [A_8448043181 alpha]     epoch 300/300: loss 0.1146
  [A_8448043181 head]     epoch 50/300: loss 0.08621
  [A_8448043181 head]     epoch 100/300: loss 0.06158
  [A_8448043181 head]     epoch 150/300: loss 0.05189
  [A_8448043181 head]     epoch 200/300: loss 0.04606
  [A_8448043181 head]     epoch 250/300: loss 0.04201
  [A_8448043181 head]     epoch 300/300: loss 0.03896
  [A_8448043181 lora]     epoch 50/300: loss 0.0644
  [A_8448043181 lora]     epoch 100/300: loss 0.0365
  [A_8448043181 lora]     epoch 150/300: loss 0.02628
  [A_8448043181 lora]     epoch 200/300: loss 0.01998
  [A_8448043181 lora]     epoch 250/300: loss 0.01613
  [A_8448043181 lora]     epoch 300/300: loss 0.01342
A_8448043181: zero ω 61.65 | α-scaling 0.12 / 22.27 | network as is 0.92 / 55.77 | α tuned 0.17 / 14.98 | head tuned 0.07 / 9.20 | lora r4: 0.03 / 3.64 ring-ip
  [B_8b12a55d3a alpha]     epoch 50/300: loss 0.1417
  [B_8b12a55d3a alpha]     epoch 100/300: loss 0.1181
  [B_8b12a55d3a alpha]     epoch 150/300: loss 0.1103
  [B_8b12a55d3a alpha]     epoch 200/300: loss 0.107
  [B_8b12a55d3a alpha]     epoch 250/300: loss 0.1057
  [B_8b12a55d3a alpha]     epoch 300/300: loss 0.1052
  [B_8b12a55d3a head]     epoch 50/300: loss 0.08105
  [B_8b12a55d3a head]     epoch 100/300: loss 0.054
  [B_8b12a55d3a head]     epoch 150/300: loss 0.04371
  [B_8b12a55d3a head]     epoch 200/300: loss 0.0377
  [B_8b12a55d3a head]     epoch 250/300: loss 0.03356
  [B_8b12a55d3a head]     epoch 300/300: loss 0.03047
  [B_8b12a55d3a lora]     epoch 50/300: loss 0.05811
  [B_8b12a55d3a lora]     epoch 100/300: loss 0.03208
  [B_8b12a55d3a lora]     epoch 150/300: loss 0.02151
  [B_8b12a55d3a lora]     epoch 200/300: loss 0.01524
  [B_8b12a55d3a lora]     epoch 250/300: loss 0.01141
  [B_8b12a55d3a lora]     epoch 300/300: loss 0.009008
B_8b12a55d3a: zero ω 53.63 | α-scaling 0.18 / 13.86 | network as is 0.98 / 48.83 | α tuned 0.22 / 10.77 | head tuned 0.15 / 5.67 | lora r4: 0.30 / 11.69 ring-ip
# T3 — leave-one-anchor-out transfer to CCSD(T)/cc-pVDZ (2026-10-03 07:28)

Model `E7_rungC_carried_kd_750_saved_2026-10-02_model_n750_seed2.pt` ({'pattern': 'f', 'aux_mode': 'both', 'aux_target': 'projected', 'n': 750, 'seed': 2}); fine-tune 300 epochs at lr 0.001, aux weight 1; low levels {'A_8448043181': 'hessian_b3lyp_analytic.npz', 'B_8b12a55d3a': 'hessian_b3lyp_analytic.npz', 'A_6e858b26e5': 'hessian_b3lyp_analytic.npz', 'A_01f3186607': 'hessian_b3lyp_analytic.npz'}.

| held-out anchor | read-out | zero rule | α scaling (3 anchors) | network as is | network, α tuned | network, head tuned | α + rank-4 adapter |
|---|---|---|---|---|---|---|---|
| A_01f3186607 | ring-coupling ratio | 1.00 | 0.32 | 1.00 | 0.26 | 0.67 | 0.41 |
| A_01f3186607 | ω rms, all modes (cm⁻¹) | 63.54 | 34.47 | 61.07 | 26.50 | 21.92 | 26.73 |
| A_01f3186607 | ΔH residual | 1.00 | 0.59 | 0.94 | 0.53 | 0.54 | 0.51 |
| A_01f3186607 | ω rms ring-ip (cm⁻¹) | 25.95 | 10.19 | 20.31 | 5.77 | 12.11 | 9.90 |
| A_01f3186607 | ω rms CH-stretch (cm⁻¹) | 97.84 | 9.65 | 54.81 | 5.06 | 1.41 | 4.70 |
| A_01f3186607 | ω rms CH-oop (cm⁻¹) | 75.97 | 51.81 | 93.00 | 37.03 | 33.39 | 40.11 |
| A_01f3186607 | ω rms other (cm⁻¹) | 64.89 | 48.52 | 74.81 | 39.59 | 28.65 | 37.29 |
| A_01f3186607 | per-family diag rms, head tuned | — | — | — | — | CH-stretch 1.6, CH-oop 34.7, ring-ip 14.2, other 27.1 |
| A_6e858b26e5 | ring-coupling ratio | 1.00 | 0.23 | 0.89 | 0.27 | 0.28 | 0.31 |
| A_6e858b26e5 | ω rms, all modes (cm⁻¹) | 55.24 | 12.99 | 50.78 | 12.96 | 7.44 | 9.41 |
| A_6e858b26e5 | ΔH residual | 1.00 | 0.27 | 0.87 | 0.26 | 0.25 | 0.35 |
| A_6e858b26e5 | ω rms ring-ip (cm⁻¹) | 25.92 | 7.29 | 30.78 | 6.53 | 5.16 | 10.92 |
| A_6e858b26e5 | ω rms CH-stretch (cm⁻¹) | 97.68 | 7.68 | 55.48 | 3.72 | 1.87 | 5.03 |
| A_6e858b26e5 | ω rms CH-oop (cm⁻¹) | 52.40 | 10.97 | 69.12 | 23.35 | 13.79 | 11.69 |
| A_6e858b26e5 | ω rms other (cm⁻¹) | 50.39 | 26.93 | 59.57 | 13.07 | 1.97 | 1.78 |
| A_6e858b26e5 | per-family diag rms, head tuned | — | — | — | — | CH-stretch 1.9, CH-oop 13.3, ring-ip 6.0, other 1.8 |
| A_8448043181 | ring-coupling ratio | 1.00 | 0.12 | 0.92 | 0.17 | 0.07 | 0.03 |
| A_8448043181 | ω rms, all modes (cm⁻¹) | 61.65 | 22.27 | 55.77 | 14.98 | 9.20 | 11.32 |
| A_8448043181 | ΔH residual | 1.00 | 0.37 | 0.91 | 0.32 | 0.17 | 0.13 |
| A_8448043181 | ω rms ring-ip (cm⁻¹) | 24.96 | 6.37 | 22.99 | 6.12 | 3.89 | 3.64 |
| A_8448043181 | ω rms CH-stretch (cm⁻¹) | 99.29 | 10.71 | 56.51 | 6.34 | 2.26 | 8.69 |
| A_8448043181 | ω rms CH-oop (cm⁻¹) | 72.03 | 33.08 | 88.19 | 18.50 | 16.08 | 21.01 |
| A_8448043181 | ω rms other (cm⁻¹) | 55.94 | 37.68 | 64.23 | 28.10 | 12.33 | 10.71 |
| A_8448043181 | per-family diag rms, head tuned | — | — | — | — | CH-stretch 2.3, CH-oop 18.1, ring-ip 4.0, other 8.6 |
| B_8b12a55d3a | ring-coupling ratio | 1.00 | 0.18 | 0.98 | 0.22 | 0.15 | 0.30 |
| B_8b12a55d3a | ω rms, all modes (cm⁻¹) | 53.63 | 13.86 | 48.83 | 10.77 | 5.67 | 10.42 |
| B_8b12a55d3a | ΔH residual | 1.00 | 0.35 | 0.89 | 0.32 | 0.22 | 0.30 |
| B_8b12a55d3a | ω rms ring-ip (cm⁻¹) | 28.30 | 7.80 | 26.05 | 5.14 | 3.67 | 11.69 |
| B_8b12a55d3a | ω rms CH-stretch (cm⁻¹) | 98.61 | 7.43 | 55.92 | 4.75 | 1.23 | 5.21 |
| B_8b12a55d3a | ω rms CH-oop (cm⁻¹) | 59.50 | 17.06 | 79.45 | 16.53 | 10.79 | 14.18 |
| B_8b12a55d3a | ω rms other (cm⁻¹) | 35.98 | 20.32 | 44.98 | 14.51 | 5.17 | 7.69 |
| B_8b12a55d3a | per-family diag rms, head tuned | — | — | — | — | CH-stretch 1.6, CH-oop 11.7, ring-ip 3.2, other 4.7 |

127 s.
=== chain 32 r 4 seed 2 done Sat Oct  3 07:30:03 WEDT 2026
=== chain 32 finished Sat Oct  3 07:30:03 WEDT 2026
