=== chain 7 start Thu Oct  1 11:21:53 WEDT 2026
analytic second-route Hessians substituted for 27 molecules
799 molecules; pool 176; hold-out (a) 10, (b) 39 (['fluoranthene', 'fluorene']); sizes [175]; seeds [0, 1, 2]; epochs 200; threads 8; model 171,554 parameters, sum aggregation
  rung B's 66 pair features added to the hybrid head (standardised on the fit molecules)
  hybrid head: 303,618 parameters; F_low input scales 0.0361, 0.252, 0.0982; SQM α per class on
  fresh sum body pre-flight: worst |output| 27.8 on the training molecules
  internal term on the pair model's pattern; class scales diag_bond 1.92e+09, diag_angle 1.97e+09, diag_dihedral 1.18e+09, diag_other 7.26e+08, off_bondbond 1.31e+09, off_other 3.3e+09, off_twobond 5.02e+09
    seed 0 epoch 1/200: loss main 1.354e+18 aux 0.9277 val 0.6201 (6 s)
    seed 0 epoch 10/200: loss main 1.352e+18 aux 0.9277 val 0.6201 (59 s)
    seed 0 epoch 20/200: loss main 1.349e+18 aux 0.9277 val 0.6201 (115 s)
    seed 0 epoch 30/200: loss main 1.347e+18 aux 0.9277 val 0.6201 (171 s)
    seed 0 epoch 40/200: loss main 1.344e+18 aux 0.9277 val 0.6201 (227 s)
    seed 0 epoch 50/200: loss main 1.341e+18 aux 0.9276 val 0.6201 (282 s)
    seed 0 epoch 60/200: loss main 1.339e+18 aux 0.9276 val 0.62 (336 s)
    seed 0 epoch 70/200: loss main 1.336e+18 aux 0.9276 val 0.62 (392 s)
    seed 0 epoch 80/200: loss main 1.334e+18 aux 0.9276 val 0.62 (447 s)
    seed 0 epoch 90/200: loss main 1.331e+18 aux 0.9276 val 0.62 (502 s)
    seed 0 epoch 100/200: loss main 1.329e+18 aux 0.9276 val 0.62 (556 s)
    seed 0 epoch 110/200: loss main 1.326e+18 aux 0.9276 val 0.62 (611 s)
    seed 0 epoch 120/200: loss main 1.324e+18 aux 0.9275 val 0.62 (665 s)
    seed 0 epoch 130/200: loss main 1.321e+18 aux 0.9275 val 0.6199 (722 s)
    seed 0 epoch 140/200: loss main 1.319e+18 aux 0.9275 val 0.6199 (779 s)
    seed 0 epoch 150/200: loss main 1.316e+18 aux 0.9275 val 0.6199 (835 s)
    seed 0 epoch 160/200: loss main 1.314e+18 aux 0.9275 val 0.6199 (890 s)
    seed 0 epoch 170/200: loss main 1.311e+18 aux 0.9275 val 0.6199 (944 s)
    seed 0 epoch 180/200: loss main 1.309e+18 aux 0.9275 val 0.6199 (1002 s)
    seed 0 epoch 190/200: loss main 1.306e+18 aux 0.9274 val 0.6199 (1057 s)
    seed 0 epoch 200/200: loss main 1.304e+18 aux 0.9274 val 0.6198 (1111 s)
  n=175 seed 0: inner validation internal term 0.6198 on 26 molecules (fit on 149)
  n=175 seed 0 (a): ring couplings 1658657721589.02 vs zero 3.76 (ratio 441173216400.79) | corrected ω 139812493.26 (zero 23.27) | ΔH residual ratio 240248922694.603
  n=175 seed 0 (b): ring couplings 1835327872974.11 vs zero 3.74 (ratio 491001492584.03) | corrected ω 148010468.73 (zero 23.09) | ΔH residual ratio 301997807211.534
  rung B's 66 pair features added to the hybrid head (standardised on the fit molecules)
  hybrid head: 303,618 parameters; F_low input scales 0.0361, 0.252, 0.0981; SQM α per class on
  fresh sum body pre-flight: worst |output| 18.9 on the training molecules
  internal term on the pair model's pattern; class scales diag_bond 1.89e+09, diag_angle 2.03e+09, diag_dihedral 1.19e+09, diag_other 7.24e+08, off_bondbond 1.27e+09, off_other 3.28e+09, off_twobond 5.04e+09
    seed 1 epoch 1/200: loss main 2.921e+18 aux 0.9557 val 0.7517 (6 s)
    seed 1 epoch 10/200: loss main 3.965e+18 aux 0.9728 val 0.7516 (61 s)
    seed 1 epoch 20/200: loss main 3.959e+18 aux 0.9727 val 0.7515 (123 s)
    seed 1 epoch 30/200: loss main 3.953e+18 aux 0.9726 val 0.7514 (200 s)
    seed 1 epoch 40/200: loss main 3.947e+18 aux 0.9725 val 0.7513 (291 s)
=== chain 7 stopped 11:5x: the unregularised LS target explodes (entries 1e7–1e10 a.u.); regularised target follows
=== chain 7b start Thu Oct  1 12:17:59 WEDT 2026
analytic second-route Hessians substituted for 27 molecules
Traceback (most recent call last):
  File "C:\Users\thebr\Documents\CapstonePlan\plans\05_delta-probed-ir-pipeline\modules\05_support_predictor\m05\rungC_train.py", line 590, in <module>
    sys.exit(main())
             ~~~~^^
  File "C:\Users\thebr\Documents\CapstonePlan\plans\05_delta-probed-ir-pipeline\modules\05_support_predictor\m05\rungC_train.py", line 508, in main
    raise RuntimeError(f"{i}: LS target entries {scale_ratio:.3g}× the projected target's — the unregularised blow-up of 1 Oct 11:4x; "
                       f"raise --ls-lam (now {a.ls_lam:g})")
RuntimeError: A2_05a9e0e4c8: LS target entries 1.25e+18× the projected target's — the unregularised blow-up of 1 Oct 11:4x; raise --ls-lam (now 0.001)
=== LEVER 4 175 FAILED Thu Oct  1 12:18:33 WEDT 2026
=== chain 7 finished Thu Oct  1 12:18:33 WEDT 2026
=== chain 7b start Thu Oct  1 13:07:47 WEDT 2026
analytic second-route Hessians substituted for 27 molecules
799 molecules; pool 176; hold-out (a) 10, (b) 39 (['fluoranthene', 'fluorene']); sizes [175]; seeds [0, 1, 2]; epochs 200; threads 8; model 171,554 parameters, sum aggregation
  rung B's 66 pair features added to the hybrid head (standardised on the fit molecules)
  hybrid head: 303,636 parameters; F_low input scales 0.0361, 0.252, 0.0982; SQM α per class on
  fresh sum body pre-flight: worst |output| 27.8 on the training molecules
  internal term on the pair model's pattern; class scales diag_bond 0.1, diag_angle 0.1, diag_dihedral 0.1, diag_other 0.1, off_bondbond 0.1, off_other 0.1, off_twobond 0.1, off_dist2 1, off_dist3 1
    seed 0 epoch 1/200: loss main 1.465e-05 aux 0.0003482 val 0.000154 (6 s)
    seed 0 epoch 10/200: loss main 8.203e-07 aux 0.0001363 val 0.0001388 (58 s)
    seed 0 epoch 20/200: loss main 6.822e-07 aux 0.0001288 val 0.000133 (116 s)
    seed 0 epoch 30/200: loss main 6.084e-07 aux 0.0001237 val 0.0001283 (174 s)
    seed 0 epoch 40/200: loss main 6.478e-07 aux 0.0001208 val 0.000127 (232 s)
    seed 0 epoch 50/200: loss main 5.272e-07 aux 0.0001157 val 0.000124 (296 s)
    seed 0 epoch 60/200: loss main 4.691e-07 aux 0.000111 val 0.0001182 (364 s)
    seed 0 epoch 70/200: loss main 4.036e-07 aux 0.0001078 val 0.000116 (431 s)
    seed 0 epoch 80/200: loss main 4.182e-07 aux 0.0001052 val 0.0001145 (503 s)
    seed 0 epoch 90/200: loss main 3.621e-07 aux 0.0001027 val 0.0001135 (570 s)
    seed 0 epoch 100/200: loss main 3.435e-07 aux 0.0001005 val 0.0001132 (640 s)
    seed 0 epoch 110/200: loss main 3.422e-07 aux 9.765e-05 val 0.0001116 (708 s)
    seed 0 epoch 120/200: loss main 3.327e-07 aux 9.693e-05 val 0.0001095 (777 s)
    seed 0 epoch 130/200: loss main 3.312e-07 aux 9.355e-05 val 0.0001091 (844 s)
    seed 0 epoch 140/200: loss main 3.383e-07 aux 9.178e-05 val 0.0001088 (908 s)
    seed 0 epoch 150/200: loss main 3.547e-07 aux 9.249e-05 val 0.0001077 (979 s)
    seed 0 epoch 160/200: loss main 3.738e-07 aux 8.882e-05 val 0.0001089 (1047 s)
    seed 0 epoch 170/200: loss main 3.805e-07 aux 8.846e-05 val 0.0001081 (1118 s)
    seed 0 epoch 180/200: loss main 4.27e-07 aux 8.621e-05 val 0.0001086 (1205 s)
    seed 0: early stop at epoch 187, best inner val 0.0001067 at epoch 167
  n=175 seed 0: inner validation internal term 0.0001067 on 26 molecules (fit on 149)
  n=175 seed 0 (a): ring couplings 1.68 vs zero 3.76 (ratio 0.45) | corrected ω 4.43 (zero 23.27) | ΔH residual ratio 0.252
  n=175 seed 0 (b): ring couplings 1.84 vs zero 3.74 (ratio 0.49) | corrected ω 5.49 (zero 23.09) | ΔH residual ratio 0.328
  rung B's 66 pair features added to the hybrid head (standardised on the fit molecules)
  hybrid head: 303,636 parameters; F_low input scales 0.0361, 0.252, 0.0981; SQM α per class on
  fresh sum body pre-flight: worst |output| 18.9 on the training molecules
  internal term on the pair model's pattern; class scales diag_bond 0.1, diag_angle 0.1, diag_dihedral 0.1, diag_other 0.1, off_bondbond 0.1, off_other 0.1, off_twobond 0.1, off_dist2 1, off_dist3 1
    seed 1 epoch 1/200: loss main 1.177e-05 aux 0.0003088 val 0.0001533 (8 s)
    seed 1 epoch 10/200: loss main 9.526e-07 aux 0.0001364 val 0.0001367 (84 s)
    seed 1 epoch 20/200: loss main 7.035e-07 aux 0.000128 val 0.0001309 (170 s)
    seed 1 epoch 30/200: loss main 6.46e-07 aux 0.0001235 val 0.0001239 (248 s)
    seed 1 epoch 40/200: loss main 6.174e-07 aux 0.0001198 val 0.0001219 (316 s)
    seed 1 epoch 50/200: loss main 5.569e-07 aux 0.0001166 val 0.0001192 (384 s)
    seed 1 epoch 60/200: loss main 5.403e-07 aux 0.0001129 val 0.0001189 (451 s)
    seed 1 epoch 70/200: loss main 5.021e-07 aux 0.0001101 val 0.0001164 (516 s)
    seed 1 epoch 80/200: loss main 4.01e-07 aux 0.0001057 val 0.0001158 (580 s)
    seed 1 epoch 90/200: loss main 4.341e-07 aux 0.0001058 val 0.0001112 (644 s)
    seed 1 epoch 100/200: loss main 3.503e-07 aux 0.0001011 val 0.0001099 (707 s)
    seed 1 epoch 110/200: loss main 3.744e-07 aux 0.000101 val 0.0001095 (770 s)
    seed 1 epoch 120/200: loss main 3.351e-07 aux 9.671e-05 val 0.0001053 (833 s)
    seed 1 epoch 130/200: loss main 3.293e-07 aux 9.454e-05 val 0.0001031 (897 s)
    seed 1 epoch 140/200: loss main 3.489e-07 aux 9.447e-05 val 0.0001043 (961 s)
    seed 1 epoch 150/200: loss main 3.809e-07 aux 9.208e-05 val 0.000104 (1025 s)
    seed 1 epoch 160/200: loss main 3.663e-07 aux 9.115e-05 val 0.000102 (1088 s)
    seed 1 epoch 170/200: loss main 3.991e-07 aux 8.981e-05 val 0.0001009 (1153 s)
    seed 1: early stop at epoch 178, best inner val 0.0001 at epoch 158
  n=175 seed 1: inner validation internal term 0.0001 on 26 molecules (fit on 149)
  n=175 seed 1 (a): ring couplings 1.59 vs zero 3.76 (ratio 0.42) | corrected ω 4.34 (zero 23.27) | ΔH residual ratio 0.242
  n=175 seed 1 (b): ring couplings 1.84 vs zero 3.74 (ratio 0.49) | corrected ω 5.56 (zero 23.09) | ΔH residual ratio 0.326
  rung B's 66 pair features added to the hybrid head (standardised on the fit molecules)
  hybrid head: 303,636 parameters; F_low input scales 0.036, 0.252, 0.0982; SQM α per class on
  fresh sum body pre-flight: worst |output| 26.8 on the training molecules
  internal term on the pair model's pattern; class scales diag_bond 0.1, diag_angle 0.1, diag_dihedral 0.1, diag_other 0.1, off_bondbond 0.1, off_other 0.1, off_twobond 0.1, off_dist2 1, off_dist3 1
    seed 2 epoch 1/200: loss main 2.245e-05 aux 0.0004775 val 0.0001364 (6 s)
    seed 2 epoch 10/200: loss main 8.489e-07 aux 0.0001398 val 0.0001249 (63 s)
    seed 2 epoch 20/200: loss main 8.031e-07 aux 0.0001331 val 0.000121 (127 s)
    seed 2 epoch 30/200: loss main 6.798e-07 aux 0.0001267 val 0.0001174 (189 s)
    seed 2 epoch 40/200: loss main 6.352e-07 aux 0.0001225 val 0.0001209 (252 s)
    seed 2 epoch 50/200: loss main 5.886e-07 aux 0.0001202 val 0.0001105 (315 s)
    seed 2 epoch 60/200: loss main 1.085e-06 aux 0.0001251 val 0.000118 (378 s)
    seed 2 epoch 70/200: loss main 5.292e-07 aux 0.0001125 val 0.0001071 (442 s)
    seed 2 epoch 80/200: loss main 6.894e-07 aux 0.0001167 val 0.0001072 (504 s)
    seed 2 epoch 90/200: loss main 3.868e-07 aux 0.0001055 val 0.0001018 (567 s)
    seed 2 epoch 100/200: loss main 4.148e-07 aux 0.0001052 val 0.0001011 (630 s)
    seed 2 epoch 110/200: loss main 3.48e-07 aux 0.0001004 val 0.0001009 (695 s)
    seed 2 epoch 120/200: loss main 3.806e-07 aux 9.959e-05 val 0.0001002 (758 s)
    seed 2 epoch 130/200: loss main 3.39e-07 aux 9.676e-05 val 9.686e-05 (821 s)
    seed 2 epoch 140/200: loss main 3.562e-07 aux 9.564e-05 val 9.673e-05 (885 s)
    seed 2 epoch 150/200: loss main 3.422e-07 aux 9.361e-05 val 9.74e-05 (948 s)
    seed 2 epoch 160/200: loss main 3.529e-07 aux 9.116e-05 val 9.468e-05 (1011 s)
    seed 2 epoch 170/200: loss main 3.846e-07 aux 9.305e-05 val 9.572e-05 (1075 s)
    seed 2 epoch 180/200: loss main 3.989e-07 aux 8.887e-05 val 9.739e-05 (1139 s)
    seed 2: early stop at epoch 180, best inner val 9.468e-05 at epoch 160
  n=175 seed 2: inner validation internal term 9.468e-05 on 26 molecules (fit on 149)
  n=175 seed 2 (a): ring couplings 1.69 vs zero 3.76 (ratio 0.45) | corrected ω 4.57 (zero 23.27) | ΔH residual ratio 0.245
  n=175 seed 2 (b): ring couplings 1.78 vs zero 3.74 (ratio 0.48) | corrected ω 6.52 (zero 23.09) | ΔH residual ratio 0.320
wrote out/E7_rungC_lever4_ls_175_2026-10-01.json/.md in 3708 s
=== lever 4 LS target (175) done Thu Oct  1 14:09:40 WEDT 2026
=== chain 7c finished Thu Oct  1 14:09:40 WEDT 2026
