analytic second-route Hessians substituted for 27 molecules
799 molecules; pool 1; hold-out (a) 1, (b) 1 (['fluoranthene', 'fluorene']); sizes [1]; seeds [0]; epochs 5000; threads 2; model 171,554 parameters, sum aggregation
  hybrid head: 216,083 parameters; F_low input scales 0.0529, 0.256, 0.107
  fresh sum body pre-flight: worst |output| 3.74 on the training molecules
  internal term on the pair model's pattern; class scales diag_bond 0.00966, diag_angle 0.00205, diag_dihedral 0.000966, diag_other 0.000966, off_bondbond 0.00442, off_other 0.000966
    seed 0 epoch 1/5000: loss main 1.762e-05 aux 0.1485 (0 s)
    seed 0 epoch 10/5000: loss main 2.837e-06 aux 0.1064 (0 s)
    seed 0 epoch 20/5000: loss main 1.37e-05 aux 0.07996 (0 s)
    seed 0 epoch 30/5000: loss main 5.935e-06 aux 0.07245 (0 s)
    seed 0 epoch 40/5000: loss main 7.708e-06 aux 0.06442 (1 s)
    seed 0 epoch 50/5000: loss main 1.742e-06 aux 0.0574 (1 s)
    seed 0 epoch 60/5000: loss main 5.658e-06 aux 0.05048 (1 s)
    seed 0 epoch 70/5000: loss main 7.129e-06 aux 0.04616 (1 s)
    seed 0 epoch 80/5000: loss main 2.01e-06 aux 0.03789 (1 s)
    seed 0 epoch 90/5000: loss main 4.765e-06 aux 0.03275 (1 s)
    seed 0 epoch 100/5000: loss main 6.007e-07 aux 0.03065 (1 s)
    seed 0 epoch 110/5000: loss main 4.307e-07 aux 0.0273 (2 s)
    seed 0 epoch 120/5000: loss main 4.427e-07 aux 0.02627 (2 s)
    seed 0 epoch 130/5000: loss main 4.594e-07 aux 0.02439 (2 s)
    seed 0 epoch 140/5000: loss main 4.995e-07 aux 0.02273 (2 s)
    seed 0 epoch 150/5000: loss main 1.107e-06 aux 0.05988 (2 s)
    seed 0 epoch 160/5000: loss main 8.432e-07 aux 0.0309 (2 s)
    seed 0 epoch 170/5000: loss main 1.067e-06 aux 0.02434 (3 s)
    seed 0 epoch 180/5000: loss main 1.034e-06 aux 0.02096 (3 s)
    seed 0 epoch 190/5000: loss main 4.194e-07 aux 0.019 (3 s)
    seed 0 epoch 200/5000: loss main 4.767e-07 aux 0.01688 (3 s)
    seed 0 epoch 210/5000: loss main 2.663e-06 aux 0.02464 (3 s)
    seed 0 epoch 220/5000: loss main 1.019e-06 aux 0.01854 (3 s)
    seed 0 epoch 230/5000: loss main 1.031e-06 aux 0.01528 (3 s)
    seed 0 epoch 240/5000: loss main 4.324e-07 aux 0.01328 (4 s)
    seed 0 epoch 250/5000: loss main 4.453e-07 aux 0.01187 (4 s)
    seed 0 epoch 260/5000: loss main 4.327e-07 aux 0.01056 (4 s)
    seed 0 epoch 270/5000: loss main 3.959e-07 aux 0.009476 (4 s)
    seed 0 epoch 280/5000: loss main 2.83e-06 aux 0.02957 (4 s)
    seed 0 epoch 290/5000: loss main 5.775e-07 aux 0.01372 (4 s)
    seed 0 epoch 300/5000: loss main 8.377e-07 aux 0.01235 (4 s)
    seed 0 epoch 310/5000: loss main 4.852e-07 aux 0.01002 (5 s)
    seed 0 epoch 320/5000: loss main 3.844e-07 aux 0.008536 (5 s)
    seed 0 epoch 330/5000: loss main 3.816e-07 aux 0.007415 (5 s)
    seed 0 epoch 340/5000: loss main 3.909e-07 aux 0.006559 (5 s)
    seed 0 epoch 350/5000: loss main 3.135e-07 aux 0.005773 (5 s)
    seed 0 epoch 360/5000: loss main 2.825e-07 aux 0.005067 (5 s)
    seed 0 epoch 370/5000: loss main 2.727e-07 aux 0.004421 (5 s)
    seed 0 epoch 380/5000: loss main 9.762e-07 aux 0.00962 (6 s)
    seed 0 epoch 390/5000: loss main 2.936e-07 aux 0.005484 (6 s)
    seed 0 epoch 400/5000: loss main 2.6e-07 aux 0.004474 (6 s)
    seed 0 epoch 410/5000: loss main 3.119e-07 aux 0.003508 (6 s)
    seed 0 epoch 420/5000: loss main 2.346e-07 aux 0.002933 (6 s)
    seed 0 epoch 430/5000: loss main 2.122e-07 aux 0.002636 (6 s)
    seed 0 epoch 440/5000: loss main 2.119e-07 aux 0.002375 (6 s)
    seed 0 epoch 450/5000: loss main 1.962e-07 aux 0.002175 (7 s)
    seed 0 epoch 460/5000: loss main 1.967e-07 aux 0.002043 (7 s)
    seed 0 epoch 470/5000: loss main 2.836e-07 aux 0.004422 (7 s)
    seed 0 epoch 480/5000: loss main 4.784e-07 aux 0.003375 (7 s)
    seed 0 epoch 490/5000: loss main 7.304e-07 aux 0.003322 (7 s)
    seed 0 epoch 500/5000: loss main 4.599e-07 aux 0.002397 (7 s)
    seed 0 epoch 510/5000: loss main 2.15e-07 aux 0.002043 (7 s)
    seed 0 epoch 520/5000: loss main 1.866e-07 aux 0.001873 (8 s)
    seed 0 epoch 530/5000: loss main 1.704e-07 aux 0.001779 (8 s)
    seed 0 epoch 540/5000: loss main 1.715e-07 aux 0.00169 (8 s)
    seed 0 epoch 550/5000: loss main 1.66e-07 aux 0.001629 (8 s)
    seed 0 epoch 560/5000: loss main 1.636e-07 aux 0.001581 (8 s)
    seed 0 epoch 570/5000: loss main 1.597e-07 aux 0.001542 (8 s)
    seed 0 epoch 580/5000: loss main 1.578e-07 aux 0.001508 (8 s)
    seed 0 epoch 590/5000: loss main 1.547e-07 aux 0.001478 (9 s)
    seed 0 epoch 600/5000: loss main 1.52e-07 aux 0.001451 (9 s)
    seed 0 epoch 610/5000: loss main 1.495e-07 aux 0.001426 (9 s)
    seed 0 epoch 620/5000: loss main 1.471e-07 aux 0.001403 (9 s)
    seed 0 epoch 630/5000: loss main 5.915e-07 aux 0.007162 (9 s)
    seed 0 epoch 640/5000: loss main 3.659e-06 aux 0.008659 (9 s)
    seed 0 epoch 650/5000: loss main 2.013e-07 aux 0.002871 (10 s)
    seed 0 epoch 660/5000: loss main 2.438e-07 aux 0.002455 (10 s)
    seed 0 epoch 670/5000: loss main 1.883e-07 aux 0.001868 (10 s)
    seed 0 epoch 680/5000: loss main 1.581e-07 aux 0.001632 (10 s)
    seed 0 epoch 690/5000: loss main 1.58e-07 aux 0.001551 (10 s)
    seed 0 epoch 700/5000: loss main 1.545e-07 aux 0.001482 (10 s)
    seed 0 epoch 710/5000: loss main 1.509e-07 aux 0.001439 (10 s)
    seed 0 epoch 720/5000: loss main 1.472e-07 aux 0.001408 (11 s)
    seed 0 epoch 730/5000: loss main 1.463e-07 aux 0.001384 (11 s)
    seed 0 epoch 740/5000: loss main 1.435e-07 aux 0.001363 (11 s)
    seed 0 epoch 750/5000: loss main 1.414e-07 aux 0.001345 (11 s)
    seed 0 epoch 760/5000: loss main 1.399e-07 aux 0.001328 (11 s)
    seed 0 epoch 770/5000: loss main 1.383e-07 aux 0.001312 (11 s)
    seed 0 epoch 780/5000: loss main 1.368e-07 aux 0.001297 (11 s)
    seed 0 epoch 790/5000: loss main 1.355e-07 aux 0.001282 (12 s)
    seed 0 epoch 800/5000: loss main 1.342e-07 aux 0.001268 (12 s)
    seed 0 epoch 810/5000: loss main 1.331e-07 aux 0.001255 (12 s)
    seed 0 epoch 820/5000: loss main 1.319e-07 aux 0.001242 (12 s)
    seed 0 epoch 830/5000: loss main 1.308e-07 aux 0.00123 (12 s)
    seed 0 epoch 840/5000: loss main 1.298e-07 aux 0.001217 (12 s)
    seed 0 epoch 850/5000: loss main 1.288e-07 aux 0.001206 (12 s)
    seed 0 epoch 860/5000: loss main 1.278e-07 aux 0.001195 (13 s)
    seed 0 epoch 870/5000: loss main 1.269e-07 aux 0.001184 (13 s)
    seed 0 epoch 880/5000: loss main 1.26e-07 aux 0.001173 (13 s)
    seed 0 epoch 890/5000: loss main 1.253e-07 aux 0.001163 (13 s)
    seed 0 epoch 900/5000: loss main 1.939e-06 aux 0.009144 (13 s)
    seed 0 epoch 910/5000: loss main 6.61e-07 aux 0.007794 (13 s)
    seed 0 epoch 920/5000: loss main 2.864e-07 aux 0.004044 (13 s)
    seed 0 epoch 930/5000: loss main 1.843e-07 aux 0.003291 (14 s)
    seed 0 epoch 940/5000: loss main 1.615e-07 aux 0.002127 (14 s)
    seed 0 epoch 950/5000: loss main 2.351e-07 aux 0.001831 (14 s)
    seed 0 epoch 960/5000: loss main 1.474e-07 aux 0.001559 (14 s)
    seed 0 epoch 970/5000: loss main 1.444e-07 aux 0.001399 (14 s)
    seed 0 epoch 980/5000: loss main 1.392e-07 aux 0.001318 (14 s)
    seed 0 epoch 990/5000: loss main 1.369e-07 aux 0.001274 (14 s)
    seed 0 epoch 1000/5000: loss main 1.34e-07 aux 0.001247 (15 s)
    seed 0 epoch 1010/5000: loss main 1.324e-07 aux 0.00123 (15 s)
    seed 0 epoch 1020/5000: loss main 1.308e-07 aux 0.001217 (15 s)
    seed 0 epoch 1030/5000: loss main 1.293e-07 aux 0.001206 (15 s)
    seed 0 epoch 1040/5000: loss main 1.28e-07 aux 0.001196 (15 s)
    seed 0 epoch 1050/5000: loss main 1.269e-07 aux 0.001187 (15 s)
    seed 0 epoch 1060/5000: loss main 1.26e-07 aux 0.001178 (15 s)
    seed 0 epoch 1070/5000: loss main 1.251e-07 aux 0.001169 (16 s)
    seed 0 epoch 1080/5000: loss main 1.242e-07 aux 0.00116 (16 s)
    seed 0 epoch 1090/5000: loss main 1.234e-07 aux 0.001152 (16 s)
    seed 0 epoch 1100/5000: loss main 1.226e-07 aux 0.001144 (16 s)
    seed 0 epoch 1110/5000: loss main 1.219e-07 aux 0.001136 (16 s)
    seed 0 epoch 1120/5000: loss main 1.212e-07 aux 0.001128 (16 s)
    seed 0 epoch 1130/5000: loss main 1.205e-07 aux 0.00112 (16 s)
    seed 0 epoch 1140/5000: loss main 1.199e-07 aux 0.001112 (17 s)
    seed 0 epoch 1150/5000: loss main 1.193e-07 aux 0.001104 (17 s)
    seed 0 epoch 1160/5000: loss main 1.187e-07 aux 0.001097 (17 s)
    seed 0 epoch 1170/5000: loss main 1.181e-07 aux 0.00109 (17 s)
    seed 0 epoch 1180/5000: loss main 1.175e-07 aux 0.001082 (17 s)
    seed 0 epoch 1190/5000: loss main 1.17e-07 aux 0.001075 (17 s)
    seed 0 epoch 1200/5000: loss main 1.165e-07 aux 0.001068 (17 s)
    seed 0 epoch 1210/5000: loss main 1.16e-07 aux 0.001061 (18 s)
    seed 0 epoch 1220/5000: loss main 1.156e-07 aux 0.001054 (18 s)
    seed 0 epoch 1230/5000: loss main 1.151e-07 aux 0.001046 (18 s)
    seed 0 epoch 1240/5000: loss main 1.147e-07 aux 0.001039 (18 s)
    seed 0 epoch 1250/5000: loss main 1.143e-07 aux 0.001032 (18 s)
    seed 0 epoch 1260/5000: loss main 1.14e-07 aux 0.001026 (18 s)
    seed 0 epoch 1270/5000: loss main 1.136e-07 aux 0.001019 (19 s)
    seed 0 epoch 1280/5000: loss main 1.133e-07 aux 0.001012 (19 s)
    seed 0 epoch 1290/5000: loss main 1.13e-07 aux 0.001005 (19 s)
    seed 0 epoch 1300/5000: loss main 1.127e-07 aux 0.0009988 (19 s)
    seed 0 epoch 1310/5000: loss main 1.124e-07 aux 0.0009925 (19 s)
    seed 0 epoch 1320/5000: loss main 1.122e-07 aux 0.0009864 (19 s)
    seed 0 epoch 1330/5000: loss main 1.119e-07 aux 0.0009804 (19 s)
    seed 0 epoch 1340/5000: loss main 1.117e-07 aux 0.0009746 (20 s)
    seed 0 epoch 1350/5000: loss main 1.115e-07 aux 0.0009689 (20 s)
    seed 0 epoch 1360/5000: loss main 1.113e-07 aux 0.0009648 (20 s)
    seed 0 epoch 1370/5000: loss main 5.148e-07 aux 0.00844 (20 s)
    seed 0 epoch 1380/5000: loss main 3.386e-07 aux 0.004112 (20 s)
    seed 0 epoch 1390/5000: loss main 1.725e-07 aux 0.001715 (20 s)
    seed 0 epoch 1400/5000: loss main 1.134e-07 aux 0.001239 (20 s)
    seed 0 epoch 1410/5000: loss main 1.237e-07 aux 0.001123 (21 s)
    seed 0 epoch 1420/5000: loss main 1.182e-07 aux 0.001067 (21 s)
    seed 0 epoch 1430/5000: loss main 1.164e-07 aux 0.001029 (21 s)
    seed 0 epoch 1440/5000: loss main 1.146e-07 aux 0.001011 (21 s)
    seed 0 epoch 1450/5000: loss main 1.132e-07 aux 0.0009984 (21 s)
    seed 0 epoch 1460/5000: loss main 1.123e-07 aux 0.0009887 (21 s)
    seed 0 epoch 1470/5000: loss main 1.117e-07 aux 0.0009799 (21 s)
    seed 0 epoch 1480/5000: loss main 1.109e-07 aux 0.0009717 (22 s)
    seed 0 epoch 1490/5000: loss main 1.107e-07 aux 0.0009641 (22 s)
    seed 0 epoch 1500/5000: loss main 1.104e-07 aux 0.0009569 (22 s)
    seed 0 epoch 1510/5000: loss main 1.101e-07 aux 0.00095 (22 s)
    seed 0 epoch 1520/5000: loss main 1.098e-07 aux 0.0009435 (22 s)
    seed 0 epoch 1530/5000: loss main 1.096e-07 aux 0.0009373 (22 s)
    seed 0 epoch 1540/5000: loss main 1.093e-07 aux 0.0009313 (22 s)
    seed 0 epoch 1550/5000: loss main 1.092e-07 aux 0.0009256 (23 s)
    seed 0 epoch 1560/5000: loss main 1.09e-07 aux 0.0009202 (23 s)
    seed 0 epoch 1570/5000: loss main 1.088e-07 aux 0.0009149 (23 s)
    seed 0 epoch 1580/5000: loss main 1.087e-07 aux 0.0009099 (23 s)
    seed 0 epoch 1590/5000: loss main 1.086e-07 aux 0.000905 (23 s)
    seed 0 epoch 1600/5000: loss main 1.085e-07 aux 0.0009002 (23 s)
    seed 0 epoch 1610/5000: loss main 1.084e-07 aux 0.0008956 (23 s)
    seed 0 epoch 1620/5000: loss main 1.083e-07 aux 0.0008912 (24 s)
    seed 0 epoch 1630/5000: loss main 1.082e-07 aux 0.0008868 (24 s)
    seed 0 epoch 1640/5000: loss main 1.082e-07 aux 0.0008825 (24 s)
    seed 0 epoch 1650/5000: loss main 1.081e-07 aux 0.0008784 (24 s)
    seed 0 epoch 1660/5000: loss main 1.081e-07 aux 0.0008743 (24 s)
    seed 0 epoch 1670/5000: loss main 1.081e-07 aux 0.0008703 (24 s)
    seed 0 epoch 1680/5000: loss main 1.081e-07 aux 0.0008664 (24 s)
    seed 0 epoch 1690/5000: loss main 1.081e-07 aux 0.0008625 (25 s)
    seed 0 epoch 1700/5000: loss main 1.081e-07 aux 0.0008587 (25 s)
    seed 0 epoch 1710/5000: loss main 1.08e-07 aux 0.000855 (25 s)
    seed 0 epoch 1720/5000: loss main 1.135e-07 aux 0.0008833 (25 s)
    seed 0 epoch 1730/5000: loss main 4.641e-07 aux 0.004188 (25 s)
    seed 0 epoch 1740/5000: loss main 1.494e-07 aux 0.001044 (25 s)
    seed 0 epoch 1750/5000: loss main 1.374e-07 aux 0.001145 (26 s)
    seed 0 epoch 1760/5000: loss main 1.353e-07 aux 0.001075 (26 s)
    seed 0 epoch 1770/5000: loss main 1.132e-07 aux 0.000939 (26 s)
    seed 0 epoch 1780/5000: loss main 1.098e-07 aux 0.0009137 (26 s)
    seed 0 epoch 1790/5000: loss main 1.077e-07 aux 0.0009027 (26 s)
    seed 0 epoch 1800/5000: loss main 1.082e-07 aux 0.0008914 (26 s)
    seed 0 epoch 1810/5000: loss main 1.063e-07 aux 0.0008819 (26 s)
    seed 0 epoch 1820/5000: loss main 1.064e-07 aux 0.000874 (27 s)
    seed 0 epoch 1830/5000: loss main 1.063e-07 aux 0.0008669 (27 s)
    seed 0 epoch 1840/5000: loss main 1.059e-07 aux 0.0008602 (27 s)
    seed 0 epoch 1850/5000: loss main 1.059e-07 aux 0.000854 (27 s)
    seed 0 epoch 1860/5000: loss main 1.059e-07 aux 0.0008482 (27 s)
    seed 0 epoch 1870/5000: loss main 1.058e-07 aux 0.0008427 (27 s)
    seed 0 epoch 1880/5000: loss main 1.058e-07 aux 0.0008374 (27 s)
    seed 0 epoch 1890/5000: loss main 1.058e-07 aux 0.0008325 (28 s)
    seed 0 epoch 1900/5000: loss main 1.058e-07 aux 0.0008277 (28 s)
    seed 0 epoch 1910/5000: loss main 1.058e-07 aux 0.0008232 (28 s)
    seed 0 epoch 1920/5000: loss main 1.058e-07 aux 0.0008188 (28 s)
    seed 0 epoch 1930/5000: loss main 1.058e-07 aux 0.0008146 (28 s)
    seed 0 epoch 1940/5000: loss main 1.059e-07 aux 0.0008105 (28 s)
    seed 0 epoch 1950/5000: loss main 1.059e-07 aux 0.0008065 (28 s)
    seed 0 epoch 1960/5000: loss main 1.06e-07 aux 0.0008026 (29 s)
    seed 0 epoch 1970/5000: loss main 1.061e-07 aux 0.0007988 (29 s)
    seed 0 epoch 1980/5000: loss main 1.061e-07 aux 0.000795 (29 s)
    seed 0 epoch 1990/5000: loss main 1.062e-07 aux 0.0007913 (29 s)
    seed 0 epoch 2000/5000: loss main 1.063e-07 aux 0.0007876 (29 s)
    seed 0 epoch 2010/5000: loss main 1.063e-07 aux 0.000784 (29 s)
    seed 0 epoch 2020/5000: loss main 1.064e-07 aux 0.0007804 (30 s)
    seed 0 epoch 2030/5000: loss main 1.065e-07 aux 0.0007769 (30 s)
    seed 0 epoch 2040/5000: loss main 1.066e-07 aux 0.0007735 (30 s)
    seed 0 epoch 2050/5000: loss main 1.067e-07 aux 0.00077 (30 s)
    seed 0 epoch 2060/5000: loss main 1.068e-07 aux 0.0007666 (30 s)
    seed 0 epoch 2070/5000: loss main 1.076e-07 aux 0.0007711 (30 s)
    seed 0 epoch 2080/5000: loss main 5.385e-07 aux 0.003393 (30 s)
    seed 0 epoch 2090/5000: loss main 1.531e-07 aux 0.001252 (31 s)
    seed 0 epoch 2100/5000: loss main 1.065e-07 aux 0.0008377 (31 s)
    seed 0 epoch 2110/5000: loss main 1.064e-07 aux 0.0008416 (31 s)
    seed 0 epoch 2120/5000: loss main 1.214e-07 aux 0.0008294 (31 s)
    seed 0 epoch 2130/5000: loss main 1.042e-07 aux 0.0008029 (31 s)
    seed 0 epoch 2140/5000: loss main 1.038e-07 aux 0.0007937 (31 s)
    seed 0 epoch 2150/5000: loss main 1.047e-07 aux 0.0007849 (32 s)
    seed 0 epoch 2160/5000: loss main 1.044e-07 aux 0.000778 (32 s)
    seed 0 epoch 2170/5000: loss main 1.042e-07 aux 0.0007716 (32 s)
    seed 0 epoch 2180/5000: loss main 1.041e-07 aux 0.000766 (32 s)
    seed 0 epoch 2190/5000: loss main 1.042e-07 aux 0.0007609 (32 s)
    seed 0 epoch 2200/5000: loss main 1.043e-07 aux 0.0007561 (32 s)
    seed 0 epoch 2210/5000: loss main 1.044e-07 aux 0.0007517 (32 s)
    seed 0 epoch 2220/5000: loss main 1.045e-07 aux 0.0007474 (33 s)
    seed 0 epoch 2230/5000: loss main 1.046e-07 aux 0.0007434 (33 s)
    seed 0 epoch 2240/5000: loss main 1.047e-07 aux 0.0007395 (33 s)
    seed 0 epoch 2250/5000: loss main 1.049e-07 aux 0.0007358 (33 s)
    seed 0 epoch 2260/5000: loss main 1.05e-07 aux 0.0007322 (33 s)
    seed 0 epoch 2270/5000: loss main 1.052e-07 aux 0.0007287 (33 s)
    seed 0 epoch 2280/5000: loss main 1.053e-07 aux 0.0007252 (33 s)
    seed 0 epoch 2290/5000: loss main 1.054e-07 aux 0.0007219 (34 s)
    seed 0 epoch 2300/5000: loss main 1.056e-07 aux 0.0007186 (34 s)
    seed 0 epoch 2310/5000: loss main 1.058e-07 aux 0.0007154 (34 s)
    seed 0 epoch 2320/5000: loss main 1.059e-07 aux 0.0007122 (34 s)
    seed 0 epoch 2330/5000: loss main 1.061e-07 aux 0.000709 (34 s)
    seed 0 epoch 2340/5000: loss main 1.062e-07 aux 0.0007059 (34 s)
    seed 0 epoch 2350/5000: loss main 1.064e-07 aux 0.0007029 (34 s)
    seed 0 epoch 2360/5000: loss main 1.065e-07 aux 0.0006999 (35 s)
    seed 0 epoch 2370/5000: loss main 1.067e-07 aux 0.0006969 (35 s)
    seed 0 epoch 2380/5000: loss main 1.087e-07 aux 0.000719 (35 s)
    seed 0 epoch 2390/5000: loss main 1.993e-07 aux 0.001879 (35 s)
    seed 0 epoch 2400/5000: loss main 5.308e-07 aux 0.001625 (35 s)
    seed 0 epoch 2410/5000: loss main 1.688e-07 aux 0.001095 (35 s)
    seed 0 epoch 2420/5000: loss main 1.324e-07 aux 0.0008562 (36 s)
    seed 0 epoch 2430/5000: loss main 1.064e-07 aux 0.0007802 (36 s)
    seed 0 epoch 2440/5000: loss main 1.001e-07 aux 0.0007558 (36 s)
    seed 0 epoch 2450/5000: loss main 1.005e-07 aux 0.0007447 (36 s)
    seed 0 epoch 2460/5000: loss main 1e-07 aux 0.0007355 (36 s)
    seed 0 epoch 2470/5000: loss main 1.008e-07 aux 0.0007274 (36 s)
    seed 0 epoch 2480/5000: loss main 1.008e-07 aux 0.00072 (36 s)
    seed 0 epoch 2490/5000: loss main 1.011e-07 aux 0.0007137 (37 s)
    seed 0 epoch 2500/5000: loss main 1.015e-07 aux 0.0007079 (37 s)
    seed 0 epoch 2510/5000: loss main 1.015e-07 aux 0.0007026 (37 s)
    seed 0 epoch 2520/5000: loss main 1.016e-07 aux 0.0006977 (37 s)
    seed 0 epoch 2530/5000: loss main 1.018e-07 aux 0.0006931 (37 s)
    seed 0 epoch 2540/5000: loss main 1.02e-07 aux 0.0006887 (37 s)
    seed 0 epoch 2550/5000: loss main 1.022e-07 aux 0.0006846 (38 s)
    seed 0 epoch 2560/5000: loss main 1.023e-07 aux 0.0006806 (38 s)
    seed 0 epoch 2570/5000: loss main 1.025e-07 aux 0.0006767 (38 s)
    seed 0 epoch 2580/5000: loss main 1.027e-07 aux 0.0006729 (38 s)
    seed 0 epoch 2590/5000: loss main 1.029e-07 aux 0.0006691 (38 s)
    seed 0 epoch 2600/5000: loss main 1.031e-07 aux 0.0006654 (38 s)
    seed 0 epoch 2610/5000: loss main 1.032e-07 aux 0.0006617 (39 s)
    seed 0 epoch 2620/5000: loss main 1.034e-07 aux 0.0006581 (39 s)
    seed 0 epoch 2630/5000: loss main 1.036e-07 aux 0.0006544 (39 s)
    seed 0 epoch 2640/5000: loss main 1.037e-07 aux 0.0006507 (39 s)
    seed 0 epoch 2650/5000: loss main 1.039e-07 aux 0.000647 (39 s)
    seed 0 epoch 2660/5000: loss main 1.041e-07 aux 0.0006432 (39 s)
    seed 0 epoch 2670/5000: loss main 1.042e-07 aux 0.0006394 (39 s)
    seed 0 epoch 2680/5000: loss main 1.043e-07 aux 0.0006356 (40 s)
    seed 0 epoch 2690/5000: loss main 1.045e-07 aux 0.0006317 (40 s)
    seed 0 epoch 2700/5000: loss main 1.046e-07 aux 0.0006278 (40 s)
    seed 0 epoch 2710/5000: loss main 1.047e-07 aux 0.000624 (40 s)
    seed 0 epoch 2720/5000: loss main 1.048e-07 aux 0.0006202 (40 s)
    seed 0 epoch 2730/5000: loss main 1.049e-07 aux 0.0006164 (40 s)
    seed 0 epoch 2740/5000: loss main 1.05e-07 aux 0.0006128 (40 s)
    seed 0 epoch 2750/5000: loss main 1.049e-07 aux 0.000612 (41 s)
    seed 0 epoch 2760/5000: loss main 7.821e-07 aux 0.006611 (41 s)
    seed 0 epoch 2770/5000: loss main 2.232e-07 aux 0.002041 (41 s)
    seed 0 epoch 2780/5000: loss main 1.387e-07 aux 0.001049 (41 s)
    seed 0 epoch 2790/5000: loss main 1.066e-07 aux 0.0008025 (41 s)
    seed 0 epoch 2800/5000: loss main 9.607e-08 aux 0.0007127 (41 s)
    seed 0 epoch 2810/5000: loss main 9.491e-08 aux 0.0006865 (41 s)
    seed 0 epoch 2820/5000: loss main 1.023e-07 aux 0.0006715 (42 s)
    seed 0 epoch 2830/5000: loss main 9.895e-08 aux 0.0006598 (42 s)
    seed 0 epoch 2840/5000: loss main 9.724e-08 aux 0.0006503 (42 s)
    seed 0 epoch 2850/5000: loss main 9.751e-08 aux 0.0006426 (42 s)
    seed 0 epoch 2860/5000: loss main 9.744e-08 aux 0.0006357 (42 s)
    seed 0 epoch 2870/5000: loss main 9.754e-08 aux 0.0006294 (42 s)
    seed 0 epoch 2880/5000: loss main 9.775e-08 aux 0.0006237 (43 s)
    seed 0 epoch 2890/5000: loss main 9.788e-08 aux 0.0006184 (43 s)
    seed 0 epoch 2900/5000: loss main 9.801e-08 aux 0.0006134 (43 s)
    seed 0 epoch 2910/5000: loss main 9.821e-08 aux 0.0006087 (43 s)
    seed 0 epoch 2920/5000: loss main 9.838e-08 aux 0.0006042 (43 s)
    seed 0 epoch 2930/5000: loss main 9.854e-08 aux 0.0005998 (43 s)
    seed 0 epoch 2940/5000: loss main 9.871e-08 aux 0.0005957 (43 s)
    seed 0 epoch 2950/5000: loss main 9.888e-08 aux 0.0005916 (44 s)
    seed 0 epoch 2960/5000: loss main 9.905e-08 aux 0.0005877 (44 s)
    seed 0 epoch 2970/5000: loss main 9.922e-08 aux 0.000584 (44 s)
    seed 0 epoch 2980/5000: loss main 9.939e-08 aux 0.0005803 (44 s)
    seed 0 epoch 2990/5000: loss main 9.954e-08 aux 0.0005767 (44 s)
    seed 0 epoch 3000/5000: loss main 9.969e-08 aux 0.0005733 (44 s)
    seed 0 epoch 3010/5000: loss main 9.983e-08 aux 0.0005699 (45 s)
    seed 0 epoch 3020/5000: loss main 9.995e-08 aux 0.0005665 (45 s)
    seed 0 epoch 3030/5000: loss main 1.001e-07 aux 0.0005633 (45 s)
    seed 0 epoch 3040/5000: loss main 1.002e-07 aux 0.0005601 (45 s)
    seed 0 epoch 3050/5000: loss main 1.003e-07 aux 0.000557 (45 s)
    seed 0 epoch 3060/5000: loss main 1.003e-07 aux 0.0005539 (45 s)
    seed 0 epoch 3070/5000: loss main 1.004e-07 aux 0.0005508 (45 s)
    seed 0 epoch 3080/5000: loss main 1.004e-07 aux 0.0005479 (46 s)
    seed 0 epoch 3090/5000: loss main 1.005e-07 aux 0.0005449 (46 s)
    seed 0 epoch 3100/5000: loss main 1.004e-07 aux 0.000542 (46 s)
    seed 0 epoch 3110/5000: loss main 1.078e-07 aux 0.0005835 (46 s)
    seed 0 epoch 3120/5000: loss main 7.934e-07 aux 0.002268 (46 s)
    seed 0 epoch 3130/5000: loss main 1.358e-07 aux 0.0007411 (46 s)
    seed 0 epoch 3140/5000: loss main 1.135e-07 aux 0.0006688 (46 s)
    seed 0 epoch 3150/5000: loss main 9.513e-08 aux 0.0005927 (47 s)
    seed 0 epoch 3160/5000: loss main 9.958e-08 aux 0.0005789 (47 s)
    seed 0 epoch 3170/5000: loss main 9.47e-08 aux 0.0005624 (47 s)
    seed 0 epoch 3180/5000: loss main 9.27e-08 aux 0.0005538 (47 s)
    seed 0 epoch 3190/5000: loss main 9.322e-08 aux 0.0005491 (47 s)
    seed 0 epoch 3200/5000: loss main 9.33e-08 aux 0.0005438 (47 s)
    seed 0 epoch 3210/5000: loss main 9.303e-08 aux 0.0005394 (47 s)
    seed 0 epoch 3220/5000: loss main 9.309e-08 aux 0.0005352 (48 s)
    seed 0 epoch 3230/5000: loss main 9.318e-08 aux 0.0005312 (48 s)
    seed 0 epoch 3240/5000: loss main 9.329e-08 aux 0.0005273 (48 s)
    seed 0 epoch 3250/5000: loss main 9.339e-08 aux 0.0005236 (48 s)
    seed 0 epoch 3260/5000: loss main 9.346e-08 aux 0.0005199 (48 s)
    seed 0 epoch 3270/5000: loss main 9.352e-08 aux 0.0005164 (48 s)
    seed 0 epoch 3280/5000: loss main 9.357e-08 aux 0.0005129 (48 s)
    seed 0 epoch 3290/5000: loss main 9.361e-08 aux 0.0005096 (49 s)
    seed 0 epoch 3300/5000: loss main 9.363e-08 aux 0.0005062 (49 s)
    seed 0 epoch 3310/5000: loss main 9.364e-08 aux 0.000503 (49 s)
    seed 0 epoch 3320/5000: loss main 9.366e-08 aux 0.0004998 (49 s)
    seed 0 epoch 3330/5000: loss main 9.497e-08 aux 0.0005067 (49 s)
    seed 0 epoch 3340/5000: loss main 1.931e-07 aux 0.001308 (49 s)
    seed 0 epoch 3350/5000: loss main 1.104e-07 aux 0.0008372 (50 s)
    seed 0 epoch 3360/5000: loss main 9.508e-08 aux 0.0005834 (50 s)
    seed 0 epoch 3370/5000: loss main 9.083e-08 aux 0.0005408 (50 s)
    seed 0 epoch 3380/5000: loss main 9.085e-08 aux 0.0005206 (50 s)
    seed 0 epoch 3390/5000: loss main 8.961e-08 aux 0.0005122 (50 s)
    seed 0 epoch 3400/5000: loss main 8.942e-08 aux 0.0005063 (50 s)
    seed 0 epoch 3410/5000: loss main 8.951e-08 aux 0.0005016 (50 s)
    seed 0 epoch 3420/5000: loss main 8.93e-08 aux 0.0004975 (51 s)
    seed 0 epoch 3430/5000: loss main 8.932e-08 aux 0.0004934 (51 s)
    seed 0 epoch 3440/5000: loss main 8.952e-08 aux 0.0004895 (51 s)
    seed 0 epoch 3450/5000: loss main 8.956e-08 aux 0.0004858 (51 s)
    seed 0 epoch 3460/5000: loss main 8.958e-08 aux 0.0004823 (51 s)
    seed 0 epoch 3470/5000: loss main 8.963e-08 aux 0.0004788 (51 s)
    seed 0 epoch 3480/5000: loss main 8.963e-08 aux 0.0004754 (51 s)
    seed 0 epoch 3490/5000: loss main 8.962e-08 aux 0.0004722 (52 s)
    seed 0 epoch 3500/5000: loss main 8.958e-08 aux 0.0004689 (52 s)
    seed 0 epoch 3510/5000: loss main 8.954e-08 aux 0.0004657 (52 s)
    seed 0 epoch 3520/5000: loss main 8.947e-08 aux 0.0004626 (52 s)
    seed 0 epoch 3530/5000: loss main 8.938e-08 aux 0.0004595 (52 s)
    seed 0 epoch 3540/5000: loss main 8.927e-08 aux 0.0004564 (52 s)
    seed 0 epoch 3550/5000: loss main 8.915e-08 aux 0.0004533 (52 s)
    seed 0 epoch 3560/5000: loss main 8.9e-08 aux 0.0004503 (53 s)
    seed 0 epoch 3570/5000: loss main 8.884e-08 aux 0.0004472 (53 s)
    seed 0 epoch 3580/5000: loss main 8.865e-08 aux 0.0004442 (53 s)
    seed 0 epoch 3590/5000: loss main 8.845e-08 aux 0.0004412 (53 s)
    seed 0 epoch 3600/5000: loss main 8.821e-08 aux 0.0004382 (53 s)
    seed 0 epoch 3610/5000: loss main 1.165e-07 aux 0.0007569 (53 s)
    seed 0 epoch 3620/5000: loss main 3.586e-07 aux 0.000818 (53 s)
    seed 0 epoch 3630/5000: loss main 1.321e-07 aux 0.0005592 (54 s)
    seed 0 epoch 3640/5000: loss main 9.184e-08 aux 0.0004848 (54 s)
    seed 0 epoch 3650/5000: loss main 8.896e-08 aux 0.0004572 (54 s)
    seed 0 epoch 3660/5000: loss main 8.418e-08 aux 0.0004376 (54 s)
    seed 0 epoch 3670/5000: loss main 8.506e-08 aux 0.0004319 (54 s)
    seed 0 epoch 3680/5000: loss main 8.365e-08 aux 0.0004287 (54 s)
    seed 0 epoch 3690/5000: loss main 8.38e-08 aux 0.0004247 (54 s)
    seed 0 epoch 3700/5000: loss main 8.375e-08 aux 0.0004213 (55 s)
    seed 0 epoch 3710/5000: loss main 8.347e-08 aux 0.000418 (55 s)
    seed 0 epoch 3720/5000: loss main 8.334e-08 aux 0.0004147 (55 s)
    seed 0 epoch 3730/5000: loss main 8.316e-08 aux 0.0004116 (55 s)
    seed 0 epoch 3740/5000: loss main 8.643e-08 aux 0.0004745 (55 s)
    seed 0 epoch 3750/5000: loss main 1.538e-07 aux 0.002461 (55 s)
    seed 0 epoch 3760/5000: loss main 1.729e-07 aux 0.0007004 (56 s)
    seed 0 epoch 3770/5000: loss main 8.245e-08 aux 0.0006047 (56 s)
    seed 0 epoch 3780/5000: loss main 9.099e-08 aux 0.0004925 (56 s)
    seed 0 epoch 3790/5000: loss main 8.405e-08 aux 0.0004597 (56 s)
    seed 0 epoch 3800/5000: loss main 7.679e-08 aux 0.0004374 (56 s)
    seed 0 epoch 3810/5000: loss main 7.703e-08 aux 0.0004294 (56 s)
    seed 0 epoch 3820/5000: loss main 7.603e-08 aux 0.0004228 (56 s)
    seed 0 epoch 3830/5000: loss main 7.581e-08 aux 0.0004163 (57 s)
    seed 0 epoch 3840/5000: loss main 7.62e-08 aux 0.0004109 (57 s)
    seed 0 epoch 3850/5000: loss main 7.608e-08 aux 0.000406 (57 s)
    seed 0 epoch 3860/5000: loss main 7.61e-08 aux 0.0004013 (57 s)
    seed 0 epoch 3870/5000: loss main 7.601e-08 aux 0.000397 (57 s)
    seed 0 epoch 3880/5000: loss main 7.596e-08 aux 0.0003928 (57 s)
    seed 0 epoch 3890/5000: loss main 7.588e-08 aux 0.0003889 (57 s)
    seed 0 epoch 3900/5000: loss main 7.576e-08 aux 0.000385 (58 s)
    seed 0 epoch 3910/5000: loss main 7.564e-08 aux 0.0003813 (58 s)
    seed 0 epoch 3920/5000: loss main 7.548e-08 aux 0.0003777 (58 s)
    seed 0 epoch 3930/5000: loss main 7.53e-08 aux 0.0003741 (58 s)
    seed 0 epoch 3940/5000: loss main 7.509e-08 aux 0.0003707 (58 s)
    seed 0 epoch 3950/5000: loss main 7.486e-08 aux 0.0003672 (58 s)
    seed 0 epoch 3960/5000: loss main 7.461e-08 aux 0.0003638 (58 s)
    seed 0 epoch 3970/5000: loss main 7.433e-08 aux 0.0003605 (59 s)
    seed 0 epoch 3980/5000: loss main 7.402e-08 aux 0.0003571 (59 s)
    seed 0 epoch 3990/5000: loss main 7.311e-08 aux 0.0003579 (59 s)
    seed 0 epoch 4000/5000: loss main 4.274e-07 aux 0.001848 (59 s)
    seed 0 epoch 4010/5000: loss main 1.064e-07 aux 0.0009458 (59 s)
    seed 0 epoch 4020/5000: loss main 1.045e-07 aux 0.0004446 (59 s)
    seed 0 epoch 4030/5000: loss main 1.414e-07 aux 0.0004886 (59 s)
    seed 0 epoch 4040/5000: loss main 7.844e-08 aux 0.0004128 (60 s)
    seed 0 epoch 4050/5000: loss main 7.183e-08 aux 0.0003874 (60 s)
    seed 0 epoch 4060/5000: loss main 6.981e-08 aux 0.0003808 (60 s)
    seed 0 epoch 4070/5000: loss main 6.949e-08 aux 0.0003724 (60 s)
    seed 0 epoch 4080/5000: loss main 6.953e-08 aux 0.0003668 (60 s)
    seed 0 epoch 4090/5000: loss main 6.947e-08 aux 0.0003616 (60 s)
    seed 0 epoch 4100/5000: loss main 6.929e-08 aux 0.000357 (60 s)
    seed 0 epoch 4110/5000: loss main 6.904e-08 aux 0.0003527 (61 s)
    seed 0 epoch 4120/5000: loss main 6.889e-08 aux 0.0003486 (61 s)
    seed 0 epoch 4130/5000: loss main 6.869e-08 aux 0.0003448 (61 s)
    seed 0 epoch 4140/5000: loss main 6.849e-08 aux 0.000341 (61 s)
    seed 0 epoch 4150/5000: loss main 6.825e-08 aux 0.0003374 (61 s)
    seed 0 epoch 4160/5000: loss main 6.8e-08 aux 0.0003338 (61 s)
    seed 0 epoch 4170/5000: loss main 6.773e-08 aux 0.0003304 (61 s)
    seed 0 epoch 4180/5000: loss main 6.743e-08 aux 0.000327 (62 s)
    seed 0 epoch 4190/5000: loss main 6.712e-08 aux 0.0003237 (62 s)
    seed 0 epoch 4200/5000: loss main 6.678e-08 aux 0.0003204 (62 s)
    seed 0 epoch 4210/5000: loss main 6.643e-08 aux 0.0003171 (62 s)
    seed 0 epoch 4220/5000: loss main 6.605e-08 aux 0.0003139 (62 s)
    seed 0 epoch 4230/5000: loss main 6.566e-08 aux 0.0003107 (62 s)
    seed 0 epoch 4240/5000: loss main 6.525e-08 aux 0.0003075 (62 s)
    seed 0 epoch 4250/5000: loss main 6.482e-08 aux 0.0003044 (63 s)
    seed 0 epoch 4260/5000: loss main 6.438e-08 aux 0.0003013 (63 s)
    seed 0 epoch 4270/5000: loss main 6.411e-08 aux 0.0002996 (63 s)
    seed 0 epoch 4280/5000: loss main 2.187e-07 aux 0.003567 (63 s)
    seed 0 epoch 4290/5000: loss main 2.194e-07 aux 0.001148 (63 s)
    seed 0 epoch 4300/5000: loss main 7.546e-08 aux 0.0004715 (63 s)
    seed 0 epoch 4310/5000: loss main 6.536e-08 aux 0.0003474 (63 s)
    seed 0 epoch 4320/5000: loss main 6.78e-08 aux 0.0003529 (64 s)
    seed 0 epoch 4330/5000: loss main 5.997e-08 aux 0.0003198 (64 s)
    seed 0 epoch 4340/5000: loss main 5.913e-08 aux 0.0003134 (64 s)
    seed 0 epoch 4350/5000: loss main 5.894e-08 aux 0.000306 (64 s)
    seed 0 epoch 4360/5000: loss main 5.848e-08 aux 0.0002996 (64 s)
    seed 0 epoch 4370/5000: loss main 5.806e-08 aux 0.0002945 (64 s)
    seed 0 epoch 4380/5000: loss main 5.775e-08 aux 0.0002898 (65 s)
    seed 0 epoch 4390/5000: loss main 5.75e-08 aux 0.0002855 (65 s)
    seed 0 epoch 4400/5000: loss main 5.718e-08 aux 0.0002815 (65 s)
    seed 0 epoch 4410/5000: loss main 5.684e-08 aux 0.0002776 (65 s)
    seed 0 epoch 4420/5000: loss main 5.652e-08 aux 0.0002739 (65 s)
    seed 0 epoch 4430/5000: loss main 5.618e-08 aux 0.0002703 (65 s)
    seed 0 epoch 4440/5000: loss main 5.581e-08 aux 0.0002668 (65 s)
    seed 0 epoch 4450/5000: loss main 5.543e-08 aux 0.0002634 (66 s)
    seed 0 epoch 4460/5000: loss main 5.503e-08 aux 0.0002601 (66 s)
    seed 0 epoch 4470/5000: loss main 5.46e-08 aux 0.0002568 (66 s)
    seed 0 epoch 4480/5000: loss main 5.366e-08 aux 0.000263 (66 s)
    seed 0 epoch 4490/5000: loss main 1.35e-07 aux 0.00128 (66 s)
    seed 0 epoch 4500/5000: loss main 8.896e-08 aux 0.000921 (66 s)
    seed 0 epoch 4510/5000: loss main 1.352e-07 aux 0.0005638 (66 s)
    seed 0 epoch 4520/5000: loss main 7.486e-08 aux 0.0003773 (67 s)
    seed 0 epoch 4530/5000: loss main 6.088e-08 aux 0.0003342 (67 s)
    seed 0 epoch 4540/5000: loss main 5.73e-08 aux 0.0003035 (67 s)
    seed 0 epoch 4550/5000: loss main 5.646e-08 aux 0.000288 (67 s)
    seed 0 epoch 4560/5000: loss main 5.457e-08 aux 0.0002793 (67 s)
    seed 0 epoch 4570/5000: loss main 5.392e-08 aux 0.0002724 (67 s)
    seed 0 epoch 4580/5000: loss main 5.348e-08 aux 0.0002666 (67 s)
    seed 0 epoch 4590/5000: loss main 5.28e-08 aux 0.0002617 (68 s)
    seed 0 epoch 4600/5000: loss main 5.245e-08 aux 0.0002574 (68 s)
    seed 0 epoch 4610/5000: loss main 5.19e-08 aux 0.0002533 (68 s)
    seed 0 epoch 4620/5000: loss main 5.152e-08 aux 0.0002496 (68 s)
    seed 0 epoch 4630/5000: loss main 5.104e-08 aux 0.0002459 (68 s)
    seed 0 epoch 4640/5000: loss main 5.062e-08 aux 0.0002425 (68 s)
    seed 0 epoch 4650/5000: loss main 5.018e-08 aux 0.0002391 (68 s)
    seed 0 epoch 4660/5000: loss main 4.974e-08 aux 0.0002358 (69 s)
    seed 0 epoch 4670/5000: loss main 4.928e-08 aux 0.0002326 (69 s)
    seed 0 epoch 4680/5000: loss main 4.882e-08 aux 0.0002295 (69 s)
    seed 0 epoch 4690/5000: loss main 4.834e-08 aux 0.0002265 (69 s)
    seed 0 epoch 4700/5000: loss main 4.786e-08 aux 0.0002235 (69 s)
    seed 0 epoch 4710/5000: loss main 4.737e-08 aux 0.0002205 (69 s)
    seed 0 epoch 4720/5000: loss main 4.688e-08 aux 0.0002176 (70 s)
    seed 0 epoch 4730/5000: loss main 4.637e-08 aux 0.0002148 (70 s)
    seed 0 epoch 4740/5000: loss main 4.586e-08 aux 0.0002119 (70 s)
    seed 0 epoch 4750/5000: loss main 4.535e-08 aux 0.0002091 (70 s)
    seed 0 epoch 4760/5000: loss main 4.482e-08 aux 0.0002064 (70 s)
    seed 0 epoch 4770/5000: loss main 4.427e-08 aux 0.0002037 (70 s)
    seed 0 epoch 4780/5000: loss main 4.723e-08 aux 0.0002227 (70 s)
    seed 0 epoch 4790/5000: loss main 7.417e-08 aux 0.0004664 (70 s)
    seed 0 epoch 4800/5000: loss main 7.401e-08 aux 0.0007291 (71 s)
    seed 0 epoch 4810/5000: loss main 4.488e-08 aux 0.000253 (71 s)
    seed 0 epoch 4820/5000: loss main 4.844e-08 aux 0.0002481 (71 s)
    seed 0 epoch 4830/5000: loss main 5.199e-08 aux 0.0002385 (71 s)
    seed 0 epoch 4840/5000: loss main 4.411e-08 aux 0.000222 (71 s)
    seed 0 epoch 4850/5000: loss main 4.389e-08 aux 0.0002115 (71 s)
    seed 0 epoch 4860/5000: loss main 4.283e-08 aux 0.0002061 (72 s)
    seed 0 epoch 4870/5000: loss main 4.224e-08 aux 0.0002031 (72 s)
    seed 0 epoch 4880/5000: loss main 4.184e-08 aux 0.0001998 (72 s)
    seed 0 epoch 4890/5000: loss main 4.153e-08 aux 0.0001968 (72 s)
    seed 0 epoch 4900/5000: loss main 4.112e-08 aux 0.0001939 (72 s)
    seed 0 epoch 4910/5000: loss main 4.064e-08 aux 0.0001911 (72 s)
    seed 0 epoch 4920/5000: loss main 4.023e-08 aux 0.0001884 (72 s)
    seed 0 epoch 4930/5000: loss main 3.977e-08 aux 0.0001858 (73 s)
    seed 0 epoch 4940/5000: loss main 3.931e-08 aux 0.0001832 (73 s)
    seed 0 epoch 4950/5000: loss main 3.884e-08 aux 0.0001807 (73 s)
    seed 0 epoch 4960/5000: loss main 3.837e-08 aux 0.0001787 (73 s)
    seed 0 epoch 4970/5000: loss main 6.335e-08 aux 0.002226 (73 s)
    seed 0 epoch 4980/5000: loss main 5.586e-08 aux 0.0003786 (73 s)
    seed 0 epoch 4990/5000: loss main 4.494e-08 aux 0.0002591 (73 s)
    seed 0 epoch 5000/5000: loss main 4.452e-08 aux 0.0002502 (74 s)
  n=1 seed 0 (a): ring couplings 0.50 vs zero 3.30 (ratio 0.15) | corrected ω 1.55 (zero 25.01) | ΔH residual ratio 0.079
  n=1 seed 0 (b): ring couplings 0.50 vs zero 3.30 (ratio 0.15) | corrected ω 1.55 (zero 25.01) | ΔH residual ratio 0.079
wrote out/E7_rungC_diag_overfit_benzene_hybrid_e5000_2026-10-01.json/.md in 112 s
