=== chain 8 start Thu Oct  1 12:18:45 WEDT 2026
analytic second-route Hessians substituted for 27 molecules
Traceback (most recent call last):
  File "C:\Users\thebr\Documents\CapstonePlan\plans\05_delta-probed-ir-pipeline\modules\05_support_predictor\m05\rungC_train.py", line 590, in <module>
    sys.exit(main())
             ~~~~^^
  File "C:\Users\thebr\Documents\CapstonePlan\plans\05_delta-probed-ir-pipeline\modules\05_support_predictor\m05\rungC_train.py", line 508, in main
    raise RuntimeError(f"{i}: LS target entries {scale_ratio:.3g}× the projected target's — the unregularised blow-up of 1 Oct 11:4x; "
                       f"raise --ls-lam (now {a.ls_lam:g})")
RuntimeError: A2_05a9e0e4c8: LS target entries 1.25e+18× the projected target's — the unregularised blow-up of 1 Oct 11:4x; raise --ls-lam (now 0.001)
=== LEVER 4 750 FAILED Thu Oct  1 12:19:19 WEDT 2026
=== chain 8 finished Thu Oct  1 12:19:19 WEDT 2026
=== chain 8 start Fri Oct  2 06:23:23 WEDT 2026
analytic second-route Hessians substituted for 27 molecules
799 molecules; pool 750; hold-out (a) 10, (b) 39 (['fluoranthene', 'fluorene']); sizes [750]; seeds [0, 1, 2]; epochs 200; threads 8; model 171,554 parameters, sum aggregation
  rung B's 66 pair features added to the hybrid head (standardised on the fit molecules)
  hybrid head: 303,636 parameters; F_low input scales 0.0408, 0.271, 0.112; SQM α per class on
  fresh sum body pre-flight: worst |output| 27.8 on the training molecules
  internal term on the pair model's pattern; class scales diag_bond 0.1, diag_angle 0.1, diag_dihedral 0.1, diag_other 0.1, off_bondbond 0.1, off_other 0.1, off_twobond 0.1, off_dist2 1, off_dist3 1
    seed 0 epoch 1/200: loss main 3.785e-06 aux 0.0002139 val 0.0001777 (30 s)
    seed 0 epoch 10/200: loss main 6.997e-07 aux 0.0001118 val 0.0001276 (317 s)
    seed 0 epoch 20/200: loss main 5.109e-07 aux 9.596e-05 val 0.000112 (678 s)
    seed 0 epoch 30/200: loss main 3.665e-07 aux 8.337e-05 val 0.0001028 (1058 s)
    seed 0 epoch 40/200: loss main 3.309e-07 aux 7.509e-05 val 9.115e-05 (1450 s)
    seed 0 epoch 50/200: loss main 3.169e-07 aux 7.013e-05 val 8.825e-05 (1832 s)
    seed 0 epoch 60/200: loss main 3.202e-07 aux 6.718e-05 val 8.477e-05 (2213 s)
    seed 0 epoch 70/200: loss main 3.234e-07 aux 6.491e-05 val 8.311e-05 (2679 s)
    seed 0 epoch 80/200: loss main 3.319e-07 aux 6.234e-05 val 8.252e-05 (3059 s)
    seed 0 epoch 90/200: loss main 3.397e-07 aux 6.12e-05 val 8.091e-05 (3455 s)
    seed 0 epoch 100/200: loss main 3.562e-07 aux 6.047e-05 val 7.917e-05 (3908 s)
    seed 0 epoch 110/200: loss main 3.709e-07 aux 5.95e-05 val 7.79e-05 (4366 s)
    seed 0 epoch 120/200: loss main 3.924e-07 aux 5.871e-05 val 7.888e-05 (4761 s)
    seed 0 epoch 130/200: loss main 4.23e-07 aux 5.759e-05 val 7.791e-05 (5146 s)
    seed 0 epoch 140/200: loss main 4.521e-07 aux 5.649e-05 val 7.619e-05 (5500 s)
    seed 0 epoch 150/200: loss main 4.746e-07 aux 5.643e-05 val 7.655e-05 (5868 s)
    seed 0 epoch 160/200: loss main 5.163e-07 aux 5.524e-05 val 7.764e-05 (6229 s)
    seed 0 epoch 170/200: loss main 5.023e-07 aux 5.666e-05 val 7.69e-05 (6582 s)
    seed 0 epoch 180/200: loss main 5.76e-07 aux 5.478e-05 val 7.517e-05 (6944 s)
    seed 0 epoch 190/200: loss main 6.221e-07 aux 5.353e-05 val 7.727e-05 (7316 s)
    seed 0 epoch 200/200: loss main 6.554e-07 aux 5.37e-05 val 7.579e-05 (7677 s)
  n=750 seed 0: inner validation internal term 7.444e-05 on 112 molecules (fit on 638)
  n=750 seed 0 (a): ring couplings 2.24 vs zero 3.76 (ratio 0.60) | corrected ω 4.42 (zero 23.27) | ΔH residual ratio 0.293
  n=750 seed 0 (b): ring couplings 2.00 vs zero 3.74 (ratio 0.54) | corrected ω 5.37 (zero 23.09) | ΔH residual ratio 0.365
  rung B's 66 pair features added to the hybrid head (standardised on the fit molecules)
  hybrid head: 303,636 parameters; F_low input scales 0.0408, 0.271, 0.112; SQM α per class on
  fresh sum body pre-flight: worst |output| 18.2 on the training molecules
  internal term on the pair model's pattern; class scales diag_bond 0.1, diag_angle 0.1, diag_dihedral 0.1, diag_other 0.1, off_bondbond 0.1, off_other 0.1, off_twobond 0.1, off_dist2 1, off_dist3 1
    seed 1 epoch 1/200: loss main 4.153e-06 aux 0.0002146 val 0.0001623 (37 s)
    seed 1 epoch 10/200: loss main 8.044e-07 aux 0.0001144 val 0.0001213 (373 s)
    seed 1 epoch 20/200: loss main 5.017e-07 aux 9.694e-05 val 9.915e-05 (747 s)
    seed 1 epoch 30/200: loss main 3.743e-07 aux 8.619e-05 val 8.684e-05 (1132 s)
    seed 1 epoch 40/200: loss main 3.449e-07 aux 7.68e-05 val 8.054e-05 (1496 s)
    seed 1 epoch 50/200: loss main 3.33e-07 aux 7.189e-05 val 7.782e-05 (1851 s)
    seed 1 epoch 60/200: loss main 3.293e-07 aux 6.841e-05 val 7.504e-05 (2214 s)
    seed 1 epoch 70/200: loss main 3.256e-07 aux 6.554e-05 val 7.27e-05 (2570 s)
    seed 1 epoch 80/200: loss main 3.357e-07 aux 6.406e-05 val 7.351e-05 (2913 s)
    seed 1 epoch 90/200: loss main 3.417e-07 aux 6.309e-05 val 7.241e-05 (3265 s)
    seed 1 epoch 100/200: loss main 3.625e-07 aux 6.18e-05 val 7.334e-05 (3640 s)
    seed 1 epoch 110/200: loss main 3.788e-07 aux 5.994e-05 val 7.165e-05 (4006 s)
    seed 1 epoch 120/200: loss main 3.929e-07 aux 6.023e-05 val 7.186e-05 (4377 s)
    seed 1: early stop at epoch 129, best inner val 7.066e-05 at epoch 109
  n=750 seed 1: inner validation internal term 7.066e-05 on 112 molecules (fit on 638)
  n=750 seed 1 (a): ring couplings 1.73 vs zero 3.76 (ratio 0.46) | corrected ω 4.00 (zero 23.27) | ΔH residual ratio 0.245
  n=750 seed 1 (b): ring couplings 1.81 vs zero 3.74 (ratio 0.48) | corrected ω 4.94 (zero 23.09) | ΔH residual ratio 0.328
  rung B's 66 pair features added to the hybrid head (standardised on the fit molecules)
  hybrid head: 303,636 parameters; F_low input scales 0.0409, 0.272, 0.112; SQM α per class on
  fresh sum body pre-flight: worst |output| 26.8 on the training molecules
  internal term on the pair model's pattern; class scales diag_bond 0.1, diag_angle 0.1, diag_dihedral 0.1, diag_other 0.1, off_bondbond 0.1, off_other 0.1, off_twobond 0.1, off_dist2 1, off_dist3 1
    seed 2 epoch 1/200: loss main 4.484e-06 aux 0.0002197 val 0.0001783 (35 s)
    seed 2 epoch 10/200: loss main 7.456e-07 aux 0.00011 val 0.0001396 (354 s)
    seed 2 epoch 20/200: loss main 4.949e-07 aux 9.34e-05 val 0.000122 (715 s)
    seed 2 epoch 30/200: loss main 3.78e-07 aux 8.133e-05 val 0.0001203 (1098 s)
    seed 2 epoch 40/200: loss main 3.287e-07 aux 7.319e-05 val 0.0001041 (1424 s)
    seed 2 epoch 50/200: loss main 3.185e-07 aux 6.85e-05 val 0.0001002 (1720 s)
    seed 2 epoch 60/200: loss main 3.127e-07 aux 6.495e-05 val 9.974e-05 (2229 s)
    seed 2 epoch 70/200: loss main 3.149e-07 aux 6.276e-05 val 9.607e-05 (2453 s)
    seed 2 epoch 80/200: loss main 3.198e-07 aux 6.041e-05 val 9.507e-05 (2669 s)
    seed 2 epoch 90/200: loss main 3.238e-07 aux 5.923e-05 val 9.523e-05 (2885 s)
    seed 2 epoch 100/200: loss main 3.465e-07 aux 5.821e-05 val 9.325e-05 (3101 s)
    seed 2 epoch 110/200: loss main 3.641e-07 aux 5.721e-05 val 9.813e-05 (3314 s)
    seed 2 epoch 120/200: loss main 3.902e-07 aux 5.647e-05 val 9.593e-05 (3530 s)
    seed 2: early stop at epoch 120, best inner val 9.325e-05 at epoch 100
  n=750 seed 2: inner validation internal term 9.325e-05 on 112 molecules (fit on 638)
  n=750 seed 2 (a): ring couplings 1.68 vs zero 3.76 (ratio 0.45) | corrected ω 4.28 (zero 23.27) | ΔH residual ratio 0.236
  n=750 seed 2 (b): ring couplings 1.86 vs zero 3.74 (ratio 0.50) | corrected ω 5.16 (zero 23.09) | ΔH residual ratio 0.332
wrote out/E7_rungC_lever4_ls_750_2026-10-01.json/.md in 16189 s
=== lever 4 LS target (750) done Fri Oct  2 10:53:18 WEDT 2026
=== chain 8b finished Fri Oct  2 10:53:18 WEDT 2026
