=== chain 29 ring3 start Fri Oct  2 21:54:39 WEDT 2026
analytic second-route Hessians substituted for 27 molecules
atomic polar tensors found for 10 molecules: intensity read-outs on (lever 5, registered 2 Oct 2026 06:5x)
coverage ablation: 123 pool molecules excluded (pool_ring3only_ids_2026-10-02.txt); pool 627
799 molecules; pool 627; hold-out (a) 10, (b) 39 (['fluoranthene', 'fluorene']); sizes [627]; seeds [0, 1, 2]; epochs 200; threads 8; model 171,554 parameters, sum aggregation
  rung B's 66 pair features added to the hybrid head (standardised on the fit molecules)
  hybrid head: 303,636 parameters; F_low input scales 0.0356, 0.295, 0.129; SQM α per class on
  fresh sum body pre-flight: worst |output| 27.8 on the training molecules
    seed 0 epoch 1/200: loss main 8.851e-07 aux 0.4693 val 0.4768 (17 s)
    seed 0 epoch 10/200: loss main 3.155e-07 aux 0.1637 val 0.185 (202 s)
    seed 0 epoch 20/200: loss main 2.09e-07 aux 0.1007 val 0.1267 (415 s)
    seed 0 epoch 30/200: loss main 1.627e-07 aux 0.07435 val 0.1124 (628 s)
    seed 0 epoch 40/200: loss main 1.335e-07 aux 0.05796 val 0.112 (841 s)
    seed 0 epoch 50/200: loss main 1.322e-07 aux 0.05118 val 0.09702 (1053 s)
    seed 0 epoch 60/200: loss main 1.243e-07 aux 0.04538 val 0.09512 (1266 s)
    seed 0 epoch 70/200: loss main 1.176e-07 aux 0.04102 val 0.09273 (1479 s)
    seed 0 epoch 80/200: loss main 1.024e-07 aux 0.0344 val 0.09131 (1693 s)
    seed 0 epoch 90/200: loss main 1.008e-07 aux 0.03024 val 0.09062 (1911 s)
    seed 0 epoch 100/200: loss main 9.418e-08 aux 0.02828 val 0.08673 (2129 s)
    seed 0 epoch 110/200: loss main 8.933e-08 aux 0.02542 val 0.08886 (2350 s)
    seed 0 epoch 120/200: loss main 8.58e-08 aux 0.02432 val 0.08746 (2573 s)
    seed 0 epoch 130/200: loss main 8.88e-08 aux 0.02365 val 0.09004 (2791 s)
    seed 0 epoch 140/200: loss main 8.284e-08 aux 0.02138 val 0.08668 (3009 s)
    seed 0 epoch 150/200: loss main 8.081e-08 aux 0.02017 val 0.08559 (3229 s)
    seed 0 epoch 160/200: loss main 7.631e-08 aux 0.0192 val 0.08699 (3447 s)
    seed 0: early stop at epoch 167, best inner val 0.08405 at epoch 147
  n=627 seed 0: inner validation internal term 0.08405 on 94 molecules (fit on 533)
  n=627 seed 0 (a): ring couplings 1.38 vs zero 3.76 (ratio 0.37) | corrected ω 3.70 (zero 23.27) | ΔH residual ratio 0.232
  n=627 seed 0 (b): ring couplings 1.56 vs zero 3.74 (ratio 0.42) | corrected ω 3.76 (zero 23.09) | ΔH residual ratio 0.291
  rung B's 66 pair features added to the hybrid head (standardised on the fit molecules)
  hybrid head: 303,636 parameters; F_low input scales 0.0358, 0.296, 0.13; SQM α per class on
  fresh sum body pre-flight: worst |output| 18.9 on the training molecules
    seed 1 epoch 1/200: loss main 9.536e-07 aux 0.4744 val 0.3726 (22 s)
    seed 1 epoch 10/200: loss main 3.229e-07 aux 0.1589 val 0.1576 (219 s)
    seed 1 epoch 20/200: loss main 2.179e-07 aux 0.09715 val 0.1181 (437 s)
    seed 1 epoch 30/200: loss main 1.715e-07 aux 0.07102 val 0.1084 (657 s)
    seed 1 epoch 40/200: loss main 1.547e-07 aux 0.05919 val 0.1024 (875 s)
    seed 1 epoch 50/200: loss main 1.43e-07 aux 0.04868 val 0.09683 (1094 s)
    seed 1 epoch 60/200: loss main 1.209e-07 aux 0.03897 val 0.091 (1313 s)
    seed 1 epoch 70/200: loss main 1.165e-07 aux 0.03606 val 0.09074 (1532 s)
    seed 1 epoch 80/200: loss main 1.143e-07 aux 0.03379 val 0.0917 (1750 s)
    seed 1 epoch 90/200: loss main 1.062e-07 aux 0.03075 val 0.09003 (1969 s)
    seed 1 epoch 100/200: loss main 1.003e-07 aux 0.02635 val 0.09059 (2188 s)
    seed 1 epoch 110/200: loss main 9.23e-08 aux 0.02481 val 0.08697 (2410 s)
    seed 1 epoch 120/200: loss main 8.901e-08 aux 0.02326 val 0.08738 (2629 s)
    seed 1 epoch 130/200: loss main 8.434e-08 aux 0.02131 val 0.08863 (2848 s)
    seed 1 epoch 140/200: loss main 8.699e-08 aux 0.02141 val 0.08838 (3063 s)
    seed 1: early stop at epoch 142, best inner val 0.08637 at epoch 122
  n=627 seed 1: inner validation internal term 0.08637 on 94 molecules (fit on 533)
  n=627 seed 1 (a): ring couplings 1.29 vs zero 3.76 (ratio 0.34) | corrected ω 4.22 (zero 23.27) | ΔH residual ratio 0.237
  n=627 seed 1 (b): ring couplings 1.50 vs zero 3.74 (ratio 0.40) | corrected ω 4.06 (zero 23.09) | ΔH residual ratio 0.294
  rung B's 66 pair features added to the hybrid head (standardised on the fit molecules)
  hybrid head: 303,636 parameters; F_low input scales 0.0357, 0.295, 0.129; SQM α per class on
  fresh sum body pre-flight: worst |output| 26.8 on the training molecules
    seed 2 epoch 1/200: loss main 9.84e-07 aux 0.4708 val 0.5246 (22 s)
    seed 2 epoch 10/200: loss main 3.14e-07 aux 0.1556 val 0.1968 (220 s)
    seed 2 epoch 20/200: loss main 2.161e-07 aux 0.1003 val 0.1532 (438 s)
    seed 2 epoch 30/200: loss main 1.658e-07 aux 0.07468 val 0.1313 (657 s)
    seed 2 epoch 40/200: loss main 1.487e-07 aux 0.05935 val 0.1221 (876 s)
    seed 2 epoch 50/200: loss main 1.332e-07 aux 0.04809 val 0.1185 (1094 s)
    seed 2 epoch 60/200: loss main 1.213e-07 aux 0.04248 val 0.1183 (1313 s)
    seed 2 epoch 70/200: loss main 1.135e-07 aux 0.03746 val 0.1114 (1531 s)
    seed 2 epoch 80/200: loss main 1.066e-07 aux 0.03558 val 0.1129 (1750 s)
    seed 2 epoch 90/200: loss main 9.896e-08 aux 0.03085 val 0.1096 (1970 s)
    seed 2 epoch 100/200: loss main 9.748e-08 aux 0.0282 val 0.112 (2190 s)
    seed 2 epoch 110/200: loss main 9.652e-08 aux 0.027 val 0.1077 (2409 s)
    seed 2 epoch 120/200: loss main 1.014e-07 aux 0.02735 val 0.1082 (2629 s)
    seed 2: early stop at epoch 128, best inner val 0.1065 at epoch 108
  n=627 seed 2: inner validation internal term 0.1065 on 94 molecules (fit on 533)
  n=627 seed 2 (a): ring couplings 1.50 vs zero 3.76 (ratio 0.40) | corrected ω 4.69 (zero 23.27) | ΔH residual ratio 0.271
  n=627 seed 2 (b): ring couplings 1.63 vs zero 3.74 (ratio 0.44) | corrected ω 3.90 (zero 23.09) | ΔH residual ratio 0.315
wrote out/E7_rungC_coverage_noring3_2026-10-02.json/.md in 9733 s
=== chain 29 ring3 done Sat Oct  3 00:36:58 WEDT 2026
=== chain 29 ring3 finished Sat Oct  3 00:36:58 WEDT 2026
