=== chain 26 start Fri Oct  2 17:10:01 WEDT 2026
analytic second-route Hessians substituted for 27 molecules
atomic polar tensors found for 9 molecules: intensity read-outs on (lever 5, registered 2 Oct 2026 06:5x)
# Saved model read on the hold-outs (2026-10-02 17:11)

Model `E7_rungC_carried_kd_750_saved_2026-10-02_model_n750_seed0.pt` ({'pattern': 'f', 'aux_mode': 'both', 'aux_target': 'projected', 'n': 750, 'seed': 0}); APTs on 9 molecules.

| hold-out | n | ring-coupling ratio | ω rms (cm⁻¹) | ΔH residual | spectrum overlap (zero rule) | intensity rel. rms (zero rule) | with APT |
|---|---|---|---|---|---|---|---|
| (a) | 10 | 0.236 | 2.96 | 0.153 | 0.968 (0.273) | 0.18 (0.66) | 9 |
| (b) | 39 | 0.346 | 3.47 | 0.241 | — | — | 0 |

Per molecule with an APT:

| molecule | ratio | ω rms | overlap | overlap zero rule | rel. rms | rel. rms zero rule | modes |
|---|---|---|---|---|---|---|---|
| A_fdc27f1bd1 (a) | 0.288 | 2.93 | 0.967 | 0.202 | 0.34 | 0.54 | 60 |
| A_e72997e726 (a) | 0.241 | 2.97 | 0.988 | 0.276 | 0.11 | 0.39 | 63 |
| A_541c53d1a5 (a) | 0.175 | 2.07 | 0.983 | 0.295 | 0.12 | 0.49 | 66 |
| A_428228e5a5 (a) | 0.331 | 3.21 | 0.955 | 0.244 | 0.27 | 0.27 | 72 |
| A_07cadc7923 (a) | 0.122 | 1.90 | 0.994 | 0.200 | 0.28 | 1.21 | 57 |
| A_08dde334d8 (a) | 0.354 | 5.18 | 0.885 | 0.261 | 0.25 | 1.46 | 66 |
| A_3100da3761 (a) | 0.073 | 1.94 | 0.957 | 0.272 | 0.09 | 0.12 | 33 |
| A_bce5bae234 (a) | 0.163 | 1.84 | 0.990 | 0.462 | 0.12 | 0.45 | 63 |
| A_72b86c2331 (a) | 0.174 | 2.70 | 0.990 | 0.247 | 0.04 | 0.96 | 54 |

80 s.
=== chain 26 seed 0 done Fri Oct  2 17:11:27 WEDT 2026
analytic second-route Hessians substituted for 27 molecules
atomic polar tensors found for 10 molecules: intensity read-outs on (lever 5, registered 2 Oct 2026 06:5x)
# Saved model read on the hold-outs (2026-10-02 17:12)

Model `E7_rungC_carried_kd_750_saved_2026-10-02_model_n750_seed1.pt` ({'pattern': 'f', 'aux_mode': 'both', 'aux_target': 'projected', 'n': 750, 'seed': 1}); APTs on 10 molecules.

| hold-out | n | ring-coupling ratio | ω rms (cm⁻¹) | ΔH residual | spectrum overlap (zero rule) | intensity rel. rms (zero rule) | with APT |
|---|---|---|---|---|---|---|---|
| (a) | 10 | 0.219 | 2.78 | 0.135 | 0.966 (0.278) | 0.16 (0.59) | 10 |
| (b) | 39 | 0.348 | 3.61 | 0.243 | — | — | 0 |

Per molecule with an APT:

| molecule | ratio | ω rms | overlap | overlap zero rule | rel. rms | rel. rms zero rule | modes |
|---|---|---|---|---|---|---|---|
| A_fdc27f1bd1 (a) | 0.185 | 2.07 | 0.991 | 0.202 | 0.25 | 0.54 | 60 |
| A_8448043181 (a) | 0.083 | 1.73 | 0.940 | 0.323 | 0.00 | 0.02 | 30 |
| A_e72997e726 (a) | 0.287 | 3.50 | 0.989 | 0.276 | 0.11 | 0.39 | 63 |
| A_541c53d1a5 (a) | 0.155 | 1.60 | 0.998 | 0.295 | 0.25 | 0.49 | 66 |
| A_428228e5a5 (a) | 0.325 | 2.54 | 0.982 | 0.244 | 0.22 | 0.27 | 72 |
| A_07cadc7923 (a) | 0.133 | 2.05 | 0.982 | 0.200 | 0.19 | 1.21 | 57 |
| A_08dde334d8 (a) | 0.305 | 5.11 | 0.840 | 0.261 | 0.38 | 1.46 | 66 |
| A_3100da3761 (a) | 0.089 | 2.20 | 0.954 | 0.272 | 0.05 | 0.12 | 33 |
| A_bce5bae234 (a) | 0.147 | 1.61 | 0.993 | 0.462 | 0.11 | 0.45 | 63 |
| A_72b86c2331 (a) | 0.113 | 2.45 | 0.989 | 0.247 | 0.05 | 0.96 | 54 |

63 s.
=== chain 26 seed 1 done Fri Oct  2 17:12:36 WEDT 2026
analytic second-route Hessians substituted for 27 molecules
atomic polar tensors found for 10 molecules: intensity read-outs on (lever 5, registered 2 Oct 2026 06:5x)
# Saved model read on the hold-outs (2026-10-02 17:13)

Model `E7_rungC_carried_kd_750_saved_2026-10-02_model_n750_seed2.pt` ({'pattern': 'f', 'aux_mode': 'both', 'aux_target': 'projected', 'n': 750, 'seed': 2}); APTs on 10 molecules.

| hold-out | n | ring-coupling ratio | ω rms (cm⁻¹) | ΔH residual | spectrum overlap (zero rule) | intensity rel. rms (zero rule) | with APT |
|---|---|---|---|---|---|---|---|
| (a) | 10 | 0.206 | 2.45 | 0.126 | 0.974 (0.278) | 0.14 (0.59) | 10 |
| (b) | 39 | 0.324 | 3.60 | 0.233 | — | — | 0 |

Per molecule with an APT:

| molecule | ratio | ω rms | overlap | overlap zero rule | rel. rms | rel. rms zero rule | modes |
|---|---|---|---|---|---|---|---|
| A_fdc27f1bd1 (a) | 0.229 | 2.12 | 0.955 | 0.202 | 0.24 | 0.54 | 60 |
| A_8448043181 (a) | 0.078 | 2.34 | 0.989 | 0.323 | 0.00 | 0.02 | 30 |
| A_e72997e726 (a) | 0.246 | 3.27 | 0.982 | 0.276 | 0.14 | 0.39 | 63 |
| A_541c53d1a5 (a) | 0.147 | 1.54 | 0.998 | 0.295 | 0.17 | 0.49 | 66 |
| A_428228e5a5 (a) | 0.263 | 3.01 | 0.976 | 0.244 | 0.19 | 0.27 | 72 |
| A_07cadc7923 (a) | 0.112 | 1.69 | 0.993 | 0.200 | 0.11 | 1.21 | 57 |
| A_08dde334d8 (a) | 0.341 | 3.43 | 0.919 | 0.261 | 0.34 | 1.46 | 66 |
| A_3100da3761 (a) | 0.103 | 1.98 | 0.958 | 0.272 | 0.07 | 0.12 | 33 |
| A_bce5bae234 (a) | 0.142 | 1.53 | 0.992 | 0.462 | 0.06 | 0.45 | 63 |
| A_72b86c2331 (a) | 0.137 | 2.19 | 0.976 | 0.247 | 0.05 | 0.96 | 54 |

66 s.
=== chain 26 seed 2 done Fri Oct  2 17:13:45 WEDT 2026
=== chain 26 finished Fri Oct  2 17:13:45 WEDT 2026
