=== chain 30 keep25 start Sat Oct  3 01:07:32 WEDT 2026
analytic second-route Hessians substituted for 27 molecules
atomic polar tensors found for 10 molecules: intensity read-outs on (lever 5, registered 2 Oct 2026 06:5x)
coverage ablation: 92 pool molecules excluded (pool_ring3_drop_for_keep25_2026-10-03.txt); pool 658
799 molecules; pool 658; hold-out (a) 10, (b) 39 (['fluoranthene', 'fluorene']); sizes [658]; seeds [0, 1, 2]; epochs 200; threads 8; model 171,554 parameters, sum aggregation
  rung B's 66 pair features added to the hybrid head (standardised on the fit molecules)
  hybrid head: 303,636 parameters; F_low input scales 0.0352, 0.294, 0.128; SQM α per class on
  fresh sum body pre-flight: worst |output| 27.8 on the training molecules
    seed 0 epoch 1/200: loss main 8.987e-07 aux 0.4681 val 0.4094 (21 s)
    seed 0 epoch 10/200: loss main 3.116e-07 aux 0.1642 val 0.1605 (233 s)
    seed 0 epoch 20/200: loss main 2.034e-07 aux 0.1018 val 0.1192 (468 s)
    seed 0 epoch 30/200: loss main 1.719e-07 aux 0.07631 val 0.09942 (704 s)
    seed 0 epoch 40/200: loss main 1.471e-07 aux 0.05912 val 0.09576 (942 s)
    seed 0 epoch 50/200: loss main 1.309e-07 aux 0.04929 val 0.08947 (1178 s)
    seed 0 epoch 60/200: loss main 1.237e-07 aux 0.04413 val 0.09374 (1415 s)
    seed 0 epoch 70/200: loss main 1.15e-07 aux 0.03745 val 0.09207 (1654 s)
    seed 0 epoch 80/200: loss main 1.061e-07 aux 0.03398 val 0.08681 (1898 s)
    seed 0 epoch 90/200: loss main 9.847e-08 aux 0.03172 val 0.08858 (2143 s)
    seed 0 epoch 100/200: loss main 9.408e-08 aux 0.02896 val 0.08628 (2392 s)
    seed 0 epoch 110/200: loss main 9.272e-08 aux 0.02644 val 0.08623 (2639 s)
    seed 0 epoch 120/200: loss main 8.683e-08 aux 0.02581 val 0.08482 (2884 s)
    seed 0 epoch 130/200: loss main 8.447e-08 aux 0.0223 val 0.09229 (3128 s)
    seed 0: early stop at epoch 135, best inner val 0.08173 at epoch 115
  n=658 seed 0: inner validation internal term 0.08173 on 99 molecules (fit on 559)
  n=658 seed 0 (a): ring couplings 0.86 vs zero 3.76 (ratio 0.23) | corrected ω 2.82 (zero 23.27) | ΔH residual ratio 0.148
  n=658 seed 0 (b): ring couplings 1.25 vs zero 3.74 (ratio 0.33) | corrected ω 3.45 (zero 23.09) | ΔH residual ratio 0.244
  rung B's 66 pair features added to the hybrid head (standardised on the fit molecules)
  hybrid head: 303,636 parameters; F_low input scales 0.0353, 0.294, 0.128; SQM α per class on
  fresh sum body pre-flight: worst |output| 18.9 on the training molecules
    seed 1 epoch 1/200: loss main 9.234e-07 aux 0.4639 val 0.5244 (24 s)
    seed 1 epoch 10/200: loss main 3.012e-07 aux 0.1547 val 0.1981 (241 s)
    seed 1 epoch 20/200: loss main 2.158e-07 aux 0.09955 val 0.1585 (480 s)
    seed 1 epoch 30/200: loss main 1.737e-07 aux 0.07365 val 0.1392 (722 s)
    seed 1 epoch 40/200: loss main 1.455e-07 aux 0.0581 val 0.1331 (967 s)
    seed 1 epoch 50/200: loss main 1.31e-07 aux 0.04826 val 0.1298 (1210 s)
    seed 1 epoch 60/200: loss main 1.196e-07 aux 0.04284 val 0.1295 (1452 s)
    seed 1 epoch 70/200: loss main 1.108e-07 aux 0.03576 val 0.1271 (1694 s)
    seed 1 epoch 80/200: loss main 1.081e-07 aux 0.03306 val 0.1251 (1936 s)
    seed 1 epoch 90/200: loss main 9.634e-08 aux 0.0285 val 0.1222 (2176 s)
    seed 1 epoch 100/200: loss main 9.597e-08 aux 0.0274 val 0.122 (2417 s)
    seed 1 epoch 110/200: loss main 9.427e-08 aux 0.02589 val 0.1223 (2658 s)
    seed 1: early stop at epoch 118, best inner val 0.1192 at epoch 98
  n=658 seed 1: inner validation internal term 0.1192 on 99 molecules (fit on 559)
  n=658 seed 1 (a): ring couplings 1.00 vs zero 3.76 (ratio 0.27) | corrected ω 3.92 (zero 23.27) | ΔH residual ratio 0.196
  n=658 seed 1 (b): ring couplings 1.41 vs zero 3.74 (ratio 0.38) | corrected ω 3.76 (zero 23.09) | ΔH residual ratio 0.269
  rung B's 66 pair features added to the hybrid head (standardised on the fit molecules)
  hybrid head: 303,636 parameters; F_low input scales 0.0355, 0.295, 0.128; SQM α per class on
  fresh sum body pre-flight: worst |output| 25.7 on the training molecules
    seed 2 epoch 1/200: loss main 9.746e-07 aux 0.4688 val 0.4534 (24 s)
    seed 2 epoch 10/200: loss main 3.089e-07 aux 0.1549 val 0.1968 (236 s)
    seed 2 epoch 20/200: loss main 2.044e-07 aux 0.09791 val 0.125 (475 s)
    seed 2 epoch 30/200: loss main 1.685e-07 aux 0.07316 val 0.1116 (713 s)
    seed 2 epoch 40/200: loss main 1.482e-07 aux 0.05748 val 0.1 (950 s)
    seed 2 epoch 50/200: loss main 1.309e-07 aux 0.04898 val 0.0948 (1191 s)
    seed 2 epoch 60/200: loss main 1.154e-07 aux 0.04057 val 0.09744 (1427 s)
    seed 2 epoch 70/200: loss main 1.124e-07 aux 0.03675 val 0.09279 (1665 s)
    seed 2 epoch 80/200: loss main 1.143e-07 aux 0.03587 val 0.09217 (1902 s)
    seed 2 epoch 90/200: loss main 1.136e-07 aux 0.03551 val 0.09282 (2141 s)
    seed 2 epoch 100/200: loss main 9.657e-08 aux 0.02681 val 0.08921 (2380 s)
    seed 2 epoch 110/200: loss main 9.56e-08 aux 0.02605 val 0.08644 (2618 s)
    seed 2 epoch 120/200: loss main 8.578e-08 aux 0.02251 val 0.08798 (2858 s)
    seed 2: early stop at epoch 121, best inner val 0.08509 at epoch 101
  n=658 seed 2: inner validation internal term 0.08509 on 99 molecules (fit on 559)
  n=658 seed 2 (a): ring couplings 0.95 vs zero 3.76 (ratio 0.25) | corrected ω 3.16 (zero 23.27) | ΔH residual ratio 0.174
  n=658 seed 2 (b): ring couplings 1.28 vs zero 3.74 (ratio 0.34) | corrected ω 3.76 (zero 23.09) | ΔH residual ratio 0.250
wrote out/E7_rungC_coverage_ring3keep25_2026-10-03.json/.md in 9189 s
=== chain 30 keep25 done Sat Oct  3 03:40:44 WEDT 2026
=== chain 30 keep25 finished Sat Oct  3 03:40:44 WEDT 2026
