=== chain 34c smoke start 2026-10-04 08:32:09
=== chain 34c smoke ok 2026-10-04 08:35:12
=== chain 34c: kdiag family-low, weight 0.1, 750, 8 threads start 2026-10-04 08:35:13
analytic second-route Hessians substituted for 28 molecules
atomic polar tensors found for 10 molecules: intensity read-outs on (lever 5, registered 2 Oct 2026 06:5x)
799 molecules; pool 750; hold-out (a) 10, (b) 39 (['fluoranthene', 'fluorene']); sizes [750]; seeds [0, 1, 2]; epochs 200; threads 8; model 171,810 parameters, sum aggregation
  rung B's 66 pair features added to the hybrid head (standardised on the fit molecules)
  hybrid head: 303,892 parameters; F_low input scales 0.0344, 0.29, 0.125; SQM α per class on
  fresh sum body pre-flight: worst |output| 41.4 on the training molecules
    seed 0 epoch 1/200: loss main 9.465e-07 aux 0.4702 val 0.5489 (65 s)
    seed 0 epoch 10/200: loss main 2.892e-07 aux 0.1473 val 0.2074 (562 s)
    seed 0 epoch 20/200: loss main 1.894e-07 aux 0.09141 val 0.1515 (1180 s)
    seed 0 epoch 30/200: loss main 1.553e-07 aux 0.07102 val 0.1412 (1721 s)
    seed 0 epoch 40/200: loss main 1.362e-07 aux 0.05744 val 0.1333 (2161 s)
    seed 0 epoch 50/200: loss main 1.242e-07 aux 0.04812 val 0.124 (2646 s)
    seed 0 epoch 60/200: loss main 1.126e-07 aux 0.04207 val 0.1218 (3032 s)
    seed 0: early stop at epoch 64, best inner val 0.1186 at epoch 44
  model saved: out/E7_rungC_chain34c_kdfamilylow_750_2026-10-04_model_n750_seed0.pt
  n=750 seed 0: inner validation internal term 0.1186 on 112 molecules (fit on 638)
  n=750 seed 0 (a): ring couplings 0.80 vs zero 3.76 (ratio 0.21) | corrected ω 2.67 (zero 23.27) | ΔH residual ratio 0.140
  n=750 seed 0 (b): ring couplings 1.13 vs zero 3.74 (ratio 0.30) | corrected ω 3.72 (zero 23.09) | ΔH residual ratio 0.218
  rung B's 66 pair features added to the hybrid head (standardised on the fit molecules)
  hybrid head: 303,892 parameters; F_low input scales 0.0343, 0.289, 0.124; SQM α per class on
  fresh sum body pre-flight: worst |output| 34.9 on the training molecules
    seed 1 epoch 1/200: loss main 9.765e-07 aux 0.4754 val 0.5037 (55 s)
    seed 1 epoch 10/200: loss main 3.062e-07 aux 0.1615 val 0.194 (495 s)
    seed 1 epoch 20/200: loss main 2.139e-07 aux 0.1037 val 0.1357 (1018 s)
    seed 1 epoch 30/200: loss main 1.604e-07 aux 0.07634 val 0.1188 (1541 s)
    seed 1 epoch 40/200: loss main 1.414e-07 aux 0.06201 val 0.1097 (2173 s)
    seed 1 epoch 50/200: loss main 1.211e-07 aux 0.05082 val 0.108 (2870 s)
    seed 1 epoch 60/200: loss main 1.174e-07 aux 0.04702 val 0.1051 (3410 s)
    seed 1 epoch 70/200: loss main 1.094e-07 aux 0.03847 val 0.1 (3992 s)
    seed 1 epoch 80/200: loss main 1.019e-07 aux 0.03585 val 0.09924 (4556 s)
    seed 1 epoch 90/200: loss main 1e-07 aux 0.03286 val 0.1035 (5117 s)
    seed 1: early stop at epoch 95, best inner val 0.09576 at epoch 75
  model saved: out/E7_rungC_chain34c_kdfamilylow_750_2026-10-04_model_n750_seed1.pt
  n=750 seed 1: inner validation internal term 0.09576 on 112 molecules (fit on 638)
  n=750 seed 1 (a): ring couplings 0.80 vs zero 3.76 (ratio 0.21) | corrected ω 2.46 (zero 23.27) | ΔH residual ratio 0.126
  n=750 seed 1 (b): ring couplings 1.28 vs zero 3.74 (ratio 0.34) | corrected ω 3.55 (zero 23.09) | ΔH residual ratio 0.237
  rung B's 66 pair features added to the hybrid head (standardised on the fit molecules)
  hybrid head: 303,892 parameters; F_low input scales 0.0345, 0.29, 0.125; SQM α per class on
  fresh sum body pre-flight: worst |output| 9.36 on the training molecules
    seed 2 epoch 1/200: loss main 9.125e-07 aux 0.4825 val 0.4803 (54 s)
    seed 2 epoch 10/200: loss main 3.141e-07 aux 0.1572 val 0.1852 (527 s)
    seed 2 epoch 20/200: loss main 2.001e-07 aux 0.09918 val 0.1465 (1001 s)
    seed 2 epoch 30/200: loss main 1.609e-07 aux 0.07429 val 0.1337 (1375 s)
    seed 2 epoch 40/200: loss main 1.463e-07 aux 0.06093 val 0.1208 (1746 s)
    seed 2 epoch 50/200: loss main 1.257e-07 aux 0.05131 val 0.1121 (2080 s)
    seed 2 epoch 60/200: loss main 1.214e-07 aux 0.04381 val 0.1138 (2465 s)
    seed 2 epoch 70/200: loss main 1.183e-07 aux 0.04053 val 0.1049 (2866 s)
    seed 2 epoch 80/200: loss main 1.047e-07 aux 0.03546 val 0.1093 (3255 s)
    seed 2 epoch 90/200: loss main 9.97e-08 aux 0.03125 val 0.1065 (3614 s)
    seed 2 epoch 100/200: loss main 9.761e-08 aux 0.0301 val 0.1047 (4007 s)
    seed 2: early stop at epoch 101, best inner val 0.1022 at epoch 81
  model saved: out/E7_rungC_chain34c_kdfamilylow_750_2026-10-04_model_n750_seed2.pt
  n=750 seed 2: inner validation internal term 0.1022 on 112 molecules (fit on 638)
  n=750 seed 2 (a): ring couplings 0.83 vs zero 3.76 (ratio 0.22) | corrected ω 2.89 (zero 23.27) | ΔH residual ratio 0.134
  n=750 seed 2 (b): ring couplings 1.22 vs zero 3.74 (ratio 0.33) | corrected ω 3.64 (zero 23.09) | ΔH residual ratio 0.233
wrote out/E7_rungC_chain34c_kdfamilylow_750_2026-10-04.json/.md in 13080 s
=== chain 34c done 2026-10-04 12:13:23
=== chain 34c finished 2026-10-04 12:13:23
