=== chain 24 start Fri Oct  2 10:54:25 WEDT 2026
analytic second-route Hessians substituted for 27 molecules
atomic polar tensors found for 2 molecules: intensity read-outs on (lever 5, registered 2 Oct 2026 06:5x)
799 molecules; pool 750; hold-out (a) 10, (b) 39 (['fluoranthene', 'fluorene']); sizes [750]; seeds [0, 1, 2]; epochs 200; threads 8; model 171,554 parameters, sum aggregation
  rung B's 66 pair features added to the hybrid head (standardised on the fit molecules)
  hybrid head: 303,636 parameters; F_low input scales 0.0344, 0.29, 0.125; SQM α per class on
  fresh sum body pre-flight: worst |output| 27.8 on the training molecules
    seed 0 epoch 1/200: loss main 8.308e-07 aux 0.465 val 0.5492 (31 s)
    seed 0 epoch 10/200: loss main 2.772e-07 aux 0.1532 val 0.202 (296 s)
    seed 0 epoch 20/200: loss main 1.836e-07 aux 0.092 val 0.163 (605 s)
    seed 0 epoch 30/200: loss main 1.491e-07 aux 0.06712 val 0.1406 (895 s)
    seed 0 epoch 40/200: loss main 1.36e-07 aux 0.05663 val 0.1326 (1185 s)
    seed 0 epoch 50/200: loss main 1.21e-07 aux 0.04868 val 0.1214 (1475 s)
    seed 0 epoch 60/200: loss main 1.113e-07 aux 0.04025 val 0.121 (1757 s)
    seed 0 epoch 70/200: loss main 1.042e-07 aux 0.0357 val 0.117 (2038 s)
    seed 0 epoch 80/200: loss main 9.731e-08 aux 0.03242 val 0.1121 (2329 s)
    seed 0 epoch 90/200: loss main 9.34e-08 aux 0.03005 val 0.1142 (2600 s)
    seed 0: early stop at epoch 97, best inner val 0.1104 at epoch 77
  model saved: out/E7_rungC_carried_kd_750_saved_2026-10-02_model_n750_seed0.pt
  n=750 seed 0: inner validation internal term 0.1104 on 112 molecules (fit on 638)
  n=750 seed 0 (a): ring couplings 0.89 vs zero 3.76 (ratio 0.24) | corrected ω 2.96 (zero 23.27) | ΔH residual ratio 0.153
  n=750 seed 0 (b): ring couplings 1.29 vs zero 3.74 (ratio 0.35) | corrected ω 3.47 (zero 23.09) | ΔH residual ratio 0.241
  rung B's 66 pair features added to the hybrid head (standardised on the fit molecules)
  hybrid head: 303,636 parameters; F_low input scales 0.0343, 0.289, 0.124; SQM α per class on
  fresh sum body pre-flight: worst |output| 18.2 on the training molecules
    seed 1 epoch 1/200: loss main 9.038e-07 aux 0.4736 val 0.5046 (27 s)
    seed 1 epoch 10/200: loss main 2.645e-07 aux 0.1516 val 0.1894 (284 s)
    seed 1 epoch 20/200: loss main 1.956e-07 aux 0.09513 val 0.1362 (553 s)
    seed 1 epoch 30/200: loss main 1.535e-07 aux 0.07133 val 0.1211 (871 s)
    seed 1 epoch 40/200: loss main 1.289e-07 aux 0.05765 val 0.1186 (1222 s)
    seed 1 epoch 50/200: loss main 1.2e-07 aux 0.04919 val 0.1166 (1531 s)
    seed 1 epoch 60/200: loss main 1.139e-07 aux 0.04294 val 0.106 (1876 s)
    seed 1 epoch 70/200: loss main 1.028e-07 aux 0.03731 val 0.1022 (2220 s)
    seed 1 epoch 80/200: loss main 9.929e-08 aux 0.03432 val 0.09912 (2531 s)
    seed 1 epoch 90/200: loss main 9.851e-08 aux 0.03183 val 0.1099 (2876 s)
    seed 1 epoch 100/200: loss main 9.171e-08 aux 0.02919 val 0.09937 (3207 s)
    seed 1: early stop at epoch 100, best inner val 0.09912 at epoch 80
  model saved: out/E7_rungC_carried_kd_750_saved_2026-10-02_model_n750_seed1.pt
  n=750 seed 1: inner validation internal term 0.09912 on 112 molecules (fit on 638)
  n=750 seed 1 (a): ring couplings 0.82 vs zero 3.76 (ratio 0.22) | corrected ω 2.78 (zero 23.27) | ΔH residual ratio 0.135
  n=750 seed 1 (b): ring couplings 1.30 vs zero 3.74 (ratio 0.35) | corrected ω 3.61 (zero 23.09) | ΔH residual ratio 0.243
  rung B's 66 pair features added to the hybrid head (standardised on the fit molecules)
  hybrid head: 303,636 parameters; F_low input scales 0.0345, 0.29, 0.125; SQM α per class on
  fresh sum body pre-flight: worst |output| 26.8 on the training molecules
    seed 2 epoch 1/200: loss main 8.831e-07 aux 0.4775 val 0.4681 (29 s)
    seed 2 epoch 10/200: loss main 2.836e-07 aux 0.1514 val 0.1806 (327 s)
    seed 2 epoch 20/200: loss main 1.901e-07 aux 0.09523 val 0.1455 (672 s)
    seed 2 epoch 30/200: loss main 1.552e-07 aux 0.07201 val 0.1244 (992 s)
    seed 2 epoch 40/200: loss main 1.364e-07 aux 0.05632 val 0.1222 (1333 s)
    seed 2 epoch 50/200: loss main 1.22e-07 aux 0.04759 val 0.1122 (1659 s)
    seed 2 epoch 60/200: loss main 1.146e-07 aux 0.04235 val 0.1109 (2001 s)
    seed 2 epoch 70/200: loss main 1.07e-07 aux 0.03733 val 0.1056 (2326 s)
    seed 2 epoch 80/200: loss main 1.015e-07 aux 0.03297 val 0.1065 (2648 s)
    seed 2 epoch 90/200: loss main 9.627e-08 aux 0.03001 val 0.1027 (2986 s)
    seed 2 epoch 100/200: loss main 9.322e-08 aux 0.02797 val 0.1015 (3325 s)
    seed 2 epoch 110/200: loss main 9.439e-08 aux 0.02686 val 0.1055 (3659 s)
    seed 2 epoch 120/200: loss main 8.698e-08 aux 0.02536 val 0.1033 (3995 s)
    seed 2 epoch 130/200: loss main 8.704e-08 aux 0.02413 val 0.09935 (4333 s)
    seed 2 epoch 140/200: loss main 8.39e-08 aux 0.02212 val 0.09889 (4674 s)
    seed 2 epoch 150/200: loss main 7.756e-08 aux 0.01991 val 0.09996 (5018 s)
    seed 2: early stop at epoch 158, best inner val 0.09513 at epoch 138
  model saved: out/E7_rungC_carried_kd_750_saved_2026-10-02_model_n750_seed2.pt
  n=750 seed 2: inner validation internal term 0.09513 on 112 molecules (fit on 638)
  n=750 seed 2 (a): ring couplings 0.78 vs zero 3.76 (ratio 0.21) | corrected ω 2.45 (zero 23.27) | ΔH residual ratio 0.126
  n=750 seed 2 (b): ring couplings 1.21 vs zero 3.74 (ratio 0.32) | corrected ω 3.60 (zero 23.09) | ΔH residual ratio 0.233
wrote out/E7_rungC_carried_kd_750_saved_2026-10-02.json/.md in 11624 s
=== chain 24 (750, models saved) done Fri Oct  2 14:08:20 WEDT 2026
=== chain 24 finished Fri Oct  2 14:08:20 WEDT 2026
