5 shards (data-00000-of-00005.arrow 8fb0ae620ddaf83b, data-00001-of-00005.arrow 4a5435bab3710f71, data-00002-of-00005.arrow 2df9a6977971f0a2, data-00003-of-00005.arrow 67cf5c6dbb9e03ab, data-00004-of-00005.arrow 5cda6cd30270bd9c); epochs 20; threads 6
class scales (own block, bonded, non-bonded) from 2000 molecules: [0.2534851655553568, 0.12724846613361318, 0.006810434799983741]
  epoch 1 molecule 500: train loss 0.01131 (0.02 s per molecule)
  epoch 1 molecule 1000: train loss 0.006393 (0.02 s per molecule)
  epoch 1 molecule 1500: train loss 0.004583 (0.02 s per molecule)
  epoch 1 molecule 2000: train loss 0.003605 (0.02 s per molecule)
  epoch 1 molecule 2500: train loss 0.003 (0.02 s per molecule)
  epoch 1 molecule 3000: train loss 0.002594 (0.02 s per molecule)
  epoch 1 molecule 3500: train loss 0.00229 (0.02 s per molecule)
  epoch 1 molecule 4000: train loss 0.002063 (0.02 s per molecule)
  epoch 1 molecule 4500: train loss 0.001878 (0.02 s per molecule)
  epoch 1 molecule 5000: train loss 0.001735 (0.02 s per molecule)
  epoch 1 molecule 5500: train loss 0.001614 (0.02 s per molecule)
  epoch 1 molecule 6000: train loss 0.001511 (0.02 s per molecule)
  epoch 1 molecule 6500: train loss 0.001421 (0.02 s per molecule)
  epoch 1 molecule 7000: train loss 0.001344 (0.02 s per molecule)
  epoch 1 molecule 7500: train loss 0.001316 (0.02 s per molecule)
  epoch 1 molecule 8000: train loss 0.001254 (0.02 s per molecule)
  epoch 1 molecule 8500: train loss 0.001199 (0.02 s per molecule)
  epoch 1 molecule 9000: train loss 0.001148 (0.02 s per molecule)
  epoch 1 molecule 9500: train loss 0.00154 (0.02 s per molecule)
  epoch 1 molecule 10000: train loss 0.001482 (0.02 s per molecule)
  epoch 1 molecule 10500: train loss 0.001428 (0.02 s per molecule)
  epoch 1 molecule 11000: train loss 0.001378 (0.02 s per molecule)
  epoch 1 molecule 11500: train loss 0.001332 (0.02 s per molecule)
  epoch 1 molecule 12000: train loss 0.001291 (0.02 s per molecule)
  epoch 1 molecule 12500: train loss 0.001251 (0.02 s per molecule)
  epoch 1 molecule 13000: train loss 0.001215 (0.02 s per molecule)
  epoch 1 molecule 13500: train loss 0.001183 (0.02 s per molecule)
  epoch 1 molecule 14000: train loss 0.00115 (0.02 s per molecule)
  epoch 1 molecule 14500: train loss 0.001121 (0.02 s per molecule)
  epoch 1 molecule 15000: train loss 0.001093 (0.02 s per molecule)
  epoch 1 molecule 15500: train loss 0.001069 (0.02 s per molecule)
  epoch 1 molecule 16000: train loss 0.001045 (0.02 s per molecule)
  epoch 1 molecule 16500: train loss 0.001021 (0.02 s per molecule)
  epoch 1 molecule 17000: train loss 0.001 (0.02 s per molecule)
  epoch 1 molecule 17500: train loss 0.0009791 (0.02 s per molecule)
  epoch 1 molecule 18000: train loss 0.0009591 (0.02 s per molecule)
  epoch 1 molecule 18500: train loss 0.0009406 (0.02 s per molecule)
  epoch 1 molecule 19000: train loss 0.0009229 (0.02 s per molecule)
  epoch 1 molecule 19500: train loss 0.0009061 (0.02 s per molecule)
  epoch 1 molecule 20000: train loss 0.0008903 (0.02 s per molecule)
  epoch 1 molecule 20500: train loss 0.0008746 (0.02 s per molecule)
Traceback (most recent call last):
  File "C:\Users\thebr\Documents\CapstonePlan\plans\05_delta-probed-ir-pipeline\modules\05_support_predictor\m05\rungC_pretrain.py", line 226, in <module>
    sys.exit(main())
             ~~~~^^
  File "C:\Users\thebr\Documents\CapstonePlan\plans\05_delta-probed-ir-pipeline\modules\05_support_predictor\m05\rungC_pretrain.py", line 198, in main
    raise RuntimeError(f"non-finite loss at epoch {ep + 1}, molecule {t['id']} — aborting instead of training through NaN (guard of 27 Sep)")
RuntimeError: non-finite loss at epoch 1, molecule dsgdb9nsd_000003 — aborting instead of training through NaN (guard of 27 Sep)
