analytic second-route Hessians substituted for 36 molecules
atomic polar tensors found for 10 molecules: intensity read-outs on (lever 5, registered 2 Oct 2026 06:5x)
799 molecules; pool 750; hold-out (a) 3, (b) 3 (['fluoranthene', 'fluorene']); sizes [5]; seeds [0]; epochs 200; threads 4; model 172,194 parameters, sum aggregation — SMOKE
  rung B's 66 pair features added to the hybrid head (standardised on the fit molecules)
  hybrid head: 304,276 parameters; F_low input scales 0.0324, 0.276, 0.113; SQM α per class on
  fresh sum body pre-flight: worst |output| 35 on the training molecules
    seed 0 epoch 1/200: loss main 5.074e-06 aux 0.6013 (0 s)
    seed 0 epoch 10/200: loss main 9.523e-07 aux 0.3234 (4 s)
    seed 0 epoch 20/200: loss main 8.185e-07 aux 0.3131 (7 s)
    seed 0 epoch 30/200: loss main 8.007e-07 aux 0.2971 (11 s)
    seed 0 epoch 40/200: loss main 8.338e-07 aux 0.29 (14 s)
    seed 0 epoch 50/200: loss main 6.971e-07 aux 0.277 (18 s)
    seed 0 epoch 60/200: loss main 5.978e-07 aux 0.2641 (21 s)
    seed 0 epoch 70/200: loss main 5.991e-07 aux 0.2665 (25 s)
    seed 0 epoch 80/200: loss main 6.769e-07 aux 0.2658 (28 s)
    seed 0 epoch 90/200: loss main 5.37e-07 aux 0.2408 (32 s)
    seed 0 epoch 100/200: loss main 4.963e-07 aux 0.2355 (35 s)
    seed 0 epoch 110/200: loss main 4.955e-07 aux 0.2255 (39 s)
    seed 0 epoch 120/200: loss main 5.202e-07 aux 0.2177 (42 s)
    seed 0 epoch 130/200: loss main 4.503e-07 aux 0.2111 (46 s)
    seed 0 epoch 140/200: loss main 4.333e-07 aux 0.1884 (49 s)
    seed 0 epoch 150/200: loss main 7.996e-07 aux 0.2101 (53 s)
    seed 0 epoch 160/200: loss main 4.382e-07 aux 0.169 (57 s)
    seed 0 epoch 170/200: loss main 6.456e-07 aux 0.1648 (60 s)
    seed 0 epoch 180/200: loss main 4.49e-07 aux 0.1602 (64 s)
    seed 0 epoch 190/200: loss main 3.945e-07 aux 0.1402 (67 s)
    seed 0 epoch 200/200: loss main 3.902e-07 aux 0.1546 (71 s)
  model saved: out/smoke_chain36_off_2026-10-07_model_n5_seed0.pt
  n=5 seed 0 (a): ring couplings 1.96 vs zero 3.04 (ratio 0.64) | corrected ω 8.31 (zero 23.80) | ΔH residual ratio 0.313
  n=5 seed 0 (b): ring couplings 2.41 vs zero 3.99 (ratio 0.61) | corrected ω 6.11 (zero 23.08) | ΔH residual ratio 0.457
wrote out/smoke_chain36_off_2026-10-07.json/.md in 113 s
