analytic second-route Hessians substituted for 36 molecules
atomic polar tensors found for 10 molecules: intensity read-outs on (lever 5, registered 2 Oct 2026 06:5x)
799 molecules; pool 750; hold-out (a) 3, (b) 3 (['fluoranthene', 'fluorene']); sizes [5]; seeds [0]; epochs 200; threads 4; model 172,194 parameters, sum aggregation — SMOKE
  rung B's 66 pair features added to the hybrid head (standardised on the fit molecules)
  hybrid head: 304,276 parameters; F_low input scales 0.0324, 0.276, 0.113; SQM α per class on
  fresh sum body pre-flight: worst |output| 35 on the training molecules
    seed 0 epoch 1/200: loss main 5.074e-06 aux 0.6013 (0 s)
    seed 0 epoch 10/200: loss main 9.51e-07 aux 0.3235 (4 s)
    seed 0 epoch 20/200: loss main 8.227e-07 aux 0.3136 (7 s)
    seed 0 epoch 30/200: loss main 8.116e-07 aux 0.2974 (11 s)
    seed 0 epoch 40/200: loss main 7.783e-07 aux 0.2859 (14 s)
    seed 0 epoch 50/200: loss main 6.786e-07 aux 0.2763 (18 s)
    seed 0 epoch 60/200: loss main 5.956e-07 aux 0.2641 (21 s)
    seed 0 epoch 70/200: loss main 6.64e-07 aux 0.2654 (25 s)
    seed 0 epoch 80/200: loss main 5.244e-07 aux 0.2531 (28 s)
    seed 0 epoch 90/200: loss main 4.975e-07 aux 0.2445 (32 s)
    seed 0 epoch 100/200: loss main 4.678e-07 aux 0.2298 (36 s)
    seed 0 epoch 110/200: loss main 8.319e-07 aux 0.2614 (39 s)
    seed 0 epoch 120/200: loss main 4.32e-07 aux 0.2137 (43 s)
    seed 0 epoch 130/200: loss main 5.298e-07 aux 0.2148 (46 s)
    seed 0 epoch 140/200: loss main 4.132e-07 aux 0.1975 (50 s)
    seed 0 epoch 150/200: loss main 5.31e-07 aux 0.194 (53 s)
    seed 0 epoch 160/200: loss main 4.457e-07 aux 0.1848 (57 s)
    seed 0 epoch 170/200: loss main 6.045e-07 aux 0.173 (60 s)
    seed 0 epoch 180/200: loss main 3.972e-07 aux 0.1495 (64 s)
    seed 0 epoch 190/200: loss main 5.873e-07 aux 0.1613 (67 s)
    seed 0 epoch 200/200: loss main 5.063e-07 aux 0.1453 (71 s)
  model saved: out/smoke_chain36_hinge_2026-10-07_model_n5_seed0.pt
  n=5 seed 0 (a): ring couplings 1.92 vs zero 3.04 (ratio 0.63) | corrected ω 8.08 (zero 23.80) | ΔH residual ratio 0.326
  n=5 seed 0 (b): ring couplings 2.53 vs zero 3.99 (ratio 0.63) | corrected ω 6.24 (zero 23.08) | ΔH residual ratio 0.473
wrote out/smoke_chain36_hinge_2026-10-07.json/.md in 114 s
