model E7_rungC_chain34_kdfamily_750_2026-10-05_model_n750_seed1.pt: pattern f, aux both, target projected; anchors ['A_01f3186607', 'A_3100da3761', 'A_6e858b26e5', 'A_8448043181', 'A_a1e6ec1862', 'B_8b12a55d3a']
  [A_01f3186607 alpha]     epoch 50/300: loss 0.3002
  [A_01f3186607 alpha]     epoch 100/300: loss 0.288
  [A_01f3186607 alpha]     epoch 150/300: loss 0.285
  [A_01f3186607 alpha]     epoch 200/300: loss 0.2836
  [A_01f3186607 alpha]     epoch 250/300: loss 0.283
  [A_01f3186607 alpha]     epoch 300/300: loss 0.2827
  [A_01f3186607 head]     epoch 50/300: loss 0.1124
  [A_01f3186607 head]     epoch 100/300: loss 0.07815
  [A_01f3186607 head]     epoch 150/300: loss 0.06255
  [A_01f3186607 head]     epoch 200/300: loss 0.05377
  [A_01f3186607 head]     epoch 250/300: loss 0.04821
  [A_01f3186607 head]     epoch 300/300: loss 0.04436
  [A_01f3186607 head_l2]     epoch 50/300: loss 0.2251
  [A_01f3186607 head_l2]     epoch 100/300: loss 0.215
  [A_01f3186607 head_l2]     epoch 150/300: loss 0.2122
  [A_01f3186607 head_l2]     epoch 200/300: loss 0.211
  [A_01f3186607 head_l2]     epoch 250/300: loss 0.2106
  [A_01f3186607 head_l2]     epoch 300/300: loss 0.2104
A_01f3186607: zero ω 21.12 | α-scaling 0.95 / 10.00 | network as is 2.34 / 42.18 | α tuned 1.42 / 12.55 | head tuned 1.04 / 8.12 | head L2 1: 1.14 / 4.20 ring-ip
  [A_3100da3761 alpha]     epoch 50/300: loss 0.3582
  [A_3100da3761 alpha]     epoch 100/300: loss 0.3495
  [A_3100da3761 alpha]     epoch 150/300: loss 0.3491
  [A_3100da3761 alpha]     epoch 200/300: loss 0.3488
  [A_3100da3761 alpha]     epoch 250/300: loss 0.3486
  [A_3100da3761 alpha]     epoch 300/300: loss 0.3483
  [A_3100da3761 head]     epoch 50/300: loss 0.1302
  [A_3100da3761 head]     epoch 100/300: loss 0.09381
  [A_3100da3761 head]     epoch 150/300: loss 0.07633
  [A_3100da3761 head]     epoch 200/300: loss 0.06586
  [A_3100da3761 head]     epoch 250/300: loss 0.05904
  [A_3100da3761 head]     epoch 300/300: loss 0.05435
  [A_3100da3761 head_l2]     epoch 50/300: loss 0.2487
  [A_3100da3761 head_l2]     epoch 100/300: loss 0.2413
  [A_3100da3761 head_l2]     epoch 150/300: loss 0.2406
  [A_3100da3761 head_l2]     epoch 200/300: loss 0.2403
  [A_3100da3761 head_l2]     epoch 250/300: loss 0.2401
  [A_3100da3761 head_l2]     epoch 300/300: loss 0.2399
A_3100da3761: zero ω 22.78 | α-scaling 1.09 / 10.08 | network as is 2.18 / 45.31 | α tuned 0.90 / 21.22 | head tuned 0.97 / 19.29 | head L2 1: 0.66 / 2.37 ring-ip
  [A_6e858b26e5 alpha]     epoch 50/300: loss 0.2986
  [A_6e858b26e5 alpha]     epoch 100/300: loss 0.2847
  [A_6e858b26e5 alpha]     epoch 150/300: loss 0.282
  [A_6e858b26e5 alpha]     epoch 200/300: loss 0.2807
  [A_6e858b26e5 alpha]     epoch 250/300: loss 0.2801
  [A_6e858b26e5 alpha]     epoch 300/300: loss 0.2798
  [A_6e858b26e5 head]     epoch 50/300: loss 0.102
  [A_6e858b26e5 head]     epoch 100/300: loss 0.06969
  [A_6e858b26e5 head]     epoch 150/300: loss 0.05518
  [A_6e858b26e5 head]     epoch 200/300: loss 0.04746
  [A_6e858b26e5 head]     epoch 250/300: loss 0.04287
  [A_6e858b26e5 head]     epoch 300/300: loss 0.03985
  [A_6e858b26e5 head_l2]     epoch 50/300: loss 0.2203
  [A_6e858b26e5 head_l2]     epoch 100/300: loss 0.2096
  [A_6e858b26e5 head_l2]     epoch 150/300: loss 0.2067
  [A_6e858b26e5 head_l2]     epoch 200/300: loss 0.2054
  [A_6e858b26e5 head_l2]     epoch 250/300: loss 0.2049
  [A_6e858b26e5 head_l2]     epoch 300/300: loss 0.2047
A_6e858b26e5: zero ω 19.09 | α-scaling 1.04 / 11.35 | network as is 2.25 / 40.54 | α tuned 1.03 / 8.73 | head tuned 0.95 / 7.01 | head L2 1: 0.93 / 4.55 ring-ip
  [A_8448043181 alpha]     epoch 50/300: loss 0.3201
  [A_8448043181 alpha]     epoch 100/300: loss 0.3069
  [A_8448043181 alpha]     epoch 150/300: loss 0.3045
  [A_8448043181 alpha]     epoch 200/300: loss 0.3033
  [A_8448043181 alpha]     epoch 250/300: loss 0.3028
  [A_8448043181 alpha]     epoch 300/300: loss 0.3025
  [A_8448043181 head]     epoch 50/300: loss 0.1172
  [A_8448043181 head]     epoch 100/300: loss 0.0835
  [A_8448043181 head]     epoch 150/300: loss 0.06838
  [A_8448043181 head]     epoch 200/300: loss 0.0601
  [A_8448043181 head]     epoch 250/300: loss 0.05497
  [A_8448043181 head]     epoch 300/300: loss 0.05149
  [A_8448043181 head_l2]     epoch 50/300: loss 0.2359
  [A_8448043181 head_l2]     epoch 100/300: loss 0.2267
  [A_8448043181 head_l2]     epoch 150/300: loss 0.2244
  [A_8448043181 head_l2]     epoch 200/300: loss 0.2234
  [A_8448043181 head_l2]     epoch 250/300: loss 0.2229
  [A_8448043181 head_l2]     epoch 300/300: loss 0.2227
A_8448043181: zero ω 21.43 | α-scaling 0.99 / 11.35 | network as is 1.70 / 43.50 | α tuned 0.60 / 7.86 | head tuned 0.16 / 7.14 | head L2 1: 0.46 / 4.36 ring-ip
  [A_a1e6ec1862 alpha]     epoch 50/300: loss 0.2696
  [A_a1e6ec1862 alpha]     epoch 100/300: loss 0.2602
  [A_a1e6ec1862 alpha]     epoch 150/300: loss 0.2584
  [A_a1e6ec1862 alpha]     epoch 200/300: loss 0.2574
  [A_a1e6ec1862 alpha]     epoch 250/300: loss 0.257
  [A_a1e6ec1862 alpha]     epoch 300/300: loss 0.2568
  [A_a1e6ec1862 head]     epoch 50/300: loss 0.1102
  [A_a1e6ec1862 head]     epoch 100/300: loss 0.07587
  [A_a1e6ec1862 head]     epoch 150/300: loss 0.05952
  [A_a1e6ec1862 head]     epoch 200/300: loss 0.05063
  [A_a1e6ec1862 head]     epoch 250/300: loss 0.04511
  [A_a1e6ec1862 head]     epoch 300/300: loss 0.04126
  [A_a1e6ec1862 head_l2]     epoch 50/300: loss 0.2019
  [A_a1e6ec1862 head_l2]     epoch 100/300: loss 0.1928
  [A_a1e6ec1862 head_l2]     epoch 150/300: loss 0.1906
  [A_a1e6ec1862 head_l2]     epoch 200/300: loss 0.1896
  [A_a1e6ec1862 head_l2]     epoch 250/300: loss 0.1892
  [A_a1e6ec1862 head_l2]     epoch 300/300: loss 0.1891
A_a1e6ec1862: zero ω 21.49 | α-scaling 1.00 / 10.65 | network as is 2.03 / 41.65 | α tuned 1.47 / 13.83 | head tuned 0.91 / 7.28 | head L2 1: 1.28 / 8.25 ring-ip
  [B_8b12a55d3a alpha]     epoch 50/300: loss 0.3147
  [B_8b12a55d3a alpha]     epoch 100/300: loss 0.3021
  [B_8b12a55d3a alpha]     epoch 150/300: loss 0.2997
  [B_8b12a55d3a alpha]     epoch 200/300: loss 0.2985
  [B_8b12a55d3a alpha]     epoch 250/300: loss 0.2979
  [B_8b12a55d3a alpha]     epoch 300/300: loss 0.2977
  [B_8b12a55d3a head]     epoch 50/300: loss 0.1156
  [B_8b12a55d3a head]     epoch 100/300: loss 0.0802
  [B_8b12a55d3a head]     epoch 150/300: loss 0.06414
  [B_8b12a55d3a head]     epoch 200/300: loss 0.05539
  [B_8b12a55d3a head]     epoch 250/300: loss 0.04997
  [B_8b12a55d3a head]     epoch 300/300: loss 0.04622
  [B_8b12a55d3a head_l2]     epoch 50/300: loss 0.2325
  [B_8b12a55d3a head_l2]     epoch 100/300: loss 0.2229
  [B_8b12a55d3a head_l2]     epoch 150/300: loss 0.2206
  [B_8b12a55d3a head_l2]     epoch 200/300: loss 0.2196
  [B_8b12a55d3a head_l2]     epoch 250/300: loss 0.2191
  [B_8b12a55d3a head_l2]     epoch 300/300: loss 0.219
B_8b12a55d3a: zero ω 18.96 | α-scaling 1.13 / 9.52 | network as is 2.09 / 39.69 | α tuned 1.03 / 7.96 | head tuned 0.72 / 3.84 | head L2 1: 0.73 / 3.19 ring-ip
# T3 — leave-one-anchor-out transfer to CCSD(T)/cc-pVDZ (2026-10-07 20:38)

Model `E7_rungC_chain34_kdfamily_750_2026-10-05_model_n750_seed1.pt` ({'pattern': 'f', 'aux_mode': 'both', 'aux_target': 'projected', 'n': 750, 'seed': 1}); fine-tune 300 epochs at lr 0.001, aux weight 1; low levels {'A_8448043181': 'hessian_b3lyp_analytic.npz', 'A_01f3186607': 'hessian_b3lyp_analytic.npz', 'A_6e858b26e5': 'hessian_b3lyp_analytic.npz', 'B_8b12a55d3a': 'hessian_b3lyp_analytic.npz', 'A_3100da3761': 'hessian_b3lyp_analytic.npz', 'A_a1e6ec1862': 'hessian_b3lyp_analytic.npz'}.

| held-out anchor | read-out | zero rule | α scaling (3 anchors) | network as is | network, α tuned | network, head tuned | head tuned, L2 1 |
|---|---|---|---|---|---|---|---|
| A_01f3186607 | ring-coupling ratio | 1.00 | 0.95 | 2.34 | 1.42 | 1.04 | 1.14 |
| A_01f3186607 | ω rms, all modes (cm⁻¹) | 21.12 | 10.00 | 42.18 | 12.55 | 8.12 | 10.63 |
| A_01f3186607 | ΔH residual | 1.00 | 0.75 | 2.22 | 0.89 | 0.55 | 0.75 |
| A_01f3186607 | ω rms ring-ip (cm⁻¹) | 16.40 | 7.52 | 29.12 | 6.84 | 3.23 | 4.20 |
| A_01f3186607 | ω rms CH-stretch (cm⁻¹) | 33.25 | 13.31 | 76.51 | 9.25 | 6.24 | 2.07 |
| A_01f3186607 | ω rms CH-oop (cm⁻¹) | 21.15 | 11.55 | 42.59 | 21.82 | 16.12 | 20.17 |
| A_01f3186607 | ω rms other (cm⁻¹) | 17.20 | 9.61 | 25.04 | 12.62 | 6.46 | 11.40 |
| A_01f3186607 | per-family diag rms, head tuned | — | — | — | — | CH-stretch 5.1, CH-oop 15.7, ring-ip 3.3, other 6.2 |
| A_3100da3761 | ring-coupling ratio | 1.00 | 1.09 | 2.18 | 0.90 | 0.97 | 0.66 |
| A_3100da3761 | ω rms, all modes (cm⁻¹) | 22.78 | 10.08 | 45.31 | 21.22 | 19.29 | 20.93 |
| A_3100da3761 | ΔH residual | 1.00 | 0.66 | 1.69 | 0.77 | 0.79 | 0.81 |
| A_3100da3761 | ω rms ring-ip (cm⁻¹) | 15.42 | 4.87 | 29.08 | 4.06 | 2.90 | 2.37 |
| A_3100da3761 | ω rms CH-stretch (cm⁻¹) | 35.41 | 2.35 | 78.96 | 7.02 | 3.67 | 3.03 |
| A_3100da3761 | ω rms CH-oop (cm⁻¹) | 13.96 | 11.39 | 31.96 | 10.47 | 9.60 | 10.20 |
| A_3100da3761 | ω rms other (cm⁻¹) | 26.13 | 15.03 | 45.05 | 37.09 | 34.00 | 37.03 |
| A_3100da3761 | per-family diag rms, head tuned | — | — | — | — | CH-stretch 3.6, CH-oop 9.9, ring-ip 2.8, other 35.0 |
| A_6e858b26e5 | ring-coupling ratio | 1.00 | 1.04 | 2.25 | 1.03 | 0.95 | 0.93 |
| A_6e858b26e5 | ω rms, all modes (cm⁻¹) | 19.09 | 11.35 | 40.54 | 8.73 | 7.01 | 7.10 |
| A_6e858b26e5 | ΔH residual | 1.00 | 0.55 | 2.56 | 0.59 | 0.47 | 0.43 |
| A_6e858b26e5 | ω rms ring-ip (cm⁻¹) | 14.88 | 8.17 | 28.00 | 6.36 | 3.76 | 4.55 |
| A_6e858b26e5 | ω rms CH-stretch (cm⁻¹) | 35.58 | 9.48 | 78.00 | 7.03 | 2.50 | 2.83 |
| A_6e858b26e5 | ω rms CH-oop (cm⁻¹) | 5.40 | 18.99 | 20.43 | 12.65 | 13.30 | 11.69 |
| A_6e858b26e5 | ω rms other (cm⁻¹) | 13.02 | 3.96 | 22.55 | 9.58 | 4.05 | 7.95 |
| A_6e858b26e5 | per-family diag rms, head tuned | — | — | — | — | CH-stretch 2.5, CH-oop 13.8, ring-ip 2.8, other 3.9 |
| A_8448043181 | ring-coupling ratio | 1.00 | 0.99 | 1.70 | 0.60 | 0.16 | 0.46 |
| A_8448043181 | ω rms, all modes (cm⁻¹) | 21.43 | 11.35 | 43.50 | 7.86 | 7.14 | 7.85 |
| A_8448043181 | ΔH residual | 1.00 | 0.57 | 2.22 | 0.69 | 0.34 | 0.61 |
| A_8448043181 | ω rms ring-ip (cm⁻¹) | 14.14 | 8.74 | 27.73 | 5.05 | 3.05 | 4.36 |
| A_8448043181 | ω rms CH-stretch (cm⁻¹) | 38.65 | 6.60 | 81.84 | 3.60 | 4.77 | 5.25 |
| A_8448043181 | ω rms CH-oop (cm⁻¹) | 14.86 | 20.71 | 26.62 | 13.35 | 9.76 | 13.89 |
| A_8448043181 | ω rms other (cm⁻¹) | 13.31 | 2.74 | 21.58 | 8.67 | 11.82 | 7.44 |
| A_8448043181 | per-family diag rms, head tuned | — | — | — | — | CH-stretch 4.7, CH-oop 9.6, ring-ip 3.0, other 11.4 |
| A_a1e6ec1862 | ring-coupling ratio | 1.00 | 1.00 | 2.03 | 1.47 | 0.91 | 1.28 |
| A_a1e6ec1862 | ω rms, all modes (cm⁻¹) | 21.49 | 10.65 | 41.65 | 13.83 | 7.28 | 11.91 |
| A_a1e6ec1862 | ΔH residual | 1.00 | 0.82 | 2.18 | 1.03 | 0.54 | 0.88 |
| A_a1e6ec1862 | ω rms ring-ip (cm⁻¹) | 16.72 | 8.25 | 30.61 | 10.56 | 5.75 | 8.25 |
| A_a1e6ec1862 | ω rms CH-stretch (cm⁻¹) | 32.88 | 15.01 | 76.20 | 9.40 | 6.03 | 3.72 |
| A_a1e6ec1862 | ω rms CH-oop (cm⁻¹) | 26.43 | 14.03 | 46.40 | 24.24 | 11.51 | 22.38 |
| A_a1e6ec1862 | ω rms other (cm⁻¹) | 16.46 | 8.62 | 23.75 | 12.03 | 6.78 | 10.83 |
| A_a1e6ec1862 | per-family diag rms, head tuned | — | — | — | — | CH-stretch 5.9, CH-oop 15.2, ring-ip 5.9, other 6.6 |
| B_8b12a55d3a | ring-coupling ratio | 1.00 | 1.13 | 2.09 | 1.03 | 0.72 | 0.73 |
| B_8b12a55d3a | ω rms, all modes (cm⁻¹) | 18.96 | 9.52 | 39.69 | 7.96 | 3.84 | 5.76 |
| B_8b12a55d3a | ΔH residual | 1.00 | 0.52 | 2.34 | 0.62 | 0.27 | 0.49 |
| B_8b12a55d3a | ω rms ring-ip (cm⁻¹) | 16.20 | 5.76 | 28.74 | 5.09 | 1.63 | 3.19 |
| B_8b12a55d3a | ω rms CH-stretch (cm⁻¹) | 34.71 | 10.69 | 77.64 | 8.30 | 5.18 | 1.53 |
| B_8b12a55d3a | ω rms CH-oop (cm⁻¹) | 8.29 | 17.88 | 26.70 | 10.36 | 6.64 | 8.94 |
| B_8b12a55d3a | ω rms other (cm⁻¹) | 12.60 | 4.32 | 21.32 | 9.43 | 2.66 | 7.59 |
| B_8b12a55d3a | per-family diag rms, head tuned | — | — | — | — | CH-stretch 5.1, CH-oop 6.8, ring-ip 1.8, other 2.7 |

234 s.
