=== QUEUE start: 202 jobs, 4 workers x 8 threads, max_memory 26000 2026-10-07 04:47:12 UTC
--- job FAILED: anthracene cc-pvtz k=0 (worker 0) 2026-10-07 04:47:12 UTC
--- job FAILED: anthracene cc-pvtz k=1 (worker 0) 2026-10-07 04:47:12 UTC
--- job FAILED: anthracene cc-pvtz k=6 (worker 0) 2026-10-07 04:47:13 UTC
--- job FAILED: anthracene cc-pvtz k=7 (worker 0) 2026-10-07 04:47:13 UTC
--- job FAILED: anthracene cc-pvtz k=9 (worker 0) 2026-10-07 04:47:13 UTC
--- job FAILED: anthracene cc-pvtz k=10 (worker 0) 2026-10-07 04:47:14 UTC
--- job FAILED: anthracene cc-pvtz k=12 (worker 0) 2026-10-07 04:47:14 UTC
--- job FAILED: anthracene cc-pvtz k=13 (worker 0) 2026-10-07 04:47:15 UTC
--- job FAILED: anthracene cc-pvtz k=42 (worker 0) 2026-10-07 04:47:15 UTC
--- job FAILED: anthracene cc-pvtz k=43 (worker 1) 2026-10-07 04:47:15 UTC
--- job FAILED: anthracene cc-pvtz k=48 (worker 0) 2026-10-07 04:47:15 UTC
--- job FAILED: anthracene cc-pvtz k=49 (worker 1) 2026-10-07 04:47:15 UTC
--- job FAILED: anthracene cc-pvtz k=52 (worker 1) 2026-10-07 04:47:16 UTC
--- job FAILED: anthracene cc-pvtz k=51 (worker 0) 2026-10-07 04:47:16 UTC
--- job FAILED: naphthalene cc-pvtz k=0 (worker 1) 2026-10-07 04:47:16 UTC
--- job FAILED: naphthalene cc-pvtz k=1 (worker 0) 2026-10-07 04:47:16 UTC
--- job FAILED: naphthalene cc-pvtz k=2 (worker 1) 2026-10-07 04:47:17 UTC
--- job FAILED: naphthalene cc-pvtz k=6 (worker 0) 2026-10-07 04:47:17 UTC
--- job FAILED: naphthalene cc-pvtz k=8 (worker 0) 2026-10-07 04:47:17 UTC
--- job FAILED: naphthalene cc-pvtz k=7 (worker 1) 2026-10-07 04:47:17 UTC
--- job FAILED: naphthalene cc-pvtz k=10 (worker 1) 2026-10-07 04:47:17 UTC
--- job FAILED: naphthalene cc-pvtz k=9 (worker 0) 2026-10-07 04:47:17 UTC
--- job FAILED: naphthalene cc-pvtz k=11 (worker 1) 2026-10-07 04:47:18 UTC
--- job FAILED: naphthalene cc-pvtz k=30 (worker 0) 2026-10-07 04:47:18 UTC
--- job FAILED: naphthalene cc-pvtz k=31 (worker 2) 2026-10-07 04:47:18 UTC
--- job FAILED: naphthalene cc-pvtz k=32 (worker 1) 2026-10-07 04:47:18 UTC
--- job FAILED: naphthalene cc-pvtz k=36 (worker 0) 2026-10-07 04:47:18 UTC
--- job FAILED: naphthalene cc-pvtz k=37 (worker 2) 2026-10-07 04:47:18 UTC
--- job FAILED: naphthalene cc-pvtz k=38 (worker 1) 2026-10-07 04:47:18 UTC
--- job FAILED: anthracene cc-pvdz k=0 (worker 0) 2026-10-07 04:47:19 UTC
--- job FAILED: anthracene cc-pvdz k=1 (worker 2) 2026-10-07 04:47:19 UTC
--- job FAILED: anthracene cc-pvdz k=6 (worker 1) 2026-10-07 04:47:19 UTC
--- job FAILED: anthracene cc-pvdz k=7 (worker 0) 2026-10-07 04:47:19 UTC
--- job FAILED: anthracene cc-pvdz k=9 (worker 2) 2026-10-07 04:47:19 UTC
--- job FAILED: anthracene cc-pvdz k=10 (worker 1) 2026-10-07 04:47:19 UTC
--- job FAILED: anthracene cc-pvdz k=12 (worker 0) 2026-10-07 04:47:19 UTC
--- job FAILED: anthracene cc-pvdz k=13 (worker 2) 2026-10-07 04:47:20 UTC
--- job FAILED: anthracene cc-pvdz k=42 (worker 1) 2026-10-07 04:47:20 UTC
--- job FAILED: anthracene cc-pvdz k=43 (worker 0) 2026-10-07 04:47:20 UTC
--- job FAILED: anthracene cc-pvdz k=48 (worker 2) 2026-10-07 04:47:20 UTC
--- job FAILED: anthracene cc-pvdz k=49 (worker 1) 2026-10-07 04:47:20 UTC
--- job FAILED: anthracene cc-pvdz k=51 (worker 0) 2026-10-07 04:47:20 UTC
--- job FAILED: anthracene cc-pvdz k=52 (worker 2) 2026-10-07 04:47:20 UTC
--- job FAILED: benzonitrile cc-pvtz k=0 (worker 1) 2026-10-07 04:47:20 UTC
--- job FAILED: benzonitrile cc-pvtz k=1 (worker 0) 2026-10-07 04:47:21 UTC
--- job FAILED: benzonitrile cc-pvtz k=2 (worker 2) 2026-10-07 04:47:21 UTC
--- job FAILED: benzonitrile cc-pvtz k=3 (worker 1) 2026-10-07 04:47:21 UTC
--- job FAILED: benzonitrile cc-pvtz k=4 (worker 0) 2026-10-07 04:47:21 UTC
--- job FAILED: benzonitrile cc-pvtz k=5 (worker 3) 2026-10-07 04:47:21 UTC
--- job FAILED: benzonitrile cc-pvtz k=6 (worker 2) 2026-10-07 04:47:21 UTC
--- job FAILED: benzonitrile cc-pvtz k=7 (worker 1) 2026-10-07 04:47:21 UTC
--- job FAILED: benzonitrile cc-pvtz k=8 (worker 0) 2026-10-07 04:47:21 UTC
--- job FAILED: benzonitrile cc-pvtz k=9 (worker 3) 2026-10-07 04:47:21 UTC
--- job FAILED: benzonitrile cc-pvtz k=10 (worker 2) 2026-10-07 04:47:21 UTC
--- job FAILED: benzonitrile cc-pvtz k=11 (worker 1) 2026-10-07 04:47:22 UTC
--- job FAILED: benzonitrile cc-pvtz k=12 (worker 0) 2026-10-07 04:47:22 UTC
--- job FAILED: benzonitrile cc-pvtz k=13 (worker 3) 2026-10-07 04:47:22 UTC
--- job FAILED: benzonitrile cc-pvtz k=14 (worker 2) 2026-10-07 04:47:22 UTC
--- job FAILED: benzonitrile cc-pvtz k=15 (worker 1) 2026-10-07 04:47:22 UTC
--- job FAILED: benzonitrile cc-pvtz k=16 (worker 0) 2026-10-07 04:47:22 UTC
--- job FAILED: benzonitrile cc-pvtz k=17 (worker 3) 2026-10-07 04:47:22 UTC
--- job FAILED: benzonitrile cc-pvtz k=24 (worker 2) 2026-10-07 04:47:22 UTC
--- job FAILED: benzonitrile cc-pvtz k=25 (worker 1) 2026-10-07 04:47:22 UTC
--- job FAILED: benzonitrile cc-pvtz k=26 (worker 0) 2026-10-07 04:47:23 UTC
--- job FAILED: benzonitrile cc-pvtz k=27 (worker 3) 2026-10-07 04:47:23 UTC
--- job FAILED: benzonitrile cc-pvtz k=28 (worker 2) 2026-10-07 04:47:23 UTC
--- job FAILED: benzonitrile cc-pvtz k=29 (worker 1) 2026-10-07 04:47:23 UTC
--- job FAILED: benzonitrile cc-pvtz k=30 (worker 0) 2026-10-07 04:47:23 UTC
--- job FAILED: benzonitrile cc-pvtz k=31 (worker 3) 2026-10-07 04:47:23 UTC
--- job FAILED: benzonitrile cc-pvtz k=32 (worker 2) 2026-10-07 04:47:23 UTC
--- job FAILED: fluorobenzene cc-pvtz k=0 (worker 1) 2026-10-07 04:47:23 UTC
--- job FAILED: fluorobenzene cc-pvtz k=1 (worker 0) 2026-10-07 04:47:23 UTC
--- job FAILED: fluorobenzene cc-pvtz k=2 (worker 3) 2026-10-07 04:47:23 UTC
--- job FAILED: fluorobenzene cc-pvtz k=3 (worker 2) 2026-10-07 04:47:23 UTC
--- job FAILED: fluorobenzene cc-pvtz k=4 (worker 1) 2026-10-07 04:47:24 UTC
--- job FAILED: fluorobenzene cc-pvtz k=5 (worker 0) 2026-10-07 04:47:24 UTC
--- job FAILED: fluorobenzene cc-pvtz k=6 (worker 3) 2026-10-07 04:47:24 UTC
--- job FAILED: fluorobenzene cc-pvtz k=7 (worker 2) 2026-10-07 04:47:24 UTC
--- job FAILED: fluorobenzene cc-pvtz k=8 (worker 1) 2026-10-07 04:47:24 UTC
--- job FAILED: fluorobenzene cc-pvtz k=9 (worker 0) 2026-10-07 04:47:24 UTC
--- job FAILED: fluorobenzene cc-pvtz k=10 (worker 3) 2026-10-07 04:47:24 UTC
--- job FAILED: fluorobenzene cc-pvtz k=11 (worker 2) 2026-10-07 04:47:24 UTC
--- job FAILED: fluorobenzene cc-pvtz k=12 (worker 1) 2026-10-07 04:47:24 UTC
--- job FAILED: fluorobenzene cc-pvtz k=13 (worker 0) 2026-10-07 04:47:24 UTC
--- job FAILED: fluorobenzene cc-pvtz k=14 (worker 3) 2026-10-07 04:47:25 UTC
--- job FAILED: fluorobenzene cc-pvtz k=21 (worker 2) 2026-10-07 04:47:25 UTC
--- job FAILED: fluorobenzene cc-pvtz k=22 (worker 1) 2026-10-07 04:47:25 UTC
--- job FAILED: fluorobenzene cc-pvtz k=23 (worker 0) 2026-10-07 04:47:25 UTC
--- job FAILED: fluorobenzene cc-pvtz k=24 (worker 3) 2026-10-07 04:47:25 UTC
--- job FAILED: fluorobenzene cc-pvtz k=25 (worker 2) 2026-10-07 04:47:25 UTC
--- job FAILED: fluorobenzene cc-pvtz k=26 (worker 1) 2026-10-07 04:47:25 UTC
--- job FAILED: fluorobenzene cc-pvtz k=27 (worker 0) 2026-10-07 04:47:25 UTC
--- job FAILED: fluorobenzene cc-pvtz k=28 (worker 3) 2026-10-07 04:47:25 UTC
--- job FAILED: fluorobenzene cc-pvtz k=29 (worker 2) 2026-10-07 04:47:25 UTC
--- job FAILED: pyridine cc-pvtz k=0 (worker 1) 2026-10-07 04:47:25 UTC
--- job FAILED: pyridine cc-pvtz k=1 (worker 0) 2026-10-07 04:47:26 UTC
--- job FAILED: pyridine cc-pvtz k=2 (worker 3) 2026-10-07 04:47:26 UTC
--- job FAILED: pyridine cc-pvtz k=3 (worker 2) 2026-10-07 04:47:26 UTC
--- job FAILED: pyridine cc-pvtz k=4 (worker 1) 2026-10-07 04:47:26 UTC
--- job FAILED: pyridine cc-pvtz k=5 (worker 0) 2026-10-07 04:47:26 UTC
--- job FAILED: pyridine cc-pvtz k=6 (worker 3) 2026-10-07 04:47:26 UTC
--- job FAILED: pyridine cc-pvtz k=7 (worker 2) 2026-10-07 04:47:26 UTC
--- job FAILED: pyridine cc-pvtz k=8 (worker 1) 2026-10-07 04:47:26 UTC
--- job FAILED: pyridine cc-pvtz k=9 (worker 0) 2026-10-07 04:47:26 UTC
--- job FAILED: pyridine cc-pvtz k=10 (worker 3) 2026-10-07 04:47:27 UTC
--- job FAILED: pyridine cc-pvtz k=11 (worker 2) 2026-10-07 04:47:27 UTC
--- job FAILED: pyridine cc-pvtz k=18 (worker 1) 2026-10-07 04:47:27 UTC
--- job FAILED: pyridine cc-pvtz k=19 (worker 0) 2026-10-07 04:47:27 UTC
--- job FAILED: pyridine cc-pvtz k=20 (worker 3) 2026-10-07 04:47:27 UTC
--- job FAILED: pyridine cc-pvtz k=21 (worker 2) 2026-10-07 04:47:27 UTC
--- job FAILED: pyridine cc-pvtz k=22 (worker 1) 2026-10-07 04:47:27 UTC
--- job FAILED: pyridine cc-pvtz k=23 (worker 0) 2026-10-07 04:47:27 UTC
--- job FAILED: pyridine cc-pvtz k=24 (worker 3) 2026-10-07 04:47:27 UTC
--- job FAILED: pyridine cc-pvtz k=25 (worker 2) 2026-10-07 04:47:27 UTC
--- job FAILED: pyridine cc-pvtz k=26 (worker 1) 2026-10-07 04:47:27 UTC
--- job FAILED: naphthalene cc-pvdz k=0 (worker 0) 2026-10-07 04:47:28 UTC
--- job FAILED: naphthalene cc-pvdz k=1 (worker 3) 2026-10-07 04:47:28 UTC
--- job FAILED: naphthalene cc-pvdz k=2 (worker 2) 2026-10-07 04:47:28 UTC
--- job FAILED: naphthalene cc-pvdz k=6 (worker 1) 2026-10-07 04:47:28 UTC
--- job FAILED: naphthalene cc-pvdz k=7 (worker 0) 2026-10-07 04:47:28 UTC
--- job FAILED: naphthalene cc-pvdz k=8 (worker 3) 2026-10-07 04:47:28 UTC
--- job FAILED: naphthalene cc-pvdz k=9 (worker 2) 2026-10-07 04:47:28 UTC
--- job FAILED: naphthalene cc-pvdz k=10 (worker 1) 2026-10-07 04:47:28 UTC
--- job FAILED: naphthalene cc-pvdz k=11 (worker 0) 2026-10-07 04:47:28 UTC
--- job FAILED: naphthalene cc-pvdz k=30 (worker 3) 2026-10-07 04:47:29 UTC
--- job FAILED: naphthalene cc-pvdz k=31 (worker 2) 2026-10-07 04:47:29 UTC
--- job FAILED: naphthalene cc-pvdz k=32 (worker 1) 2026-10-07 04:47:29 UTC
--- job FAILED: naphthalene cc-pvdz k=36 (worker 0) 2026-10-07 04:47:29 UTC
--- job FAILED: naphthalene cc-pvdz k=37 (worker 3) 2026-10-07 04:47:29 UTC
--- job FAILED: naphthalene cc-pvdz k=38 (worker 2) 2026-10-07 04:47:29 UTC
--- job FAILED: benzonitrile cc-pvdz k=0 (worker 1) 2026-10-07 04:47:29 UTC
--- job FAILED: benzonitrile cc-pvdz k=1 (worker 0) 2026-10-07 04:47:29 UTC
--- job FAILED: benzonitrile cc-pvdz k=2 (worker 3) 2026-10-07 04:47:29 UTC
--- job FAILED: benzonitrile cc-pvdz k=4 (worker 1) 2026-10-07 04:47:29 UTC
--- job FAILED: benzonitrile cc-pvdz k=3 (worker 2) 2026-10-07 04:47:29 UTC
--- job FAILED: benzonitrile cc-pvdz k=5 (worker 0) 2026-10-07 04:47:30 UTC
--- job FAILED: benzonitrile cc-pvdz k=6 (worker 3) 2026-10-07 04:47:30 UTC
--- job FAILED: benzonitrile cc-pvdz k=7 (worker 1) 2026-10-07 04:47:30 UTC
--- job FAILED: benzonitrile cc-pvdz k=8 (worker 2) 2026-10-07 04:47:30 UTC
--- job FAILED: benzonitrile cc-pvdz k=9 (worker 0) 2026-10-07 04:47:30 UTC
--- job FAILED: benzonitrile cc-pvdz k=10 (worker 3) 2026-10-07 04:47:30 UTC
--- job FAILED: benzonitrile cc-pvdz k=11 (worker 2) 2026-10-07 04:47:30 UTC
--- job FAILED: benzonitrile cc-pvdz k=12 (worker 1) 2026-10-07 04:47:30 UTC
--- job FAILED: benzonitrile cc-pvdz k=13 (worker 0) 2026-10-07 04:47:30 UTC
--- job FAILED: benzonitrile cc-pvdz k=14 (worker 3) 2026-10-07 04:47:30 UTC
--- job FAILED: benzonitrile cc-pvdz k=16 (worker 1) 2026-10-07 04:47:31 UTC
--- job FAILED: benzonitrile cc-pvdz k=15 (worker 2) 2026-10-07 04:47:31 UTC
--- job FAILED: benzonitrile cc-pvdz k=17 (worker 0) 2026-10-07 04:47:31 UTC
--- job FAILED: benzonitrile cc-pvdz k=24 (worker 3) 2026-10-07 04:47:31 UTC
--- job FAILED: benzonitrile cc-pvdz k=25 (worker 1) 2026-10-07 04:47:31 UTC
--- job FAILED: benzonitrile cc-pvdz k=26 (worker 2) 2026-10-07 04:47:31 UTC
--- job FAILED: benzonitrile cc-pvdz k=27 (worker 0) 2026-10-07 04:47:31 UTC
--- job FAILED: benzonitrile cc-pvdz k=28 (worker 3) 2026-10-07 04:47:31 UTC
--- job FAILED: benzonitrile cc-pvdz k=29 (worker 1) 2026-10-07 04:47:31 UTC
--- job FAILED: benzonitrile cc-pvdz k=30 (worker 2) 2026-10-07 04:47:31 UTC
--- job FAILED: benzonitrile cc-pvdz k=31 (worker 0) 2026-10-07 04:47:32 UTC
--- job FAILED: benzonitrile cc-pvdz k=32 (worker 3) 2026-10-07 04:47:32 UTC
--- job FAILED: fluorobenzene cc-pvdz k=0 (worker 1) 2026-10-07 04:47:32 UTC
--- job FAILED: fluorobenzene cc-pvdz k=1 (worker 2) 2026-10-07 04:47:32 UTC
--- job FAILED: fluorobenzene cc-pvdz k=2 (worker 0) 2026-10-07 04:47:32 UTC
--- job FAILED: fluorobenzene cc-pvdz k=3 (worker 3) 2026-10-07 04:47:32 UTC
--- job FAILED: fluorobenzene cc-pvdz k=4 (worker 1) 2026-10-07 04:47:32 UTC
--- job FAILED: fluorobenzene cc-pvdz k=5 (worker 2) 2026-10-07 04:47:32 UTC
--- job FAILED: fluorobenzene cc-pvdz k=6 (worker 0) 2026-10-07 04:47:32 UTC
--- job FAILED: fluorobenzene cc-pvdz k=7 (worker 3) 2026-10-07 04:47:32 UTC
--- job FAILED: fluorobenzene cc-pvdz k=8 (worker 1) 2026-10-07 04:47:33 UTC
--- job FAILED: fluorobenzene cc-pvdz k=10 (worker 0) 2026-10-07 04:47:33 UTC
--- job FAILED: fluorobenzene cc-pvdz k=9 (worker 2) 2026-10-07 04:47:33 UTC
--- job FAILED: fluorobenzene cc-pvdz k=11 (worker 3) 2026-10-07 04:47:33 UTC
--- job FAILED: fluorobenzene cc-pvdz k=12 (worker 1) 2026-10-07 04:47:33 UTC
--- job FAILED: fluorobenzene cc-pvdz k=13 (worker 2) 2026-10-07 04:47:33 UTC
--- job FAILED: fluorobenzene cc-pvdz k=14 (worker 0) 2026-10-07 04:47:33 UTC
--- job FAILED: fluorobenzene cc-pvdz k=21 (worker 3) 2026-10-07 04:47:33 UTC
--- job FAILED: fluorobenzene cc-pvdz k=22 (worker 1) 2026-10-07 04:47:33 UTC
--- job FAILED: fluorobenzene cc-pvdz k=23 (worker 2) 2026-10-07 04:47:33 UTC
--- job FAILED: fluorobenzene cc-pvdz k=24 (worker 0) 2026-10-07 04:47:33 UTC
--- job FAILED: fluorobenzene cc-pvdz k=25 (worker 3) 2026-10-07 04:47:34 UTC
--- job FAILED: fluorobenzene cc-pvdz k=26 (worker 1) 2026-10-07 04:47:34 UTC
--- job FAILED: fluorobenzene cc-pvdz k=27 (worker 2) 2026-10-07 04:47:34 UTC
--- job FAILED: fluorobenzene cc-pvdz k=28 (worker 0) 2026-10-07 04:47:34 UTC
--- job FAILED: fluorobenzene cc-pvdz k=29 (worker 3) 2026-10-07 04:47:34 UTC
--- job FAILED: pyridine cc-pvdz k=0 (worker 1) 2026-10-07 04:47:34 UTC
--- job FAILED: pyridine cc-pvdz k=1 (worker 2) 2026-10-07 04:47:34 UTC
--- job FAILED: pyridine cc-pvdz k=2 (worker 0) 2026-10-07 04:47:34 UTC
--- job FAILED: pyridine cc-pvdz k=3 (worker 3) 2026-10-07 04:47:34 UTC
--- job FAILED: pyridine cc-pvdz k=4 (worker 1) 2026-10-07 04:47:34 UTC
--- job FAILED: pyridine cc-pvdz k=5 (worker 2) 2026-10-07 04:47:35 UTC
--- job FAILED: pyridine cc-pvdz k=6 (worker 0) 2026-10-07 04:47:35 UTC
--- job FAILED: pyridine cc-pvdz k=7 (worker 3) 2026-10-07 04:47:35 UTC
--- job FAILED: pyridine cc-pvdz k=8 (worker 1) 2026-10-07 04:47:35 UTC
--- job FAILED: pyridine cc-pvdz k=9 (worker 2) 2026-10-07 04:47:35 UTC
--- job FAILED: pyridine cc-pvdz k=10 (worker 0) 2026-10-07 04:47:35 UTC
--- job FAILED: pyridine cc-pvdz k=11 (worker 3) 2026-10-07 04:47:35 UTC
--- job FAILED: pyridine cc-pvdz k=18 (worker 1) 2026-10-07 04:47:35 UTC
--- job FAILED: pyridine cc-pvdz k=19 (worker 2) 2026-10-07 04:47:35 UTC
--- job FAILED: pyridine cc-pvdz k=20 (worker 0) 2026-10-07 04:47:36 UTC
--- job FAILED: pyridine cc-pvdz k=21 (worker 3) 2026-10-07 04:47:36 UTC
--- job FAILED: pyridine cc-pvdz k=22 (worker 1) 2026-10-07 04:47:36 UTC
--- job FAILED: pyridine cc-pvdz k=23 (worker 2) 2026-10-07 04:47:36 UTC
--- job FAILED: pyridine cc-pvdz k=24 (worker 0) 2026-10-07 04:47:36 UTC
--- job FAILED: pyridine cc-pvdz k=25 (worker 3) 2026-10-07 04:47:36 UTC
--- job FAILED: pyridine cc-pvdz k=26 (worker 1) 2026-10-07 04:47:36 UTC
=== QUEUE FAILED: 202 jobs without rows 2026-10-07 04:47:36 UTC
--- relaunch after the CR fix 04:48:19
=== QUEUE REFUSED: jobs.txt has CR line endings 2026-10-07 04:48:19 UTC
--- relaunch after the CR fix 04:49:47
=== QUEUE start: 202 jobs, 4 workers x 8 threads, max_memory 26000 2026-10-07 04:49:47 UTC
--- heartbeat 2026-10-07 05:49:59 UTC: 0 of 202 jobs done; 4 workers; 120 GB free
mp2_rows_queue_ccx53.sh: line 24: 390182 Killed                  OMP_NUM_THREADS=8 $PY cc_composite_full_check.py compute "$geom" "$out.part.npz" --basis "$basis" --threads 8 --max-memory "$MEM" --ks "$k" >> "worker_$w.log" 2>&1
--- job FAILED: anthracene cc-pvtz k=0 (worker 0) 2026-10-07 06:15:22 UTC
--- heartbeat 2026-10-07 06:49:59 UTC: 3 of 202 jobs done; 4 workers; 48 GB free
--- heartbeat 2026-10-07 07:49:59 UTC: 3 of 202 jobs done; 4 workers; 66 GB free
--- heartbeat 2026-10-07 08:49:59 UTC: 7 of 202 jobs done; 4 workers; 73 GB free
--- heartbeat 2026-10-07 09:49:59 UTC: 8 of 202 jobs done; 4 workers; 53 GB free
--- heartbeat 2026-10-07 10:49:59 UTC: 11 of 202 jobs done; 4 workers; 62 GB free
--- heartbeat 2026-10-07 11:49:59 UTC: 16 of 202 jobs done; 4 workers; 61 GB free
--- heartbeat 2026-10-07 12:49:59 UTC: 24 of 202 jobs done; 4 workers; 99 GB free
--- heartbeat 2026-10-07 13:49:59 UTC: 54 of 202 jobs done; 4 workers; 58 GB free
--- heartbeat 2026-10-07 14:49:59 UTC: 94 of 202 jobs done; 4 workers; 89 GB free
=== QUEUE FAILED: 1 jobs without rows 2026-10-07 15:16:36 UTC
--- rerun of the one OOM-killed job (anthracene cc-pvtz k=0), one worker, 7 Oct 15:2x UTC
=== QUEUE start: 202 jobs, 1 workers x 8 threads, max_memory 60000 2026-10-07 15:24:21 UTC
--- heartbeat 2026-10-07 16:24:24 UTC: 201 of 202 jobs done; 1 workers; 97 GB free
→ mp2_rows_anthracene_ccpvdz.npz: 21 displacements [0, 1, 2, 6, 7, 8, 9, 10, 11, 12, 13, 14, 42, 43, 44, 48, 49, 50, 51, 52, 53] from 15 files
→ mp2_rows_anthracene_ccpvtz.npz: 21 displacements [0, 1, 2, 6, 7, 8, 9, 10, 11, 12, 13, 14, 42, 43, 44, 48, 49, 50, 51, 52, 53] from 15 files
→ mp2_rows_benzonitrile_ccpvdz.npz: 27 displacements [0, 1, 2, 3, 4, 5, 6, 7, 8, 9, 10, 11, 12, 13, 14, 15, 16, 17, 24, 25, 26, 27, 28, 29, 30, 31, 32] from 27 files
→ mp2_rows_benzonitrile_ccpvtz.npz: 27 displacements [0, 1, 2, 3, 4, 5, 6, 7, 8, 9, 10, 11, 12, 13, 14, 15, 16, 17, 24, 25, 26, 27, 28, 29, 30, 31, 32] from 27 files
→ mp2_rows_fluorobenzene_ccpvdz.npz: 24 displacements [0, 1, 2, 3, 4, 5, 6, 7, 8, 9, 10, 11, 12, 13, 14, 21, 22, 23, 24, 25, 26, 27, 28, 29] from 24 files
→ mp2_rows_fluorobenzene_ccpvtz.npz: 24 displacements [0, 1, 2, 3, 4, 5, 6, 7, 8, 9, 10, 11, 12, 13, 14, 21, 22, 23, 24, 25, 26, 27, 28, 29] from 24 files
→ mp2_rows_naphthalene_ccpvdz.npz: 15 displacements [0, 1, 2, 6, 7, 8, 9, 10, 11, 30, 31, 32, 36, 37, 38] from 15 files
→ mp2_rows_naphthalene_ccpvtz.npz: 15 displacements [0, 1, 2, 6, 7, 8, 9, 10, 11, 30, 31, 32, 36, 37, 38] from 15 files
→ mp2_rows_pyridine_ccpvdz.npz: 21 displacements [0, 1, 2, 3, 4, 5, 6, 7, 8, 9, 10, 11, 18, 19, 20, 21, 22, 23, 24, 25, 26] from 21 files
→ mp2_rows_pyridine_ccpvtz.npz: 21 displacements [0, 1, 2, 3, 4, 5, 6, 7, 8, 9, 10, 11, 18, 19, 20, 21, 22, 23, 24, 25, 26] from 21 files
=== QUEUE DONE — fetch mp2_rows_*_cc{pvdz,pvtz}.npz and build the composites 2026-10-07 16:41:49 UTC
