[08:00:12] mp2 cc-pvtz k=9: H_kk +0.705473 (6288 s)
→ rows/anthracene_ccpvtz_k9.npz.part.npz (1 displacements)
[09:43:06] mp2 cc-pvtz k=42: H_kk +0.283334 (6174 s)
→ rows/anthracene_ccpvtz_k42.npz.part.npz (1 displacements)
[11:28:23] mp2 cc-pvtz k=51: H_kk +0.057395 (6316 s)
→ rows/anthracene_ccpvtz_k51.npz.part.npz (1 displacements)
[12:02:37] mp2 cc-pvtz k=9: H_kk +0.687054 (2053 s)
→ rows/naphthalene_ccpvtz_k9.npz.part.npz (1 displacements)
[12:35:54] mp2 cc-pvtz k=30: H_kk +0.243671 (1996 s)
→ rows/naphthalene_ccpvtz_k30.npz.part.npz (1 displacements)
[13:09:13] mp2 cc-pvtz k=37: H_kk +0.343670 (1998 s)
→ rows/naphthalene_ccpvtz_k37.npz.part.npz (1 displacements)
[13:13:34] mp2 cc-pvdz k=6: H_kk +0.731385 (260 s)
→ rows/anthracene_ccpvdz_k6.npz.part.npz (1 displacements)
[13:17:52] mp2 cc-pvdz k=12: H_kk +0.748698 (258 s)
→ rows/anthracene_ccpvdz_k12.npz.part.npz (1 displacements)
[13:22:07] mp2 cc-pvdz k=48: H_kk +0.054865 (253 s)
→ rows/anthracene_ccpvdz_k48.npz.part.npz (1 displacements)
[13:30:00] mp2 cc-pvtz k=0: H_kk +1.086084 (473 s)
→ rows/benzonitrile_ccpvtz_k0.npz.part.npz (1 displacements)
[13:38:01] mp2 cc-pvtz k=4: H_kk +0.135909 (479 s)
→ rows/benzonitrile_ccpvtz_k4.npz.part.npz (1 displacements)
[13:46:00] mp2 cc-pvtz k=8: H_kk +0.143118 (479 s)
→ rows/benzonitrile_ccpvtz_k8.npz.part.npz (1 displacements)
[13:53:49] mp2 cc-pvtz k=12: H_kk +0.707031 (468 s)
→ rows/benzonitrile_ccpvtz_k12.npz.part.npz (1 displacements)
[14:01:45] mp2 cc-pvtz k=16: H_kk +0.673327 (475 s)
→ rows/benzonitrile_ccpvtz_k16.npz.part.npz (1 displacements)
[14:09:47] mp2 cc-pvtz k=26: H_kk +0.028392 (480 s)
→ rows/benzonitrile_ccpvtz_k26.npz.part.npz (1 displacements)
[14:17:44] mp2 cc-pvtz k=30: H_kk +0.348657 (476 s)
→ rows/benzonitrile_ccpvtz_k30.npz.part.npz (1 displacements)
[14:22:51] mp2 cc-pvtz k=1: H_kk +0.085193 (306 s)
→ rows/fluorobenzene_ccpvtz_k1.npz.part.npz (1 displacements)
[14:27:49] mp2 cc-pvtz k=5: H_kk +0.146968 (297 s)
→ rows/fluorobenzene_ccpvtz_k5.npz.part.npz (1 displacements)
[14:32:48] mp2 cc-pvtz k=9: H_kk +0.703193 (298 s)
→ rows/fluorobenzene_ccpvtz_k9.npz.part.npz (1 displacements)
[14:38:04] mp2 cc-pvtz k=13: H_kk +0.676229 (314 s)
→ rows/fluorobenzene_ccpvtz_k13.npz.part.npz (1 displacements)
[14:43:13] mp2 cc-pvtz k=23: H_kk +0.025288 (308 s)
→ rows/fluorobenzene_ccpvtz_k23.npz.part.npz (1 displacements)
[14:48:17] mp2 cc-pvtz k=28: H_kk +0.072968 (303 s)
→ rows/fluorobenzene_ccpvtz_k28.npz.part.npz (1 displacements)
[14:51:32] mp2 cc-pvtz k=3: H_kk +0.745703 (194 s)
→ rows/pyridine_ccpvtz_k3.npz.part.npz (1 displacements)
[14:54:43] mp2 cc-pvtz k=7: H_kk +0.706639 (190 s)
→ rows/pyridine_ccpvtz_k7.npz.part.npz (1 displacements)
[14:57:55] mp2 cc-pvtz k=10: H_kk +0.402297 (190 s)
→ rows/pyridine_ccpvtz_k10.npz.part.npz (1 displacements)
[15:01:16] mp2 cc-pvtz k=19: H_kk +0.348370 (200 s)
→ rows/pyridine_ccpvtz_k19.npz.part.npz (1 displacements)
[15:04:31] mp2 cc-pvtz k=25: H_kk +0.188742 (195 s)
→ rows/pyridine_ccpvtz_k25.npz.part.npz (1 displacements)
[15:05:48] mp2 cc-pvdz k=1: H_kk +0.699210 (76 s)
→ rows/naphthalene_ccpvdz_k1.npz.part.npz (1 displacements)
[15:07:08] mp2 cc-pvdz k=7: H_kk +0.769580 (78 s)
→ rows/naphthalene_ccpvdz_k7.npz.part.npz (1 displacements)
[15:08:30] mp2 cc-pvdz k=11: H_kk +0.109364 (81 s)
→ rows/naphthalene_ccpvdz_k11.npz.part.npz (1 displacements)
[15:09:49] mp2 cc-pvdz k=36: H_kk +0.060206 (78 s)
→ rows/naphthalene_ccpvdz_k36.npz.part.npz (1 displacements)
[15:10:19] mp2 cc-pvdz k=1: H_kk +0.022028 (29 s)
→ rows/benzonitrile_ccpvdz_k1.npz.part.npz (1 displacements)
[15:10:50] mp2 cc-pvdz k=4: H_kk +0.125196 (30 s)
→ rows/benzonitrile_ccpvdz_k4.npz.part.npz (1 displacements)
[15:11:20] mp2 cc-pvdz k=9: H_kk +0.745389 (29 s)
→ rows/benzonitrile_ccpvdz_k9.npz.part.npz (1 displacements)
[15:11:49] mp2 cc-pvdz k=12: H_kk +0.757242 (28 s)
→ rows/benzonitrile_ccpvdz_k12.npz.part.npz (1 displacements)
[15:12:20] mp2 cc-pvdz k=16: H_kk +0.724390 (29 s)
→ rows/benzonitrile_ccpvdz_k16.npz.part.npz (1 displacements)
[15:12:51] mp2 cc-pvdz k=26: H_kk +0.024611 (30 s)
→ rows/benzonitrile_ccpvdz_k26.npz.part.npz (1 displacements)
[15:13:20] mp2 cc-pvdz k=31: H_kk +0.063482 (29 s)
→ rows/benzonitrile_ccpvdz_k31.npz.part.npz (1 displacements)
[15:13:41] mp2 cc-pvdz k=1: H_kk +0.084958 (20 s)
→ rows/fluorobenzene_ccpvdz_k1.npz.part.npz (1 displacements)
[15:14:02] mp2 cc-pvdz k=5: H_kk +0.143282 (19 s)
→ rows/fluorobenzene_ccpvdz_k5.npz.part.npz (1 displacements)
[15:14:23] mp2 cc-pvdz k=9: H_kk +0.752563 (20 s)
→ rows/fluorobenzene_ccpvdz_k9.npz.part.npz (1 displacements)
[15:14:44] mp2 cc-pvdz k=21: H_kk +0.084844 (20 s)
→ rows/fluorobenzene_ccpvdz_k21.npz.part.npz (1 displacements)
[15:15:05] mp2 cc-pvdz k=23: H_kk +0.021753 (20 s)
→ rows/fluorobenzene_ccpvdz_k23.npz.part.npz (1 displacements)
[15:15:25] mp2 cc-pvdz k=27: H_kk +0.370444 (20 s)
→ rows/fluorobenzene_ccpvdz_k27.npz.part.npz (1 displacements)
[15:15:39] mp2 cc-pvdz k=2: H_kk +0.120460 (13 s)
→ rows/pyridine_ccpvdz_k2.npz.part.npz (1 displacements)
[15:15:52] mp2 cc-pvdz k=6: H_kk +0.759971 (12 s)
→ rows/pyridine_ccpvdz_k6.npz.part.npz (1 displacements)
[15:16:05] mp2 cc-pvdz k=10: H_kk +0.420571 (12 s)
→ rows/pyridine_ccpvdz_k10.npz.part.npz (1 displacements)
[15:16:18] mp2 cc-pvdz k=20: H_kk +0.023545 (12 s)
→ rows/pyridine_ccpvdz_k20.npz.part.npz (1 displacements)
[15:16:31] mp2 cc-pvdz k=24: H_kk +0.241636 (12 s)
→ rows/pyridine_ccpvdz_k24.npz.part.npz (1 displacements)
[16:41:48] mp2 cc-pvtz k=0: H_kk +0.757473 (4646 s)
→ rows/anthracene_ccpvtz_k0.npz.part.npz (1 displacements)
