[06:40:48] mp2 cc-pvtz k=6: H_kk +0.678075 (6654 s)
→ rows/anthracene_ccpvtz_k6.npz.part.npz (1 displacements)
[08:30:34] mp2 cc-pvtz k=10: H_kk +0.620161 (6586 s)
→ rows/anthracene_ccpvtz_k10.npz.part.npz (1 displacements)
[10:19:09] mp2 cc-pvtz k=43: H_kk +0.129908 (6514 s)
→ rows/anthracene_ccpvtz_k43.npz.part.npz (1 displacements)
[12:05:29] mp2 cc-pvtz k=52: H_kk +0.350387 (6378 s)
→ rows/anthracene_ccpvtz_k52.npz.part.npz (1 displacements)
[12:37:47] mp2 cc-pvtz k=31: H_kk +0.161780 (1937 s)
→ rows/naphthalene_ccpvtz_k31.npz.part.npz (1 displacements)
[13:10:18] mp2 cc-pvtz k=38: H_kk +0.028849 (1950 s)
→ rows/naphthalene_ccpvtz_k38.npz.part.npz (1 displacements)
[13:14:41] mp2 cc-pvdz k=7: H_kk +0.764945 (262 s)
→ rows/anthracene_ccpvdz_k7.npz.part.npz (1 displacements)
[13:18:59] mp2 cc-pvdz k=13: H_kk +0.750246 (257 s)
→ rows/anthracene_ccpvdz_k13.npz.part.npz (1 displacements)
[13:23:32] mp2 cc-pvdz k=49: H_kk +0.381624 (271 s)
→ rows/anthracene_ccpvdz_k49.npz.part.npz (1 displacements)
[13:31:31] mp2 cc-pvtz k=2: H_kk +0.008327 (478 s)
→ rows/benzonitrile_ccpvtz_k2.npz.part.npz (1 displacements)
[13:39:27] mp2 cc-pvtz k=5: H_kk +0.071511 (474 s)
→ rows/benzonitrile_ccpvtz_k5.npz.part.npz (1 displacements)
[13:47:29] mp2 cc-pvtz k=10: H_kk +0.714110 (481 s)
→ rows/benzonitrile_ccpvtz_k10.npz.part.npz (1 displacements)
[13:55:20] mp2 cc-pvtz k=13: H_kk +0.709726 (470 s)
→ rows/benzonitrile_ccpvtz_k13.npz.part.npz (1 displacements)
[14:03:15] mp2 cc-pvtz k=17: H_kk +0.131017 (474 s)
→ rows/benzonitrile_ccpvtz_k17.npz.part.npz (1 displacements)
[14:11:01] mp2 cc-pvtz k=27: H_kk +0.176151 (465 s)
→ rows/benzonitrile_ccpvtz_k27.npz.part.npz (1 displacements)
[14:18:55] mp2 cc-pvtz k=31: H_kk +0.065865 (473 s)
→ rows/benzonitrile_ccpvtz_k31.npz.part.npz (1 displacements)
[14:24:00] mp2 cc-pvtz k=3: H_kk +0.665681 (304 s)
→ rows/fluorobenzene_ccpvtz_k3.npz.part.npz (1 displacements)
[14:29:03] mp2 cc-pvtz k=7: H_kk +0.741864 (302 s)
→ rows/fluorobenzene_ccpvtz_k7.npz.part.npz (1 displacements)
[14:34:06] mp2 cc-pvtz k=11: H_kk +0.127081 (301 s)
→ rows/fluorobenzene_ccpvtz_k11.npz.part.npz (1 displacements)
[14:39:13] mp2 cc-pvtz k=21: H_kk +0.084585 (306 s)
→ rows/fluorobenzene_ccpvtz_k21.npz.part.npz (1 displacements)
[14:44:22] mp2 cc-pvtz k=25: H_kk +0.219397 (308 s)
→ rows/fluorobenzene_ccpvtz_k25.npz.part.npz (1 displacements)
[14:49:22] mp2 cc-pvtz k=29: H_kk +0.026376 (299 s)
→ rows/fluorobenzene_ccpvtz_k29.npz.part.npz (1 displacements)
[14:52:45] mp2 cc-pvtz k=4: H_kk +0.678282 (202 s)
→ rows/pyridine_ccpvtz_k4.npz.part.npz (1 displacements)
[14:56:04] mp2 cc-pvtz k=8: H_kk +0.156081 (198 s)
→ rows/pyridine_ccpvtz_k8.npz.part.npz (1 displacements)
[14:59:22] mp2 cc-pvtz k=18: H_kk +0.064494 (197 s)
→ rows/pyridine_ccpvtz_k18.npz.part.npz (1 displacements)
[15:02:38] mp2 cc-pvtz k=22: H_kk +0.090882 (195 s)
→ rows/pyridine_ccpvtz_k22.npz.part.npz (1 displacements)
[15:06:01] mp2 cc-pvtz k=26: H_kk +0.028564 (202 s)
→ rows/pyridine_ccpvtz_k26.npz.part.npz (1 displacements)
[15:07:22] mp2 cc-pvdz k=9: H_kk +0.732974 (79 s)
→ rows/naphthalene_ccpvdz_k9.npz.part.npz (1 displacements)
[15:08:42] mp2 cc-pvdz k=31: H_kk +0.170269 (79 s)
→ rows/naphthalene_ccpvdz_k31.npz.part.npz (1 displacements)
[15:10:00] mp2 cc-pvdz k=38: H_kk +0.025446 (77 s)
→ rows/naphthalene_ccpvdz_k38.npz.part.npz (1 displacements)
[15:10:31] mp2 cc-pvdz k=2: H_kk -0.005675 (30 s)
→ rows/benzonitrile_ccpvdz_k2.npz.part.npz (1 displacements)
[15:11:01] mp2 cc-pvdz k=6: H_kk +0.726342 (29 s)
→ rows/benzonitrile_ccpvdz_k6.npz.part.npz (1 displacements)
[15:11:32] mp2 cc-pvdz k=10: H_kk +0.757960 (30 s)
→ rows/benzonitrile_ccpvdz_k10.npz.part.npz (1 displacements)
[15:12:02] mp2 cc-pvdz k=14: H_kk +0.115003 (29 s)
→ rows/benzonitrile_ccpvdz_k14.npz.part.npz (1 displacements)
[15:12:31] mp2 cc-pvdz k=24: H_kk +0.100085 (28 s)
→ rows/benzonitrile_ccpvdz_k24.npz.part.npz (1 displacements)
[15:13:01] mp2 cc-pvdz k=28: H_kk +0.254661 (29 s)
→ rows/benzonitrile_ccpvdz_k28.npz.part.npz (1 displacements)
[15:13:30] mp2 cc-pvdz k=32: H_kk +0.023030 (28 s)
→ rows/benzonitrile_ccpvdz_k32.npz.part.npz (1 displacements)
[15:13:50] mp2 cc-pvdz k=4: H_kk +0.773868 (19 s)
→ rows/fluorobenzene_ccpvdz_k4.npz.part.npz (1 displacements)
[15:14:10] mp2 cc-pvdz k=8: H_kk +0.106128 (19 s)
→ rows/fluorobenzene_ccpvdz_k8.npz.part.npz (1 displacements)
[15:14:29] mp2 cc-pvdz k=12: H_kk +0.781280 (19 s)
→ rows/fluorobenzene_ccpvdz_k12.npz.part.npz (1 displacements)
[15:14:49] mp2 cc-pvdz k=22: H_kk +0.356343 (19 s)
→ rows/fluorobenzene_ccpvdz_k22.npz.part.npz (1 displacements)
[15:15:08] mp2 cc-pvdz k=26: H_kk +0.022885 (18 s)
→ rows/fluorobenzene_ccpvdz_k26.npz.part.npz (1 displacements)
[15:15:21] mp2 cc-pvdz k=0: H_kk +0.729778 (12 s)
→ rows/pyridine_ccpvdz_k0.npz.part.npz (1 displacements)
[15:15:33] mp2 cc-pvdz k=1: H_kk +0.789558 (12 s)
→ rows/pyridine_ccpvdz_k1.npz.part.npz (1 displacements)
[15:15:47] mp2 cc-pvdz k=5: H_kk +0.116652 (13 s)
→ rows/pyridine_ccpvdz_k5.npz.part.npz (1 displacements)
[15:16:02] mp2 cc-pvdz k=9: H_kk +0.712585 (13 s)
→ rows/pyridine_ccpvdz_k9.npz.part.npz (1 displacements)
[15:16:16] mp2 cc-pvdz k=19: H_kk +0.377952 (13 s)
→ rows/pyridine_ccpvdz_k19.npz.part.npz (1 displacements)
[15:16:29] mp2 cc-pvdz k=23: H_kk +0.023554 (13 s)
→ rows/pyridine_ccpvdz_k23.npz.part.npz (1 displacements)
