[06:41:09] mp2 cc-pvtz k=1: H_kk +0.639810 (6679 s)
→ rows/anthracene_ccpvtz_k1.npz.part.npz (1 displacements)
[08:30:59] mp2 cc-pvtz k=13: H_kk +0.708234 (6589 s)
→ rows/anthracene_ccpvtz_k13.npz.part.npz (1 displacements)
[10:20:07] mp2 cc-pvtz k=48: H_kk +0.057645 (6546 s)
→ rows/anthracene_ccpvtz_k48.npz.part.npz (1 displacements)
[10:53:57] mp2 cc-pvtz k=0: H_kk +0.738459 (2030 s)
→ rows/naphthalene_ccpvtz_k0.npz.part.npz (1 displacements)
[11:27:02] mp2 cc-pvtz k=2: H_kk +0.132653 (1983 s)
→ rows/naphthalene_ccpvtz_k2.npz.part.npz (1 displacements)
[12:00:48] mp2 cc-pvtz k=7: H_kk +0.725204 (2025 s)
→ rows/naphthalene_ccpvtz_k7.npz.part.npz (1 displacements)
[12:33:46] mp2 cc-pvtz k=10: H_kk +0.622130 (1977 s)
→ rows/naphthalene_ccpvtz_k10.npz.part.npz (1 displacements)
[13:06:06] mp2 cc-pvtz k=32: H_kk +0.033704 (1939 s)
→ rows/naphthalene_ccpvtz_k32.npz.part.npz (1 displacements)
[13:10:24] mp2 cc-pvdz k=0: H_kk +0.809520 (257 s)
→ rows/anthracene_ccpvdz_k0.npz.part.npz (1 displacements)
[13:14:43] mp2 cc-pvdz k=9: H_kk +0.754049 (257 s)
→ rows/anthracene_ccpvdz_k9.npz.part.npz (1 displacements)
[13:19:01] mp2 cc-pvdz k=42: H_kk +0.305296 (257 s)
→ rows/anthracene_ccpvdz_k42.npz.part.npz (1 displacements)
[13:23:30] mp2 cc-pvdz k=51: H_kk +0.054676 (267 s)
→ rows/anthracene_ccpvdz_k51.npz.part.npz (1 displacements)
[13:31:34] mp2 cc-pvtz k=1: H_kk +0.033187 (483 s)
→ rows/benzonitrile_ccpvtz_k1.npz.part.npz (1 displacements)
[13:39:24] mp2 cc-pvtz k=6: H_kk +0.676884 (469 s)
→ rows/benzonitrile_ccpvtz_k6.npz.part.npz (1 displacements)
[13:47:31] mp2 cc-pvtz k=9: H_kk +0.693855 (486 s)
→ rows/benzonitrile_ccpvtz_k9.npz.part.npz (1 displacements)
[13:55:24] mp2 cc-pvtz k=14: H_kk +0.132078 (471 s)
→ rows/benzonitrile_ccpvtz_k14.npz.part.npz (1 displacements)
[14:03:18] mp2 cc-pvtz k=24: H_kk +0.098691 (472 s)
→ rows/benzonitrile_ccpvtz_k24.npz.part.npz (1 displacements)
[14:11:15] mp2 cc-pvtz k=28: H_kk +0.237735 (476 s)
→ rows/benzonitrile_ccpvtz_k28.npz.part.npz (1 displacements)
[14:19:18] mp2 cc-pvtz k=32: H_kk +0.026897 (481 s)
→ rows/benzonitrile_ccpvtz_k32.npz.part.npz (1 displacements)
[14:24:12] mp2 cc-pvtz k=4: H_kk +0.722320 (293 s)
→ rows/fluorobenzene_ccpvtz_k4.npz.part.npz (1 displacements)
[14:29:05] mp2 cc-pvtz k=8: H_kk +0.119221 (292 s)
→ rows/fluorobenzene_ccpvtz_k8.npz.part.npz (1 displacements)
[14:34:16] mp2 cc-pvtz k=12: H_kk +0.735020 (310 s)
→ rows/fluorobenzene_ccpvtz_k12.npz.part.npz (1 displacements)
[14:39:29] mp2 cc-pvtz k=22: H_kk +0.329800 (312 s)
→ rows/fluorobenzene_ccpvtz_k22.npz.part.npz (1 displacements)
[14:44:39] mp2 cc-pvtz k=26: H_kk +0.026661 (309 s)
→ rows/fluorobenzene_ccpvtz_k26.npz.part.npz (1 displacements)
[14:47:57] mp2 cc-pvtz k=0: H_kk +0.678258 (196 s)
→ rows/pyridine_ccpvtz_k0.npz.part.npz (1 displacements)
[14:51:16] mp2 cc-pvtz k=1: H_kk +0.742875 (199 s)
→ rows/pyridine_ccpvtz_k1.npz.part.npz (1 displacements)
[14:54:37] mp2 cc-pvtz k=5: H_kk +0.131764 (200 s)
→ rows/pyridine_ccpvtz_k5.npz.part.npz (1 displacements)
[14:57:58] mp2 cc-pvtz k=9: H_kk +0.662711 (199 s)
→ rows/pyridine_ccpvtz_k9.npz.part.npz (1 displacements)
[15:01:10] mp2 cc-pvtz k=20: H_kk +0.027468 (191 s)
→ rows/pyridine_ccpvtz_k20.npz.part.npz (1 displacements)
[15:04:27] mp2 cc-pvtz k=23: H_kk +0.027479 (196 s)
→ rows/pyridine_ccpvtz_k23.npz.part.npz (1 displacements)
[15:05:48] mp2 cc-pvdz k=0: H_kk +0.789701 (80 s)
→ rows/naphthalene_ccpvdz_k0.npz.part.npz (1 displacements)
[15:07:06] mp2 cc-pvdz k=6: H_kk +0.716132 (77 s)
→ rows/naphthalene_ccpvdz_k6.npz.part.npz (1 displacements)
[15:08:28] mp2 cc-pvdz k=10: H_kk +0.661932 (80 s)
→ rows/naphthalene_ccpvdz_k10.npz.part.npz (1 displacements)
[15:09:48] mp2 cc-pvdz k=32: H_kk +0.030715 (80 s)
→ rows/naphthalene_ccpvdz_k32.npz.part.npz (1 displacements)
[15:10:19] mp2 cc-pvdz k=0: H_kk +1.189446 (30 s)
→ rows/benzonitrile_ccpvdz_k0.npz.part.npz (1 displacements)
[15:10:49] mp2 cc-pvdz k=5: H_kk +0.055336 (29 s)
→ rows/benzonitrile_ccpvdz_k5.npz.part.npz (1 displacements)
[15:11:20] mp2 cc-pvdz k=8: H_kk +0.123803 (30 s)
→ rows/benzonitrile_ccpvdz_k8.npz.part.npz (1 displacements)
[15:11:50] mp2 cc-pvdz k=13: H_kk +0.757550 (29 s)
→ rows/benzonitrile_ccpvdz_k13.npz.part.npz (1 displacements)
[15:12:20] mp2 cc-pvdz k=17: H_kk +0.114432 (29 s)
→ rows/benzonitrile_ccpvdz_k17.npz.part.npz (1 displacements)
[15:12:51] mp2 cc-pvdz k=27: H_kk +0.186155 (29 s)
→ rows/benzonitrile_ccpvdz_k27.npz.part.npz (1 displacements)
[15:13:21] mp2 cc-pvdz k=30: H_kk +0.378114 (29 s)
→ rows/benzonitrile_ccpvdz_k30.npz.part.npz (1 displacements)
[15:13:42] mp2 cc-pvdz k=2: H_kk +0.024660 (20 s)
→ rows/fluorobenzene_ccpvdz_k2.npz.part.npz (1 displacements)
[15:14:02] mp2 cc-pvdz k=6: H_kk +0.753464 (20 s)
→ rows/fluorobenzene_ccpvdz_k6.npz.part.npz (1 displacements)
[15:14:23] mp2 cc-pvdz k=10: H_kk +0.754501 (20 s)
→ rows/fluorobenzene_ccpvdz_k10.npz.part.npz (1 displacements)
[15:14:44] mp2 cc-pvdz k=13: H_kk +0.727809 (20 s)
→ rows/fluorobenzene_ccpvdz_k13.npz.part.npz (1 displacements)
[15:15:06] mp2 cc-pvdz k=24: H_kk +0.206889 (21 s)
→ rows/fluorobenzene_ccpvdz_k24.npz.part.npz (1 displacements)
[15:15:26] mp2 cc-pvdz k=29: H_kk +0.022521 (19 s)
→ rows/fluorobenzene_ccpvdz_k29.npz.part.npz (1 displacements)
[15:15:40] mp2 cc-pvdz k=4: H_kk +0.728742 (13 s)
→ rows/pyridine_ccpvdz_k4.npz.part.npz (1 displacements)
[15:15:54] mp2 cc-pvdz k=8: H_kk +0.143819 (13 s)
→ rows/pyridine_ccpvdz_k8.npz.part.npz (1 displacements)
[15:16:09] mp2 cc-pvdz k=18: H_kk +0.061954 (13 s)
→ rows/pyridine_ccpvdz_k18.npz.part.npz (1 displacements)
[15:16:24] mp2 cc-pvdz k=21: H_kk +0.348793 (14 s)
→ rows/pyridine_ccpvdz_k21.npz.part.npz (1 displacements)
[15:16:35] mp2 cc-pvdz k=25: H_kk +0.200058 (11 s)
→ rows/pyridine_ccpvdz_k25.npz.part.npz (1 displacements)
