[06:40:53] mp2 cc-pvtz k=7: H_kk +0.721243 (6656 s)
→ rows/anthracene_ccpvtz_k7.npz.part.npz (1 displacements)
[08:31:43] mp2 cc-pvtz k=12: H_kk +0.699011 (6649 s)
→ rows/anthracene_ccpvtz_k12.npz.part.npz (1 displacements)
[10:20:29] mp2 cc-pvtz k=49: H_kk +0.352453 (6526 s)
→ rows/anthracene_ccpvtz_k49.npz.part.npz (1 displacements)
[10:54:11] mp2 cc-pvtz k=1: H_kk +0.653303 (2021 s)
→ rows/naphthalene_ccpvtz_k1.npz.part.npz (1 displacements)
[11:27:59] mp2 cc-pvtz k=6: H_kk +0.666122 (2027 s)
→ rows/naphthalene_ccpvtz_k6.npz.part.npz (1 displacements)
[12:01:42] mp2 cc-pvtz k=8: H_kk +0.134396 (2022 s)
→ rows/naphthalene_ccpvtz_k8.npz.part.npz (1 displacements)
[12:34:52] mp2 cc-pvtz k=11: H_kk +0.153855 (1990 s)
→ rows/naphthalene_ccpvtz_k11.npz.part.npz (1 displacements)
[13:07:49] mp2 cc-pvtz k=36: H_kk +0.062632 (1976 s)
→ rows/naphthalene_ccpvtz_k36.npz.part.npz (1 displacements)
[13:12:14] mp2 cc-pvdz k=1: H_kk +0.687108 (264 s)
→ rows/anthracene_ccpvdz_k1.npz.part.npz (1 displacements)
[13:16:39] mp2 cc-pvdz k=10: H_kk +0.659443 (264 s)
→ rows/anthracene_ccpvdz_k10.npz.part.npz (1 displacements)
[13:20:55] mp2 cc-pvdz k=43: H_kk +0.134774 (255 s)
→ rows/anthracene_ccpvdz_k43.npz.part.npz (1 displacements)
[13:25:19] mp2 cc-pvdz k=52: H_kk +0.378706 (263 s)
→ rows/anthracene_ccpvdz_k52.npz.part.npz (1 displacements)
[13:33:06] mp2 cc-pvtz k=3: H_kk +1.435500 (466 s)
→ rows/benzonitrile_ccpvtz_k3.npz.part.npz (1 displacements)
[13:41:04] mp2 cc-pvtz k=7: H_kk +0.652272 (477 s)
→ rows/benzonitrile_ccpvtz_k7.npz.part.npz (1 displacements)
[13:49:04] mp2 cc-pvtz k=11: H_kk +0.132152 (479 s)
→ rows/benzonitrile_ccpvtz_k11.npz.part.npz (1 displacements)
[13:57:00] mp2 cc-pvtz k=15: H_kk +0.733157 (475 s)
→ rows/benzonitrile_ccpvtz_k15.npz.part.npz (1 displacements)
[14:04:53] mp2 cc-pvtz k=25: H_kk +0.316797 (472 s)
→ rows/benzonitrile_ccpvtz_k25.npz.part.npz (1 displacements)
[14:12:54] mp2 cc-pvtz k=29: H_kk +0.028777 (480 s)
→ rows/benzonitrile_ccpvtz_k29.npz.part.npz (1 displacements)
[14:17:51] mp2 cc-pvtz k=0: H_kk +0.387095 (296 s)
→ rows/fluorobenzene_ccpvtz_k0.npz.part.npz (1 displacements)
[14:22:52] mp2 cc-pvtz k=2: H_kk +0.025292 (300 s)
→ rows/fluorobenzene_ccpvtz_k2.npz.part.npz (1 displacements)
[14:27:57] mp2 cc-pvtz k=6: H_kk +0.699365 (303 s)
→ rows/fluorobenzene_ccpvtz_k6.npz.part.npz (1 displacements)
[14:33:01] mp2 cc-pvtz k=10: H_kk +0.705498 (303 s)
→ rows/fluorobenzene_ccpvtz_k10.npz.part.npz (1 displacements)
[14:38:08] mp2 cc-pvtz k=14: H_kk +0.122768 (305 s)
→ rows/fluorobenzene_ccpvtz_k14.npz.part.npz (1 displacements)
[14:43:12] mp2 cc-pvtz k=24: H_kk +0.194664 (303 s)
→ rows/fluorobenzene_ccpvtz_k24.npz.part.npz (1 displacements)
[14:48:15] mp2 cc-pvtz k=27: H_kk +0.341809 (302 s)
→ rows/fluorobenzene_ccpvtz_k27.npz.part.npz (1 displacements)
[14:51:26] mp2 cc-pvtz k=2: H_kk +0.136774 (190 s)
→ rows/pyridine_ccpvtz_k2.npz.part.npz (1 displacements)
[14:54:49] mp2 cc-pvtz k=6: H_kk +0.715413 (201 s)
→ rows/pyridine_ccpvtz_k6.npz.part.npz (1 displacements)
[14:58:03] mp2 cc-pvtz k=11: H_kk +0.093551 (194 s)
→ rows/pyridine_ccpvtz_k11.npz.part.npz (1 displacements)
[15:01:15] mp2 cc-pvtz k=21: H_kk +0.322381 (191 s)
→ rows/pyridine_ccpvtz_k21.npz.part.npz (1 displacements)
[15:04:36] mp2 cc-pvtz k=24: H_kk +0.225861 (199 s)
→ rows/pyridine_ccpvtz_k24.npz.part.npz (1 displacements)
[15:05:55] mp2 cc-pvdz k=2: H_kk +0.115815 (79 s)
→ rows/naphthalene_ccpvdz_k2.npz.part.npz (1 displacements)
[15:07:16] mp2 cc-pvdz k=8: H_kk +0.113282 (80 s)
→ rows/naphthalene_ccpvdz_k8.npz.part.npz (1 displacements)
[15:08:39] mp2 cc-pvdz k=30: H_kk +0.261293 (82 s)
→ rows/naphthalene_ccpvdz_k30.npz.part.npz (1 displacements)
[15:10:01] mp2 cc-pvdz k=37: H_kk +0.372149 (80 s)
→ rows/naphthalene_ccpvdz_k37.npz.part.npz (1 displacements)
[15:10:32] mp2 cc-pvdz k=3: H_kk +1.568739 (30 s)
→ rows/benzonitrile_ccpvdz_k3.npz.part.npz (1 displacements)
[15:11:02] mp2 cc-pvdz k=7: H_kk +0.701344 (29 s)
→ rows/benzonitrile_ccpvdz_k7.npz.part.npz (1 displacements)
[15:11:33] mp2 cc-pvdz k=11: H_kk +0.113639 (30 s)
→ rows/benzonitrile_ccpvdz_k11.npz.part.npz (1 displacements)
[15:12:04] mp2 cc-pvdz k=15: H_kk +0.779323 (30 s)
→ rows/benzonitrile_ccpvdz_k15.npz.part.npz (1 displacements)
[15:12:33] mp2 cc-pvdz k=25: H_kk +0.341666 (29 s)
→ rows/benzonitrile_ccpvdz_k25.npz.part.npz (1 displacements)
[15:13:02] mp2 cc-pvdz k=29: H_kk +0.025072 (28 s)
→ rows/benzonitrile_ccpvdz_k29.npz.part.npz (1 displacements)
[15:13:22] mp2 cc-pvdz k=0: H_kk +0.404344 (19 s)
→ rows/fluorobenzene_ccpvdz_k0.npz.part.npz (1 displacements)
[15:13:42] mp2 cc-pvdz k=3: H_kk +0.708767 (19 s)
→ rows/fluorobenzene_ccpvdz_k3.npz.part.npz (1 displacements)
[15:14:03] mp2 cc-pvdz k=7: H_kk +0.788376 (20 s)
→ rows/fluorobenzene_ccpvdz_k7.npz.part.npz (1 displacements)
[15:14:23] mp2 cc-pvdz k=11: H_kk +0.111729 (20 s)
→ rows/fluorobenzene_ccpvdz_k11.npz.part.npz (1 displacements)
[15:14:44] mp2 cc-pvdz k=14: H_kk +0.106571 (20 s)
→ rows/fluorobenzene_ccpvdz_k14.npz.part.npz (1 displacements)
[15:15:05] mp2 cc-pvdz k=25: H_kk +0.234406 (20 s)
→ rows/fluorobenzene_ccpvdz_k25.npz.part.npz (1 displacements)
[15:15:25] mp2 cc-pvdz k=28: H_kk +0.071466 (19 s)
→ rows/fluorobenzene_ccpvdz_k28.npz.part.npz (1 displacements)
[15:15:40] mp2 cc-pvdz k=3: H_kk +0.792829 (13 s)
→ rows/pyridine_ccpvdz_k3.npz.part.npz (1 displacements)
[15:15:54] mp2 cc-pvdz k=7: H_kk +0.758702 (13 s)
→ rows/pyridine_ccpvdz_k7.npz.part.npz (1 displacements)
[15:16:09] mp2 cc-pvdz k=11: H_kk +0.085904 (14 s)
→ rows/pyridine_ccpvdz_k11.npz.part.npz (1 displacements)
[15:16:24] mp2 cc-pvdz k=22: H_kk +0.091577 (14 s)
→ rows/pyridine_ccpvdz_k22.npz.part.npz (1 displacements)
[15:16:35] mp2 cc-pvdz k=26: H_kk +0.024605 (11 s)
→ rows/pyridine_ccpvdz_k26.npz.part.npz (1 displacements)
