
WARN: Input vhf is not found. Building vhf from SCF MO.

E(LNOMP2) = -384.679131795371  E_corr = -1.29625374084331
E(LNOCCSD) = -384.729352684794  E_corr = -1.3464746302666
E(LNOCCSD_T) = -384.792905901124  E_corr = -1.41002784659619
Summary by spin components
LNOMP2   Ess = -0.350170197587701  Eos = -0.946083543255612  Escs = -1.25190692770344
LNOCCSD  Ess = -0.310825723905939  Eos = -1.03564890636067  Escs = -1.34628365369348
[19:31:11] reference: SCF 2.0 s, PM 0.7 s, LNO-CCSD(T) 6873.5 s (24 fragments), MP2 0.1 s; peak RSS 4.16 GB; E_composite -384.79291081

WARN: Input vhf is not found. Building vhf from SCF MO.

E(LNOMP2) = -384.679149965574  E_corr = -1.29633387498149
E(LNOCCSD) = -384.72934868959  E_corr = -1.34653259899733
E(LNOCCSD_T) = -384.792924526521  E_corr = -1.41010843592859
Summary by spin components
LNOMP2   Ess = -0.350197582898225  Eos = -0.946136292083266  Escs = -1.25197934560503
LNOCCSD  Ess = -0.310839385271493  Eos = -1.03569321372584  Escs = -1.34634137176641
[21:28:38] k00p: SCF 2.0 s, PM 0.7 s, LNO-CCSD(T) 7044.6 s (24 fragments), MP2 0.1 s; peak RSS 4.21 GB; E_composite -384.79292943

WARN: Input vhf is not found. Building vhf from SCF MO.

E(LNOMP2) = -384.6790938843  E_corr = -1.29617407133534
E(LNOCCSD) = -384.729337017607  E_corr = -1.3464172046432
E(LNOCCSD_T) = -384.792867752668  E_corr = -1.40994793970368
Summary by spin components
LNOMP2   Ess = -0.350142827934575  Eos = -0.946031243400768  Escs = -1.25183505378314
LNOCCSD  Ess = -0.310812007373834  Eos = -1.03560519726936  Escs = -1.34622663517872
[23:22:10] k00m: SCF 2.0 s, PM 0.5 s, LNO-CCSD(T) 6809.2 s (24 fragments), MP2 0.1 s; peak RSS 4.22 GB; E_composite -384.79287267
k  0 (C0 x, oop 0.10): H_kk hessian 0.780751 | energy route 0.780746 | LNO 0.780917 | Δ +1.65e-04 (+0.02 %)

WARN: Input vhf is not found. Building vhf from SCF MO.

E(LNOMP2) = -384.679111087526  E_corr = -1.29621353646332
E(LNOCCSD) = -384.729361198368  E_corr = -1.34646364730505
E(LNOCCSD_T) = -384.792909906271  E_corr = -1.41001235520783
Summary by spin components
LNOMP2   Ess = -0.350142796342979  Eos = -0.946070740120341  Escs = -1.25188243932662
LNOCCSD  Ess = -0.310807659822604  Eos = -1.03565598748245  Escs = -1.34628613569986
[01:16:33] k01p: SCF 2.0 s, PM 0.7 s, LNO-CCSD(T) 6859.9 s (24 fragments), MP2 0.1 s; peak RSS 4.23 GB; E_composite -384.79291481

WARN: Input vhf is not found. Building vhf from SCF MO.

E(LNOMP2) = -384.67913502514  E_corr = -1.29629429206068
E(LNOCCSD) = -384.729326845383  E_corr = -1.34648611230365
E(LNOCCSD_T) = -384.792884647236  E_corr = -1.41004391415676
Summary by spin components
LNOMP2   Ess = -0.350197508339601  Eos = -0.946096783721076  Escs = -1.25193191074238
LNOCCSD  Ess = -0.310843646001376  Eos = -1.03564246630227  Escs = -1.34628189368119
[03:10:26] k01m: SCF 2.1 s, PM 0.7 s, LNO-CCSD(T) 6830.9 s (24 fragments), MP2 0.1 s; peak RSS 4.23 GB; E_composite -384.79288955
k  1 (C0 y, oop 0.12): H_kk hessian 0.689216 | energy route 0.689191 | LNO 0.689945 | Δ +7.29e-04 (+0.11 %)
LNO curvature check: 2 coordinates; max |H_kk(LNO) − H_kk(Hessian)| = 7.29e-04 a.u. (worst k 1), max rel 0.11 %; E0 shift LNO−canonical +0.000395 E_h; 34432 s → /mnt/c/Users/thebr/Documents/CapstonePlan/plans/05_delta-probed-ir-pipeline/probes/results_m1/lno_curvature_xtight_2026-10-05.json
