=== step 0: A_8448043181 start 2026-10-05 08:05:53
[08:06:41] mp2 6-31g* k=0: H_kk +0.752467 (46 s)
[08:07:26] mp2 6-31g* k=1: H_kk +0.718322 (44 s)
[08:08:10] mp2 6-31g* k=2: H_kk +0.092913 (44 s)
[08:08:59] mp2 6-31g* k=18: H_kk +0.306989 (48 s)
[08:09:45] mp2 6-31g* k=19: H_kk +0.122137 (46 s)
[08:10:30] mp2 6-31g* k=20: H_kk +0.023229 (44 s)
→ /mnt/c/Users/thebr/Documents/CapstonePlan/plans/05_delta-probed-ir-pipeline/probes/results_m1/mp2_step0_2026-10-05/mp2_rows_A_8448043181_631gs.npz (6 displacements)
=== step 0: A_8448043181 done in 277 s at 2 threads 2026-10-05 08:10:30
=== step 0: A_01f3186607 start 2026-10-05 08:10:30
[08:15:33] mp2 6-31g* k=0: H_kk +0.771750 (301 s)
[08:19:11] mp2 6-31g* k=1: H_kk +0.682275 (218 s)
[08:22:48] mp2 6-31g* k=2: H_kk +0.095753 (217 s)
[08:26:20] mp2 6-31g* k=6: H_kk +0.694987 (212 s)
[08:29:53] mp2 6-31g* k=7: H_kk +0.754627 (212 s)
[08:33:23] mp2 6-31g* k=8: H_kk +0.090492 (210 s)
[08:36:35] mp2 6-31g* k=9: H_kk +0.712139 (191 s)
[08:40:05] mp2 6-31g* k=10: H_kk +0.646173 (210 s)
[08:44:04] mp2 6-31g* k=11: H_kk +0.071182 (238 s)
[08:47:59] mp2 6-31g* k=30: H_kk +0.253512 (235 s)
[08:52:03] mp2 6-31g* k=31: H_kk +0.168187 (243 s)
[08:55:56] mp2 6-31g* k=32: H_kk +0.030462 (233 s)
[08:59:47] mp2 6-31g* k=36: H_kk +0.065042 (231 s)
[09:04:07] mp2 6-31g* k=37: H_kk +0.357579 (259 s)
[09:08:52] mp2 6-31g* k=38: H_kk +0.025068 (285 s)
→ /mnt/c/Users/thebr/Documents/CapstonePlan/plans/05_delta-probed-ir-pipeline/probes/results_m1/mp2_step0_2026-10-05/mp2_rows_A_01f3186607_631gs.npz (15 displacements)
=== step 0: A_01f3186607 done in 3502 s at 2 threads 2026-10-05 09:08:52
=== step 0: A_fdc27f1bd1 start 2026-10-05 09:08:52
[09:19:41] mp2 6-31g* k=0: H_kk +0.767282 (646 s)
[09:30:29] mp2 6-31g* k=1: H_kk +0.599807 (647 s)
[09:39:40] mp2 6-31g* k=2: H_kk +0.197207 (551 s)
[09:49:51] mp2 6-31g* k=3: H_kk +0.726582 (610 s)
[10:00:21] mp2 6-31g* k=4: H_kk +0.637456 (630 s)
[10:10:02] mp2 6-31g* k=5: H_kk +0.201865 (581 s)
[10:17:31] mp2 6-31g* k=6: H_kk +0.729117 (449 s)
[10:24:51] mp2 6-31g* k=7: H_kk +0.626488 (440 s)
[10:31:35] mp2 6-31g* k=8: H_kk +0.196712 (403 s)
[10:39:38] mp2 6-31g* k=9: H_kk +0.656586 (482 s)
[10:48:21] mp2 6-31g* k=10: H_kk +0.584919 (523 s)
[10:56:45] mp2 6-31g* k=11: H_kk +0.241102 (503 s)
[11:07:36] mp2 6-31g* k=15: H_kk +0.733938 (651 s)
[11:16:59] mp2 6-31g* k=16: H_kk +0.218292 (562 s)
[11:25:54] mp2 6-31g* k=17: H_kk +0.600087 (534 s)
[11:35:35] mp2 6-31g* k=18: H_kk +0.723338 (581 s)
[11:46:00] mp2 6-31g* k=19: H_kk +0.227119 (625 s)
[11:55:39] mp2 6-31g* k=20: H_kk +0.615444 (579 s)
[12:05:09] mp2 6-31g* k=36: H_kk +0.369202 (570 s)
[12:12:59] mp2 6-31g* k=37: H_kk +0.053794 (469 s)
[12:20:59] mp2 6-31g* k=38: H_kk +0.029489 (480 s)
[12:28:22] mp2 6-31g* k=39: H_kk +0.146310 (443 s)
[12:35:12] mp2 6-31g* k=40: H_kk +0.240721 (410 s)
[12:42:41] mp2 6-31g* k=41: H_kk +0.065107 (448 s)
[12:51:06] mp2 6-31g* k=42: H_kk +0.126624 (505 s)
[12:59:14] mp2 6-31g* k=43: H_kk +0.259473 (487 s)
[13:07:59] mp2 6-31g* k=44: H_kk +0.067471 (525 s)
[13:17:53] mp2 6-31g* k=45: H_kk +0.147751 (594 s)
[13:28:45] mp2 6-31g* k=46: H_kk +0.070396 (651 s)
[13:39:16] mp2 6-31g* k=47: H_kk +0.235418 (630 s)
[13:49:42] mp2 6-31g* k=48: H_kk +0.125167 (625 s)
[14:00:23] mp2 6-31g* k=49: H_kk +0.081790 (641 s)
[14:11:18] mp2 6-31g* k=50: H_kk +0.245183 (654 s)
→ /mnt/c/Users/thebr/Documents/CapstonePlan/plans/05_delta-probed-ir-pipeline/probes/results_m1/mp2_step0_2026-10-05/mp2_rows_A_fdc27f1bd1_631gs.npz (33 displacements)
=== step 0: A_fdc27f1bd1 done in 18149 s at 2 threads 2026-10-05 14:11:21
=== step 0: A_428228e5a5 start 2026-10-05 14:11:21
=== step 0: full runner stopped at 2026-10-05 14:13:44 after biphenyl (the two large molecules are priced from four displacements, step 0b)
=== step 0b: A_428228e5a5 start — 42 symmetry-unique displacements, timing the first four (0,1,2,6) 2026-10-05 14:13:45
[14:42:26] mp2 6-31g* k=0: H_kk +0.737860 (1719 s)
=== step 0b: A_428228e5a5 start — 42 symmetry-unique displacements, timing the first four (0,1,2,6) 2026-10-05 16:17:54
[17:33:06] mp2 6-31g* k=0: H_kk +0.737860 (4510 s)
[18:28:52] mp2 6-31g* k=1: H_kk +0.678197 (3345 s)
[19:10:58] mp2 6-31g* k=2: H_kk +0.118431 (2526 s)
[19:50:28] mp2 6-31g* k=6: H_kk +0.697556 (2369 s)
→ /mnt/c/Users/thebr/Documents/CapstonePlan/plans/05_delta-probed-ir-pipeline/probes/results_m1/mp2_step0_2026-10-05/mp2_rows_A_428228e5a5_631gs_first4.npz (4 displacements)
=== step 0b: A_428228e5a5 four displacements in 12756 s at 2 threads → whole molecule ≈ 133938 s at 2 threads 2026-10-05 19:50:30
=== step 0b: A2_02c8833bd5 start — 90 symmetry-unique displacements, timing the first four (0,1,2,3) 2026-10-05 19:50:30
[20:38:51] mp2 6-31g* k=0: H_kk +0.761986 (2899 s)
=== step 0b: A2_02c8833bd5 start — 90 symmetry-unique displacements, timing the first four (0,1,2,3) 2026-10-06 06:05:38
[06:44:43] mp2 6-31g* k=0: H_kk +0.761990 (2344 s)
[07:19:10] mp2 6-31g* k=1: H_kk +0.767650 (2066 s)
[07:53:26] mp2 6-31g* k=2: H_kk +0.100233 (2056 s)
[08:31:20] mp2 6-31g* k=3: H_kk +0.693832 (2273 s)
→ /mnt/c/Users/thebr/Documents/CapstonePlan/plans/05_delta-probed-ir-pipeline/probes/results_m1/mp2_step0_2026-10-05/mp2_rows_A2_02c8833bd5_631gs_first4.npz (4 displacements)
=== step 0b: A2_02c8833bd5 four displacements in 8743 s at 2 threads → whole molecule ≈ 196717 s at 2 threads 2026-10-06 08:31:21
=== step 0b: priced A2_02c8833bd5 (four displacements each) 2026-10-06 08:31:21
