=== detached start Wed Sep 16 14:36:08 CEST 2026: python m1_frozen_spaces.py --molecule naphthalene --basis cc-pvtz --thresh tight --npts 5 --modes 12,22,31 --arms A --basis-terms none --threads 8 --tag _m3
[14:36:09] M1: naphthalene cc-pvtz, thresholds [1e-06, 1e-07], frozen core 10, modes [12, 22, 31] (785 cm⁻¹ CH-oop, 1045 cm⁻¹ CH-ip-bend, 1410 cm⁻¹ CC-stretch), 5 points, 8 threads

WARN: Input vhf is not found. Building vhf from SCF MO.

--- heartbeat 2026-09-16 15:36:08: pid 15248 alive, elapsed 01:00:00, cpu 741 %, rss 2231 MB, tmp 7.4G
--- heartbeat 2026-09-16 16:36:08: pid 15248 alive, elapsed 02:00:00, cpu 740 %, rss 3146 MB, tmp 7.8G
--- heartbeat 2026-09-16 17:36:08: pid 15248 alive, elapsed 03:00:00, cpu 754 %, rss 4491 MB, tmp 11G
--- heartbeat 2026-09-16 18:36:08: pid 15248 has exited
=== detached start Wed Sep 16 18:37:45 CEST 2026: python m1_frozen_spaces.py --molecule naphthalene --basis cc-pvtz --thresh tight --npts 5 --modes 12,22,31 --arms A --basis-terms none --threads 8 --max-memory 10000 --resume --tag _m3
[18:37:46] M1: naphthalene cc-pvtz, thresholds [1e-06, 1e-07], frozen core 10, modes [12, 22, 31] (785 cm⁻¹ CH-oop, 1045 cm⁻¹ CH-ip-bend, 1410 cm⁻¹ CC-stretch), 5 points, 8 threads, max_memory 10000 MB
Traceback (most recent call last):
  File "/mnt/c/Users/thebr/Documents/CapstonePlan/plans/05_delta-probed-ir-pipeline/probes/m1_frozen_spaces.py", line 546, in <module>
    main()
  File "/mnt/c/Users/thebr/Documents/CapstonePlan/plans/05_delta-probed-ir-pipeline/probes/m1_frozen_spaces.py", line 313, in main
    zp = np.load(os.path.join(out, "frozen_spaces_reference.npz"))
         ^^^^^^^^^^^^^^^^^^^^^^^^^^^^^^^^^^^^^^^^^^^^^^^^^^^^^^^^^
  File "/home/thebreadishard/qc05/lib/python3.12/site-packages/numpy/lib/_npyio_impl.py", line 454, in load
    fid = stack.enter_context(open(os.fspath(file), "rb"))
                              ^^^^^^^^^^^^^^^^^^^^^^^^^^^
FileNotFoundError: [Errno 2] No such file or directory: '/mnt/c/Users/thebr/Documents/CapstonePlan/plans/05_delta-probed-ir-pipeline/probes/results_m1/naphthalene_cc-pvtz_tight_m3/frozen_spaces_reference.npz'
=== detached start Wed Sep 16 18:39:10 CEST 2026: python m1_frozen_spaces.py --molecule naphthalene --basis cc-pvtz --thresh tight --npts 5 --modes 12,22,31 --arms A --basis-terms none --threads 8 --max-memory 10000 --tag _m3
[18:39:10] M1: naphthalene cc-pvtz, thresholds [1e-06, 1e-07], frozen core 10, modes [12, 22, 31] (785 cm⁻¹ CH-oop, 1045 cm⁻¹ CH-ip-bend, 1410 cm⁻¹ CC-stretch), 5 points, 8 threads, max_memory 10000 MB
[18:39:17] reference: localisation reused from fragments/ref_lo.npz (earlier attempt)
[18:39:17] checkpoint ref_C: 12 fragment(s) restored, the rest is solved now

WARN: Input vhf is not found. Building vhf from SCF MO.

=== detached start Wed Sep 16 19:29:28 CEST 2026: python m1_frozen_spaces.py --molecule naphthalene --basis cc-pvtz --thresh tight --npts 5 --modes 12,22,31 --arms A --basis-terms none --threads 8 --max-memory 10000 --tag _m3
[19:29:29] M1: naphthalene cc-pvtz, thresholds [1e-06, 1e-07], frozen core 10, modes [12, 22, 31] (785 cm⁻¹ CH-oop, 1045 cm⁻¹ CH-ip-bend, 1410 cm⁻¹ CC-stretch), 5 points, 8 threads, max_memory 10000 MB
[19:29:36] reference: localisation reused from fragments/ref_lo.npz (earlier attempt)
[19:29:36] checkpoint ref_C: 12 fragment(s) restored, the rest is solved now

WARN: Input vhf is not found. Building vhf from SCF MO.

=== detached start Wed Sep 16 19:33:07 CEST 2026: python m1_frozen_spaces.py --molecule naphthalene --basis cc-pvtz --thresh tight --npts 5 --modes 12,22,31 --arms A --basis-terms none --threads 8 --max-memory 8000 --tag _m3
[19:33:08] M1: naphthalene cc-pvtz, thresholds [1e-06, 1e-07], frozen core 10, modes [12, 22, 31] (785 cm⁻¹ CH-oop, 1045 cm⁻¹ CH-ip-bend, 1410 cm⁻¹ CC-stretch), 5 points, 8 threads, max_memory 8000 MB
[19:33:16] reference: localisation reused from fragments/ref_lo.npz (earlier attempt)
[19:33:16] checkpoint ref_C: 12 fragment(s) restored, the rest is solved now

WARN: Input vhf is not found. Building vhf from SCF MO.

--- heartbeat 2026-09-16 20:33:07: pid 452 alive, elapsed 01:00:00, cpu 720 %, rss 4913 MB, tmp 11G
--- heartbeat 2026-09-16 21:33:07: pid 452 alive, elapsed 02:00:00, cpu 799 %, rss 4545 MB, tmp 11G
--- heartbeat 2026-09-16 22:33:07: pid 452 alive, elapsed 03:00:00, cpu 792 %, rss 3611 MB, tmp 4.3G
--- heartbeat 2026-09-16 23:33:07: pid 452 alive, elapsed 04:00:00, cpu 790 %, rss 4874 MB, tmp 7.7G
--- heartbeat 2026-09-17 00:33:07: pid 452 alive, elapsed 05:00:00, cpu 799 %, rss 3741 MB, tmp 3.1G
--- heartbeat 2026-09-17 01:33:07: pid 452 alive, elapsed 06:00:00, cpu 800 %, rss 4200 MB, tmp 8.2G
--- heartbeat 2026-09-17 02:33:07: pid 452 alive, elapsed 07:00:00, cpu 796 %, rss 3949 MB, tmp 4.6G
--- heartbeat 2026-09-17 03:33:08: pid 452 alive, elapsed 08:00:00, cpu 792 %, rss 4673 MB, tmp 7.7G
--- heartbeat 2026-09-17 04:33:08: pid 452 alive, elapsed 09:00:00, cpu 798 %, rss 4689 MB, tmp 7.7G
--- heartbeat 2026-09-17 05:33:08: pid 452 alive, elapsed 10:00:00, cpu 800 %, rss 5414 MB, tmp 4.6G
--- heartbeat 2026-09-17 06:33:08: pid 452 alive, elapsed 11:00:00, cpu 798 %, rss 4674 MB, tmp 7.7G
--- heartbeat 2026-09-17 07:33:08: pid 452 alive, elapsed 12:00:00, cpu 802 %, rss 4502 MB, tmp 7.7G
--- heartbeat 2026-09-17 08:33:08: pid 452 alive, elapsed 13:00:00, cpu 802 %, rss 4117 MB, tmp 4.9G
--- heartbeat 2026-09-17 09:33:08: pid 452 alive, elapsed 14:00:00, cpu 800 %, rss 4676 MB, tmp 7.7G
--- heartbeat 2026-09-17 10:33:08: pid 452 alive, elapsed 15:00:00, cpu 803 %, rss 4503 MB, tmp 7.7G
--- heartbeat 2026-09-17 11:33:08: pid 452 alive, elapsed 16:00:00, cpu 804 %, rss 3111 MB, tmp 2.5G
[11:50:44] reference: arm C 58655 s; 24 fragments; sizes [(24, 220), (22, 190), (24, 220), (22, 190), (23, 192)]…; frozen-space hash a4fdb8fed0989c11

WARN: Input vhf is not found. Building vhf from SCF MO.

--- heartbeat 2026-09-17 12:33:08: pid 452 alive, elapsed 17:00:00, cpu 801 %, rss 4238 MB, tmp 8.2G
--- heartbeat 2026-09-17 13:33:08: pid 452 alive, elapsed 18:00:00, cpu 800 %, rss 5853 MB, tmp 2.6G
--- heartbeat 2026-09-17 14:33:08: pid 452 alive, elapsed 19:00:00, cpu 801 %, rss 2726 MB, tmp 3.5G
--- heartbeat 2026-09-17 15:33:08: pid 452 alive, elapsed 20:00:01, cpu 799 %, rss 3334 MB, tmp 5.0G
--- heartbeat 2026-09-17 16:33:08: pid 452 alive, elapsed 21:00:01, cpu 799 %, rss 4277 MB, tmp 4.0G
--- heartbeat 2026-09-17 17:33:08: pid 452 alive, elapsed 22:00:01, cpu 800 %, rss 7259 MB, tmp 2.6G
--- heartbeat 2026-09-17 18:33:08: pid 452 alive, elapsed 23:00:01, cpu 801 %, rss 4330 MB, tmp 4.7G
--- heartbeat 2026-09-17 19:33:08: pid 452 alive, elapsed 1-00:00:01, cpu 798 %, rss 3298 MB, tmp 3.1G
--- heartbeat 2026-09-17 20:33:08: pid 452 alive, elapsed 1-01:00:01, cpu 794 %, rss 3322 MB, tmp 11G
--- heartbeat 2026-09-17 21:33:08: pid 452 alive, elapsed 1-02:00:01, cpu 797 %, rss 4663 MB, tmp 11G
--- heartbeat 2026-09-17 22:33:09: pid 452 alive, elapsed 1-03:00:01, cpu 795 %, rss 5051 MB, tmp 5.3G
--- heartbeat 2026-09-17 23:33:09: pid 452 alive, elapsed 1-04:00:01, cpu 794 %, rss 4922 MB, tmp 7.7G
--- heartbeat 2026-09-18 00:33:09: pid 452 alive, elapsed 1-05:00:01, cpu 795 %, rss 4239 MB, tmp 4.0G
--- heartbeat 2026-09-18 01:33:09: pid 452 alive, elapsed 1-06:00:01, cpu 793 %, rss 4920 MB, tmp 7.7G
--- heartbeat 2026-09-18 02:33:09: pid 452 alive, elapsed 1-07:00:01, cpu 792 %, rss 4701 MB, tmp 7.7G
--- heartbeat 2026-09-18 03:33:09: pid 452 alive, elapsed 1-08:00:01, cpu 792 %, rss 5421 MB, tmp 5.6G
[04:28:43] stage 0 round trip: E_A(0) − E_C(0) = 0.0002 µE_h (target |·| ≤ 1e-3 µE_h = 1e-9 E_h); arm A 59879 s

WARN: Input vhf is not found. Building vhf from SCF MO.

--- heartbeat 2026-09-18 04:33:09: pid 452 alive, elapsed 1-09:00:01, cpu 792 %, rss 4951 MB, tmp 2.6G
--- heartbeat 2026-09-18 05:33:09: pid 452 alive, elapsed 1-10:00:01, cpu 791 %, rss 4880 MB, tmp 4.0G
--- heartbeat 2026-09-18 06:33:09: pid 452 alive, elapsed 1-11:00:01, cpu 791 %, rss 4881 MB, tmp 4.0G
--- heartbeat 2026-09-18 07:33:09: pid 452 alive, elapsed 1-12:00:01, cpu 791 %, rss 4824 MB, tmp 4.7G
--- heartbeat 2026-09-18 08:33:09: pid 452 alive, elapsed 1-13:00:01, cpu 790 %, rss 4750 MB, tmp 5.5G
--- heartbeat 2026-09-18 09:33:09: pid 452 alive, elapsed 1-14:00:01, cpu 789 %, rss 6072 MB, tmp 11G
--- heartbeat 2026-09-18 10:33:09: pid 452 alive, elapsed 1-15:00:01, cpu 790 %, rss 4162 MB, tmp 5.0G
--- heartbeat 2026-09-18 11:33:09: pid 452 alive, elapsed 1-16:00:01, cpu 788 %, rss 4344 MB, tmp 7.7G
--- heartbeat 2026-09-18 12:33:09: pid 452 alive, elapsed 1-17:00:01, cpu 789 %, rss 6533 MB, tmp 3.2G
--- heartbeat 2026-09-18 13:33:09: pid 452 alive, elapsed 1-18:00:01, cpu 788 %, rss 4350 MB, tmp 7.7G
--- heartbeat 2026-09-18 14:33:09: pid 452 alive, elapsed 1-19:00:01, cpu 788 %, rss 5888 MB, tmp 5.6G
--- heartbeat 2026-09-18 15:33:09: pid 452 alive, elapsed 1-20:00:01, cpu 789 %, rss 5858 MB, tmp 4.9G
--- heartbeat 2026-09-18 16:33:09: pid 452 alive, elapsed 1-21:00:01, cpu 789 %, rss 4120 MB, tmp 2.5G
[16:40:11] mode 12 q=-1.00: s_min occ 0.9901 vir 0.3842; pre-Löwdin off-diag occ 1.06e-02 vir 9.92e-01; A−B — A−C — µE_h (LNO-MP2 piece A−C —); PM fresh 11.2558 transported 11.2548; match 1.000; 43888 s

WARN: Input vhf is not found. Building vhf from SCF MO.

--- heartbeat 2026-09-18 17:33:09: pid 452 alive, elapsed 1-22:00:01, cpu 788 %, rss 5752 MB, tmp 3.2G
--- heartbeat 2026-09-18 18:33:09: pid 452 alive, elapsed 1-23:00:01, cpu 787 %, rss 5734 MB, tmp 3.2G
--- heartbeat 2026-09-18 19:33:09: pid 452 alive, elapsed 2-00:00:01, cpu 787 %, rss 5606 MB, tmp 4.7G
--- heartbeat 2026-09-18 20:33:09: pid 452 alive, elapsed 2-01:00:01, cpu 787 %, rss 6137 MB, tmp 4.6G
--- heartbeat 2026-09-18 21:33:09: pid 452 alive, elapsed 2-02:00:01, cpu 786 %, rss 5614 MB, tmp 11G
--- heartbeat 2026-09-18 22:33:09: pid 452 alive, elapsed 2-03:00:01, cpu 788 %, rss 5518 MB, tmp 11G
--- heartbeat 2026-09-18 23:33:09: pid 452 alive, elapsed 2-04:00:02, cpu 787 %, rss 6162 MB, tmp 5.6G
--- heartbeat 2026-09-19 00:33:09: pid 452 alive, elapsed 2-05:00:02, cpu 787 %, rss 4685 MB, tmp 4.3G
--- heartbeat 2026-09-19 01:33:09: pid 452 alive, elapsed 2-06:00:02, cpu 786 %, rss 6175 MB, tmp 5.6G
--- heartbeat 2026-09-19 02:33:09: pid 452 alive, elapsed 2-07:00:02, cpu 787 %, rss 7504 MB, tmp 4.1G
--- heartbeat 2026-09-19 03:33:09: pid 452 alive, elapsed 2-08:00:02, cpu 787 %, rss 5467 MB, tmp 7.7G
--- heartbeat 2026-09-19 04:33:09: pid 452 alive, elapsed 2-09:00:02, cpu 786 %, rss 5715 MB, tmp 7.7G
[04:57:40] mode 12 q=-0.50: s_min occ 0.9951 vir 0.5688; pre-Löwdin off-diag occ 5.30e-03 vir 3.34e-01; A−B — A−C — µE_h (LNO-MP2 piece A−C —); PM fresh 11.2560 transported 11.2557; match 1.000; 44249 s

WARN: Input vhf is not found. Building vhf from SCF MO.

--- heartbeat 2026-09-19 05:33:09: pid 452 alive, elapsed 2-10:00:02, cpu 786 %, rss 4767 MB, tmp 4.7G
--- heartbeat 2026-09-19 06:33:09: pid 452 alive, elapsed 2-11:00:02, cpu 786 %, rss 4881 MB, tmp 5.0G
--- heartbeat 2026-09-19 07:33:09: pid 452 alive, elapsed 2-12:00:02, cpu 786 %, rss 6002 MB, tmp 3.7G
--- heartbeat 2026-09-19 08:33:09: pid 452 alive, elapsed 2-13:00:02, cpu 786 %, rss 5538 MB, tmp 4.0G
--- heartbeat 2026-09-19 09:33:10: pid 452 alive, elapsed 2-14:00:02, cpu 785 %, rss 5638 MB, tmp 8.3G
--- heartbeat 2026-09-19 10:33:10: pid 452 alive, elapsed 2-15:00:02, cpu 785 %, rss 5607 MB, tmp 11G
--- heartbeat 2026-09-19 11:33:10: pid 452 alive, elapsed 2-16:00:02, cpu 785 %, rss 6176 MB, tmp 3.6G
--- heartbeat 2026-09-19 12:33:10: pid 452 alive, elapsed 2-17:00:02, cpu 785 %, rss 5384 MB, tmp 7.7G
--- heartbeat 2026-09-19 13:33:10: pid 452 alive, elapsed 2-18:00:02, cpu 785 %, rss 4326 MB, tmp 3.1G
--- heartbeat 2026-09-19 14:33:10: pid 452 alive, elapsed 2-19:00:02, cpu 785 %, rss 5709 MB, tmp 7.7G
--- heartbeat 2026-09-19 15:33:10: pid 452 alive, elapsed 2-20:00:02, cpu 785 %, rss 5568 MB, tmp 7.7G
--- heartbeat 2026-09-19 16:33:10: pid 452 alive, elapsed 2-21:00:02, cpu 784 %, rss 5407 MB, tmp 7.7G
[17:22:42] mode 12 q=+0.00: s_min occ 1.0000 vir 1.0000; pre-Löwdin off-diag occ 9.66e-14 vir 6.77e-12; A−B — A−C — µE_h (LNO-MP2 piece A−C —); PM fresh 11.2560 transported 11.256; match 1.000; 44702 s

WARN: Input vhf is not found. Building vhf from SCF MO.

--- heartbeat 2026-09-19 17:33:10: pid 452 alive, elapsed 2-22:00:02, cpu 785 %, rss 5768 MB, tmp 3.2G
--- heartbeat 2026-09-19 18:33:10: pid 452 alive, elapsed 2-23:00:02, cpu 785 %, rss 5251 MB, tmp 4.0G
--- heartbeat 2026-09-19 19:33:10: pid 452 alive, elapsed 3-00:00:02, cpu 784 %, rss 4539 MB, tmp 4.0G
--- heartbeat 2026-09-19 20:33:10: pid 452 alive, elapsed 3-01:00:02, cpu 784 %, rss 5273 MB, tmp 4.7G
--- heartbeat 2026-09-19 21:33:10: pid 452 alive, elapsed 3-02:00:02, cpu 784 %, rss 4693 MB, tmp 4.3G
--- heartbeat 2026-09-19 22:33:10: pid 452 alive, elapsed 3-03:00:02, cpu 783 %, rss 5614 MB, tmp 11G
--- heartbeat 2026-09-19 23:33:10: pid 452 alive, elapsed 3-04:00:02, cpu 784 %, rss 5534 MB, tmp 4.0G
--- heartbeat 2026-09-20 00:33:10: pid 452 alive, elapsed 3-05:00:02, cpu 783 %, rss 6190 MB, tmp 5.6G
--- heartbeat 2026-09-20 01:33:10: pid 452 alive, elapsed 3-06:00:02, cpu 784 %, rss 4686 MB, tmp 4.3G
--- heartbeat 2026-09-20 02:33:10: pid 452 alive, elapsed 3-07:00:02, cpu 783 %, rss 6148 MB, tmp 5.6G
--- heartbeat 2026-09-20 03:33:10: pid 452 alive, elapsed 3-08:00:02, cpu 783 %, rss 6176 MB, tmp 4.3G
--- heartbeat 2026-09-20 04:33:10: pid 452 alive, elapsed 3-09:00:02, cpu 784 %, rss 5384 MB, tmp 7.7G
--- heartbeat 2026-09-20 05:33:10: pid 452 alive, elapsed 3-10:00:02, cpu 783 %, rss 5708 MB, tmp 7.7G
[05:56:38] mode 12 q=+0.50: s_min occ 0.9952 vir 0.5692; pre-Löwdin off-diag occ 5.29e-03 vir 3.34e-01; A−B — A−C — µE_h (LNO-MP2 piece A−C —); PM fresh 11.2560 transported 11.2558; match 1.000; 45236 s

WARN: Input vhf is not found. Building vhf from SCF MO.

--- heartbeat 2026-09-20 06:33:10: pid 452 alive, elapsed 3-11:00:02, cpu 783 %, rss 4768 MB, tmp 4.7G
--- heartbeat 2026-09-20 07:33:10: pid 452 alive, elapsed 3-12:00:02, cpu 783 %, rss 4888 MB, tmp 5.0G
--- heartbeat 2026-09-20 08:33:10: pid 452 alive, elapsed 3-13:00:02, cpu 783 %, rss 6026 MB, tmp 3.5G
--- heartbeat 2026-09-20 09:33:10: pid 452 alive, elapsed 3-14:00:02, cpu 783 %, rss 5159 MB, tmp 4.0G
--- heartbeat 2026-09-20 10:33:10: pid 452 alive, elapsed 3-15:00:03, cpu 783 %, rss 6372 MB, tmp 7.4G
--- heartbeat 2026-09-20 11:33:10: pid 452 alive, elapsed 3-16:00:03, cpu 783 %, rss 5757 MB, tmp 11G
--- heartbeat 2026-09-20 12:33:10: pid 452 alive, elapsed 3-17:00:03, cpu 783 %, rss 4327 MB, tmp 3.1G
--- heartbeat 2026-09-20 13:33:10: pid 452 alive, elapsed 3-18:00:03, cpu 783 %, rss 5531 MB, tmp 7.7G
--- heartbeat 2026-09-20 14:33:10: pid 452 alive, elapsed 3-19:00:03, cpu 783 %, rss 5245 MB, tmp 4.0G
--- heartbeat 2026-09-20 15:33:10: pid 452 alive, elapsed 3-20:00:03, cpu 782 %, rss 6871 MB, tmp 7.7G
--- heartbeat 2026-09-20 16:33:10: pid 452 alive, elapsed 3-21:00:03, cpu 782 %, rss 5617 MB, tmp 7.7G
--- heartbeat 2026-09-20 17:33:10: pid 452 alive, elapsed 3-22:00:03, cpu 783 %, rss 6172 MB, tmp 5.3G
--- heartbeat 2026-09-20 18:33:11: pid 452 alive, elapsed 3-23:00:03, cpu 783 %, rss 5384 MB, tmp 7.7G
[18:43:44] mode 12 q=+1.00: s_min occ 0.9902 vir 0.3848; pre-Löwdin off-diag occ 1.06e-02 vir 9.96e-01; A−B — A−C — µE_h (LNO-MP2 piece A−C —); PM fresh 11.2559 transported 11.2549; match 1.000; 46027 s

WARN: Input vhf is not found. Building vhf from SCF MO.

=== detached start Sun Sep 20 19:34:32 CEST 2026: python m1_frozen_spaces.py --molecule naphthalene --basis cc-pvtz --thresh tight --npts 5 --modes 12,22,31 --arms A --basis-terms none --threads 8 --max-memory 8000 --tag _m3 --resume
[19:34:33] M1: naphthalene cc-pvtz, thresholds [1e-06, 1e-07], frozen core 10, modes [12, 22, 31] (785 cm⁻¹ CH-oop, 1045 cm⁻¹ CH-ip-bend, 1410 cm⁻¹ CC-stretch), 5 points, 8 threads, max_memory 8000 MB
[19:34:43] resumed 2026-09-20 19:34: reference spaces reloaded from `frozen_spaces_reference.npz`, 5 finished points kept from the interrupted run
[19:34:43] reference: reloaded 10 s; 24 fragments; sizes [(24, 220), (22, 190), (24, 220), (22, 190), (23, 192)]…; frozen-space hash a4fdb8fed0989c11
[19:34:44] checkpoint ref_A: 24 fragment(s) restored, the rest is solved now

WARN: Input vhf is not found. Building vhf from SCF MO.

[19:34:44] reload test: E_A(0) from the reloaded spaces − E_A(0) of the interrupted run = +0.0000 µE_h
[19:34:44] stage 0 round trip: E_A(0) − E_C(0) = 0.0002 µE_h (target |·| ≤ 1e-3 µE_h = 1e-9 E_h); arm A 1 s
[19:34:56] checkpoint m22_q-1.0000_A: 1 fragment(s) restored, the rest is solved now

WARN: Input vhf is not found. Building vhf from SCF MO.

--- heartbeat 2026-09-20 20:34:32: pid 441 alive, elapsed 01:00:00, cpu 782 %, rss 3616 MB, tmp 9.4G
--- heartbeat 2026-09-20 21:34:32: pid 441 alive, elapsed 02:00:00, cpu 792 %, rss 3637 MB, tmp 8.4G
--- heartbeat 2026-09-20 22:34:32: pid 441 alive, elapsed 03:00:00, cpu 789 %, rss 3281 MB, tmp 7.8G
--- heartbeat 2026-09-20 23:34:32: pid 441 alive, elapsed 04:00:00, cpu 781 %, rss 5080 MB, tmp 12G
--- heartbeat 2026-09-21 00:34:33: pid 441 alive, elapsed 05:00:00, cpu 784 %, rss 5381 MB, tmp 16G
--- heartbeat 2026-09-21 01:34:33: pid 441 alive, elapsed 06:00:00, cpu 790 %, rss 3880 MB, tmp 7.2G
--- heartbeat 2026-09-21 02:34:33: pid 441 alive, elapsed 07:00:00, cpu 787 %, rss 5300 MB, tmp 13G
--- heartbeat 2026-09-21 03:34:33: pid 441 alive, elapsed 08:00:00, cpu 790 %, rss 4215 MB, tmp 6.9G
--- heartbeat 2026-09-21 04:34:33: pid 441 alive, elapsed 09:00:00, cpu 787 %, rss 5291 MB, tmp 13G
--- heartbeat 2026-09-21 05:34:33: pid 441 alive, elapsed 10:00:00, cpu 787 %, rss 5115 MB, tmp 13G
--- heartbeat 2026-09-21 06:34:33: pid 441 alive, elapsed 11:00:00, cpu 787 %, rss 4276 MB, tmp 13G
[07:19:21] mode 22 q=-1.00: s_min occ 0.9934 vir 0.6278; pre-Löwdin off-diag occ 7.18e-03 vir 2.38e-01; A−B — A−C — µE_h (LNO-MP2 piece A−C —); PM fresh 11.2554 transported 11.2551; match 1.000; 42277 s

WARN: Input vhf is not found. Building vhf from SCF MO.

--- heartbeat 2026-09-21 07:34:33: pid 441 alive, elapsed 12:00:00, cpu 788 %, rss 4568 MB, tmp 8.7G
--- heartbeat 2026-09-21 08:34:33: pid 441 alive, elapsed 13:00:00, cpu 789 %, rss 5384 MB, tmp 8.4G
--- heartbeat 2026-09-21 09:34:33: pid 441 alive, elapsed 14:00:00, cpu 788 %, rss 4936 MB, tmp 9.7G
--- heartbeat 2026-09-21 10:34:33: pid 441 alive, elapsed 15:00:00, cpu 787 %, rss 4736 MB, tmp 9.0G
--- heartbeat 2026-09-21 11:34:33: pid 441 alive, elapsed 16:00:00, cpu 786 %, rss 6301 MB, tmp 13G
--- heartbeat 2026-09-21 12:34:33: pid 441 alive, elapsed 17:00:00, cpu 787 %, rss 5831 MB, tmp 16G
--- heartbeat 2026-09-21 13:34:33: pid 441 alive, elapsed 18:00:00, cpu 788 %, rss 4359 MB, tmp 7.8G
--- heartbeat 2026-09-21 14:34:33: pid 441 alive, elapsed 19:00:00, cpu 788 %, rss 5723 MB, tmp 13G
--- heartbeat 2026-09-21 15:34:33: pid 441 alive, elapsed 20:00:00, cpu 788 %, rss 4359 MB, tmp 7.8G
--- heartbeat 2026-09-21 16:34:33: pid 441 alive, elapsed 21:00:00, cpu 788 %, rss 5723 MB, tmp 13G
--- heartbeat 2026-09-21 17:34:33: pid 441 alive, elapsed 22:00:00, cpu 788 %, rss 5579 MB, tmp 13G
--- heartbeat 2026-09-21 18:34:33: pid 441 alive, elapsed 23:00:00, cpu 788 %, rss 5719 MB, tmp 13G
[19:13:42] mode 22 q=-0.50: s_min occ 0.9967 vir 0.7881; pre-Löwdin off-diag occ 3.52e-03 vir 1.19e-01; A−B — A−C — µE_h (LNO-MP2 piece A−C —); PM fresh 11.2559 transported 11.2558; match 1.000; 42861 s
[19:13:42] mode 22 q=+0.00: same geometry as mode 12 q=0 -- energies copied, not recomputed

WARN: Input vhf is not found. Building vhf from SCF MO.

--- heartbeat 2026-09-21 19:34:33: pid 441 alive, elapsed 1-00:00:00, cpu 789 %, rss 5285 MB, tmp 8.7G
--- heartbeat 2026-09-21 20:34:33: pid 441 alive, elapsed 1-01:00:00, cpu 788 %, rss 4824 MB, tmp 9.4G
--- heartbeat 2026-09-21 21:34:33: pid 441 alive, elapsed 1-02:00:00, cpu 788 %, rss 4956 MB, tmp 9.7G
--- heartbeat 2026-09-21 22:34:33: pid 441 alive, elapsed 1-03:00:00, cpu 788 %, rss 4758 MB, tmp 9.0G
--- heartbeat 2026-09-21 23:34:33: pid 441 alive, elapsed 1-04:00:00, cpu 787 %, rss 6342 MB, tmp 13G
--- heartbeat 2026-09-22 00:34:33: pid 441 alive, elapsed 1-05:00:00, cpu 788 %, rss 5842 MB, tmp 16G
--- heartbeat 2026-09-22 01:34:33: pid 441 alive, elapsed 1-06:00:00, cpu 788 %, rss 4398 MB, tmp 7.8G
--- heartbeat 2026-09-22 02:34:33: pid 441 alive, elapsed 1-07:00:00, cpu 788 %, rss 5721 MB, tmp 13G
--- heartbeat 2026-09-22 03:34:33: pid 441 alive, elapsed 1-08:00:00, cpu 789 %, rss 4400 MB, tmp 7.8G
--- heartbeat 2026-09-22 04:34:33: pid 441 alive, elapsed 1-09:00:00, cpu 788 %, rss 5720 MB, tmp 13G
--- heartbeat 2026-09-22 05:34:33: pid 441 alive, elapsed 1-10:00:00, cpu 788 %, rss 5697 MB, tmp 13G
--- heartbeat 2026-09-22 06:34:33: pid 441 alive, elapsed 1-11:00:00, cpu 788 %, rss 5712 MB, tmp 13G
[07:18:11] mode 22 q=+0.50: s_min occ 0.9967 vir 0.7884; pre-Löwdin off-diag occ 3.52e-03 vir 1.19e-01; A−B — A−C — µE_h (LNO-MP2 piece A−C —); PM fresh 11.2559 transported 11.2558; match 1.000; 43469 s

WARN: Input vhf is not found. Building vhf from SCF MO.

--- heartbeat 2026-09-22 07:34:33: pid 441 alive, elapsed 1-12:00:00, cpu 789 %, rss 4609 MB, tmp 8.7G
--- heartbeat 2026-09-22 08:34:33: pid 441 alive, elapsed 1-13:00:00, cpu 789 %, rss 4857 MB, tmp 8.2G
--- heartbeat 2026-09-22 09:34:33: pid 441 alive, elapsed 1-14:00:00, cpu 789 %, rss 4936 MB, tmp 9.7G
--- heartbeat 2026-09-22 10:34:33: pid 441 alive, elapsed 1-15:00:00, cpu 788 %, rss 4743 MB, tmp 9.0G
--- heartbeat 2026-09-22 11:34:33: pid 441 alive, elapsed 1-16:00:01, cpu 788 %, rss 5394 MB, tmp 12G
--- heartbeat 2026-09-22 12:34:33: pid 441 alive, elapsed 1-17:00:01, cpu 788 %, rss 5830 MB, tmp 16G
--- heartbeat 2026-09-22 13:34:33: pid 441 alive, elapsed 1-18:00:01, cpu 789 %, rss 4354 MB, tmp 7.8G
--- heartbeat 2026-09-22 14:34:33: pid 441 alive, elapsed 1-19:00:01, cpu 789 %, rss 5720 MB, tmp 13G
--- heartbeat 2026-09-22 15:34:33: pid 441 alive, elapsed 1-20:00:01, cpu 789 %, rss 4402 MB, tmp 7.8G
--- heartbeat 2026-09-22 16:34:33: pid 441 alive, elapsed 1-21:00:01, cpu 789 %, rss 5726 MB, tmp 13G
--- heartbeat 2026-09-22 17:34:33: pid 441 alive, elapsed 1-22:00:01, cpu 789 %, rss 5709 MB, tmp 13G
--- heartbeat 2026-09-22 18:34:33: pid 441 alive, elapsed 1-23:00:01, cpu 789 %, rss 5542 MB, tmp 13G
[19:21:55] mode 22 q=+1.00: s_min occ 0.9934 vir 0.6282; pre-Löwdin off-diag occ 7.17e-03 vir 2.38e-01; A−B — A−C — µE_h (LNO-MP2 piece A−C —); PM fresh 11.2554 transported 11.2551; match 1.000; 43424 s

WARN: Input vhf is not found. Building vhf from SCF MO.

--- heartbeat 2026-09-22 19:34:34: pid 441 alive, elapsed 2-00:00:01, cpu 789 %, rss 5212 MB, tmp 8.3G
--- heartbeat 2026-09-22 20:34:34: pid 441 alive, elapsed 2-01:00:01, cpu 789 %, rss 5287 MB, tmp 8.7G
--- heartbeat 2026-09-22 21:34:34: pid 441 alive, elapsed 2-02:00:01, cpu 789 %, rss 5287 MB, tmp 8.7G
--- heartbeat 2026-09-22 22:34:34: pid 441 alive, elapsed 2-03:00:01, cpu 789 %, rss 5350 MB, tmp 9.4G
--- heartbeat 2026-09-22 23:34:34: pid 441 alive, elapsed 2-04:00:01, cpu 789 %, rss 6312 MB, tmp 10G
--- heartbeat 2026-09-23 00:34:34: pid 441 alive, elapsed 2-05:00:01, cpu 788 %, rss 5812 MB, tmp 16G
--- heartbeat 2026-09-23 01:34:34: pid 441 alive, elapsed 2-06:00:01, cpu 789 %, rss 4935 MB, tmp 9.7G
--- heartbeat 2026-09-23 02:34:34: pid 441 alive, elapsed 2-07:00:01, cpu 788 %, rss 5536 MB, tmp 13G
--- heartbeat 2026-09-23 03:34:34: pid 441 alive, elapsed 2-08:00:01, cpu 789 %, rss 5798 MB, tmp 7.7G
--- heartbeat 2026-09-23 04:34:34: pid 441 alive, elapsed 2-09:00:01, cpu 788 %, rss 6224 MB, tmp 11G
--- heartbeat 2026-09-23 05:34:34: pid 441 alive, elapsed 2-10:00:01, cpu 789 %, rss 6228 MB, tmp 10G
--- heartbeat 2026-09-23 06:34:34: pid 441 alive, elapsed 2-11:00:01, cpu 790 %, rss 6228 MB, tmp 8.3G
--- heartbeat 2026-09-23 07:34:34: pid 441 alive, elapsed 2-12:00:01, cpu 790 %, rss 6837 MB, tmp 13G
[07:54:47] mode 31 q=-1.00: s_min occ 0.9931 vir 0.5510; pre-Löwdin off-diag occ 4.11e-03 vir 3.86e-01; A−B — A−C — µE_h (LNO-MP2 piece A−C —); PM fresh 11.2513 transported 11.2501; match 1.000; 45172 s

WARN: Input vhf is not found. Building vhf from SCF MO.

--- heartbeat 2026-09-23 08:34:34: pid 441 alive, elapsed 2-13:00:01, cpu 789 %, rss 4812 MB, tmp 9.4G
--- heartbeat 2026-09-23 09:34:34: pid 441 alive, elapsed 2-14:00:01, cpu 789 %, rss 4934 MB, tmp 9.7G
--- heartbeat 2026-09-23 10:34:34: pid 441 alive, elapsed 2-15:00:01, cpu 789 %, rss 5967 MB, tmp 7.7G
--- heartbeat 2026-09-23 11:34:34: pid 441 alive, elapsed 2-16:00:01, cpu 790 %, rss 4372 MB, tmp 8.7G
--- heartbeat 2026-09-23 12:34:34: pid 441 alive, elapsed 2-17:00:01, cpu 789 %, rss 6317 MB, tmp 13G
--- heartbeat 2026-09-23 13:34:34: pid 441 alive, elapsed 2-18:00:01, cpu 789 %, rss 5780 MB, tmp 16G
--- heartbeat 2026-09-23 14:34:34: pid 441 alive, elapsed 2-19:00:01, cpu 790 %, rss 4351 MB, tmp 7.8G
--- heartbeat 2026-09-23 15:34:34: pid 441 alive, elapsed 2-20:00:01, cpu 790 %, rss 5570 MB, tmp 13G
--- heartbeat 2026-09-23 16:34:34: pid 441 alive, elapsed 2-21:00:01, cpu 790 %, rss 5281 MB, tmp 8.7G
--- heartbeat 2026-09-23 17:34:34: pid 441 alive, elapsed 2-22:00:01, cpu 790 %, rss 5713 MB, tmp 13G
--- heartbeat 2026-09-23 18:34:34: pid 441 alive, elapsed 2-23:00:01, cpu 790 %, rss 5535 MB, tmp 13G
--- heartbeat 2026-09-23 19:34:34: pid 441 alive, elapsed 3-00:00:01, cpu 790 %, rss 6240 MB, tmp 11G
--- heartbeat 2026-09-23 20:34:34: pid 441 alive, elapsed 3-01:00:02, cpu 790 %, rss 4351 MB, tmp 7.8G
[20:35:39] mode 31 q=-0.50: s_min occ 0.9966 vir 0.7318; pre-Löwdin off-diag occ 2.06e-03 vir 1.93e-01; A−B — A−C — µE_h (LNO-MP2 piece A−C —); PM fresh 11.2551 transported 11.2548; match 1.000; 45652 s
[20:35:39] mode 31 q=+0.00: same geometry as mode 12 q=0 -- energies copied, not recomputed

WARN: Input vhf is not found. Building vhf from SCF MO.

--- heartbeat 2026-09-23 21:34:34: pid 441 alive, elapsed 3-02:00:02, cpu 790 %, rss 4598 MB, tmp 8.7G
--- heartbeat 2026-09-23 22:34:34: pid 441 alive, elapsed 3-03:00:02, cpu 790 %, rss 4590 MB, tmp 8.7G
--- heartbeat 2026-09-23 23:34:34: pid 441 alive, elapsed 3-04:00:02, cpu 790 %, rss 5344 MB, tmp 9.4G
--- heartbeat 2026-09-24 00:34:34: pid 441 alive, elapsed 3-05:00:02, cpu 790 %, rss 6315 MB, tmp 10G
--- heartbeat 2026-09-24 01:34:34: pid 441 alive, elapsed 3-06:00:02, cpu 790 %, rss 5823 MB, tmp 16G
--- heartbeat 2026-09-24 02:34:34: pid 441 alive, elapsed 3-07:00:02, cpu 790 %, rss 4785 MB, tmp 7.8G
--- heartbeat 2026-09-24 03:34:35: pid 441 alive, elapsed 3-08:00:02, cpu 790 %, rss 5673 MB, tmp 13G
--- heartbeat 2026-09-24 04:34:35: pid 441 alive, elapsed 3-09:00:02, cpu 790 %, rss 5271 MB, tmp 8.7G
--- heartbeat 2026-09-24 05:34:35: pid 441 alive, elapsed 3-10:00:02, cpu 790 %, rss 5673 MB, tmp 13G
--- heartbeat 2026-09-24 06:34:35: pid 441 alive, elapsed 3-11:00:02, cpu 790 %, rss 5496 MB, tmp 13G
--- heartbeat 2026-09-24 07:34:35: pid 441 alive, elapsed 3-12:00:02, cpu 790 %, rss 6226 MB, tmp 10G
--- heartbeat 2026-09-24 08:34:35: pid 441 alive, elapsed 3-13:00:02, cpu 791 %, rss 4379 MB, tmp 7.8G
[08:40:04] mode 31 q=+0.50: s_min occ 0.9966 vir 0.7322; pre-Löwdin off-diag occ 2.06e-03 vir 1.93e-01; A−B — A−C — µE_h (LNO-MP2 piece A−C —); PM fresh 11.2540 transported 11.2537; match 1.000; 43465 s

WARN: Input vhf is not found. Building vhf from SCF MO.

--- heartbeat 2026-09-24 09:34:35: pid 441 alive, elapsed 3-14:00:02, cpu 790 %, rss 4828 MB, tmp 8.3G
--- heartbeat 2026-09-24 10:34:35: pid 441 alive, elapsed 3-15:00:02, cpu 790 %, rss 5197 MB, tmp 8.3G
--- heartbeat 2026-09-24 11:34:35: pid 441 alive, elapsed 3-16:00:02, cpu 790 %, rss 5297 MB, tmp 9.4G
--- heartbeat 2026-09-24 12:34:35: pid 441 alive, elapsed 3-17:00:02, cpu 790 %, rss 6160 MB, tmp 9.3G
--- heartbeat 2026-09-24 13:34:35: pid 441 alive, elapsed 3-18:00:02, cpu 790 %, rss 5647 MB, tmp 16G
--- heartbeat 2026-09-24 14:34:35: pid 441 alive, elapsed 3-19:00:02, cpu 790 %, rss 4778 MB, tmp 8.4G
--- heartbeat 2026-09-24 15:34:35: pid 441 alive, elapsed 3-20:00:02, cpu 790 %, rss 6208 MB, tmp 11G
--- heartbeat 2026-09-24 16:34:35: pid 441 alive, elapsed 3-21:00:02, cpu 790 %, rss 4723 MB, tmp 9.0G
--- heartbeat 2026-09-24 17:34:35: pid 441 alive, elapsed 3-22:00:02, cpu 790 %, rss 6208 MB, tmp 10G
--- heartbeat 2026-09-24 18:34:35: pid 441 alive, elapsed 3-23:00:02, cpu 790 %, rss 4690 MB, tmp 8.1G
--- heartbeat 2026-09-24 19:34:35: pid 441 alive, elapsed 4-00:00:02, cpu 790 %, rss 5440 MB, tmp 13G
--- heartbeat 2026-09-24 20:34:35: pid 441 alive, elapsed 4-01:00:02, cpu 790 %, rss 5543 MB, tmp 13G
[21:02:58] mode 31 q=+1.00: s_min occ 0.9932 vir 0.5515; pre-Löwdin off-diag occ 4.13e-03 vir 3.87e-01; A−B — A−C — µE_h (LNO-MP2 piece A−C —); PM fresh 11.2492 transported 11.248; match 1.000; 44574 s

# Probe M1 — frozen spaces — naphthalene cc-pvtz, LNO thresholds [1e-06, 1e-07], arms A, 2026-09-24 21:02, Asus18 (WSL), 8 threads

- reference: 24 fragments (one per PM LMO); frozen-space hash `a4fdb8fed0989c11…`; arm C at the reference 10 s
- **stage 0 round trip** E_A(0) − E_C(0) = 0.0002 µE_h (the object reloads; target ≤ 1e-3 µE_h)
- raw energies sealed: `m1_sealed_energies.json`, sha256 `4dc086e7942a9682…` — not printed
- resumed 2026-09-20 19:34: reference spaces reloaded from `frozen_spaces_reference.npz`, 5 finished points kept from the interrupted run; reload test +0.0000 µE_h

| mode | family | ω (cm⁻¹) | q | s_min occ | off-diag occ | s_min vir | off-diag vir | PM fresh | PM transported | match | A−B (µE_h) | A−C (µE_h) | B−C (µE_h) | s |
|---|---|---|---|---|---|---|---|---|---|---|---|---|---|---|
| 12 | CH-oop | 785 | -1.00 | 0.9901 | 1.1e-02 | 0.3842 | 9.9e-01 | 11.256 | 11.255 | 1.000 | — | — | — | 43888 |
| 12 | CH-oop | 785 | -0.50 | 0.9951 | 5.3e-03 | 0.5688 | 3.3e-01 | 11.256 | 11.256 | 1.000 | — | — | — | 44249 |
| 12 | CH-oop | 785 | +0.00 | 1.0000 | 9.7e-14 | 1.0000 | 6.8e-12 | 11.256 | 11.256 | 1.000 | — | — | — | 44702 |
| 12 | CH-oop | 785 | +0.50 | 0.9952 | 5.3e-03 | 0.5692 | 3.3e-01 | 11.256 | 11.256 | 1.000 | — | — | — | 45236 |
| 12 | CH-oop | 785 | +1.00 | 0.9902 | 1.1e-02 | 0.3848 | 1.0e+00 | 11.256 | 11.255 | 1.000 | — | — | — | 46027 |
| 22 | CH-ip-bend | 1045 | -1.00 | 0.9934 | 7.2e-03 | 0.6278 | 2.4e-01 | 11.255 | 11.255 | 1.000 | — | — | — | 42277 |
| 22 | CH-ip-bend | 1045 | -0.50 | 0.9967 | 3.5e-03 | 0.7881 | 1.2e-01 | 11.256 | 11.256 | 1.000 | — | — | — | 42861 |
| 22 | CH-ip-bend | 1045 | +0.00 | 1.0000 | 9.7e-14 | 1.0000 | 6.8e-12 | 11.256 | 11.256 | 1.000 | — | — | — | 0 |
| 22 | CH-ip-bend | 1045 | +0.50 | 0.9967 | 3.5e-03 | 0.7884 | 1.2e-01 | 11.256 | 11.256 | 1.000 | — | — | — | 43469 |
| 22 | CH-ip-bend | 1045 | +1.00 | 0.9934 | 7.2e-03 | 0.6282 | 2.4e-01 | 11.255 | 11.255 | 1.000 | — | — | — | 43424 |
| 31 | CC-stretch | 1410 | -1.00 | 0.9931 | 4.1e-03 | 0.5510 | 3.9e-01 | 11.251 | 11.250 | 1.000 | — | — | — | 45172 |
| 31 | CC-stretch | 1410 | -0.50 | 0.9966 | 2.1e-03 | 0.7318 | 1.9e-01 | 11.255 | 11.255 | 1.000 | — | — | — | 45652 |
| 31 | CC-stretch | 1410 | +0.00 | 1.0000 | 9.7e-14 | 1.0000 | 6.8e-12 | 11.256 | 11.256 | 1.000 | — | — | — | 0 |
| 31 | CC-stretch | 1410 | +0.50 | 0.9966 | 2.1e-03 | 0.7322 | 1.9e-01 | 11.254 | 11.254 | 1.000 | — | — | — | 43465 |
| 31 | CC-stretch | 1410 | +1.00 | 0.9932 | 4.1e-03 | 0.5515 | 3.9e-01 | 11.249 | 11.248 | 1.000 | — | — | — | 44574 |


No verdict is printed (the τ it would be judged against does not exist yet). Printed by probes/m1_frozen_spaces.py.
=== detached start Thu Sep 24 21:24:26 CEST 2026: python m1_frozen_spaces.py --molecule naphthalene --basis cc-pvtz --thresh tight --npts 9 --modes 12 --arms A --basis-terms none --threads 8 --max-memory 8000 --tag _m3 --resume
[21:24:27] M1: naphthalene cc-pvtz, thresholds [1e-06, 1e-07], frozen core 10, modes [12] (785 cm⁻¹ CH-oop), 9 points, 8 threads, max_memory 8000 MB
[21:24:35] resumed 2026-09-24 21:24: reference spaces reloaded from `frozen_spaces_reference.npz`, 15 finished points kept from the interrupted run
[21:24:35] reference: reloaded 8 s; 24 fragments; sizes [(24, 220), (22, 190), (24, 220), (22, 190), (23, 192)]…; frozen-space hash a4fdb8fed0989c11
[21:24:36] checkpoint ref_A: 24 fragment(s) restored, the rest is solved now

WARN: Input vhf is not found. Building vhf from SCF MO.

[21:24:36] reload test: E_A(0) from the reloaded spaces − E_A(0) of the interrupted run = +0.0000 µE_h
[21:24:36] stage 0 round trip: E_A(0) − E_C(0) = 0.0002 µE_h (target |·| ≤ 1e-3 µE_h = 1e-9 E_h); arm A 1 s

WARN: Input vhf is not found. Building vhf from SCF MO.

--- heartbeat 2026-09-24 21:34:35: pid 441 has exited
--- heartbeat 2026-09-24 22:24:26: pid 130898 alive, elapsed 01:00:00, cpu 767 %, rss 2998 MB, tmp 8.7G
--- heartbeat 2026-09-24 23:24:26: pid 130898 alive, elapsed 02:00:00, cpu 777 %, rss 3167 MB, tmp 7.9G
--- heartbeat 2026-09-25 00:24:26: pid 130898 alive, elapsed 03:00:00, cpu 789 %, rss 4723 MB, tmp 9.4G
--- heartbeat 2026-09-25 01:24:26: pid 130898 alive, elapsed 04:00:00, cpu 786 %, rss 5717 MB, tmp 9.3G
--- heartbeat 2026-09-25 02:24:26: pid 130898 alive, elapsed 05:00:00, cpu 779 %, rss 4607 MB, tmp 16G
--- heartbeat 2026-09-25 03:24:26: pid 130898 alive, elapsed 06:00:00, cpu 790 %, rss 4181 MB, tmp 9.7G
--- heartbeat 2026-09-25 04:24:26: pid 130898 alive, elapsed 07:00:00, cpu 783 %, rss 4366 MB, tmp 13G
--- heartbeat 2026-09-25 05:24:26: pid 130898 alive, elapsed 08:00:00, cpu 789 %, rss 5021 MB, tmp 7.9G
--- heartbeat 2026-09-25 06:24:26: pid 130898 alive, elapsed 09:00:00, cpu 786 %, rss 4427 MB, tmp 13G
--- heartbeat 2026-09-25 07:24:26: pid 130898 alive, elapsed 10:00:00, cpu 791 %, rss 5872 MB, tmp 9.9G
--- heartbeat 2026-09-25 08:24:26: pid 130898 alive, elapsed 11:00:00, cpu 794 %, rss 5902 MB, tmp 8.3G
--- heartbeat 2026-09-25 09:24:26: pid 130898 alive, elapsed 12:00:00, cpu 795 %, rss 5764 MB, tmp 13G
[09:47:46] mode 12 q=-0.75: s_min occ 0.9926 vir 0.4575; pre-Löwdin off-diag occ 7.94e-03 vir 5.58e-01; A−B — A−C — µE_h (LNO-MP2 piece A−C —); PM fresh 11.2559 transported 11.2553; match 1.000; 44590 s

WARN: Input vhf is not found. Building vhf from SCF MO.

--- heartbeat 2026-09-25 10:24:26: pid 130898 alive, elapsed 13:00:00, cpu 795 %, rss 4694 MB, tmp 8.2G
--- heartbeat 2026-09-25 11:24:26: pid 130898 alive, elapsed 14:00:00, cpu 794 %, rss 4455 MB, tmp 8.4G
--- heartbeat 2026-09-25 12:24:26: pid 130898 alive, elapsed 15:00:00, cpu 795 %, rss 4928 MB, tmp 9.7G
--- heartbeat 2026-09-25 13:24:26: pid 130898 alive, elapsed 16:00:00, cpu 794 %, rss 4727 MB, tmp 9.0G
--- heartbeat 2026-09-25 14:24:26: pid 130898 alive, elapsed 17:00:00, cpu 793 %, rss 5397 MB, tmp 13G
--- heartbeat 2026-09-25 15:24:26: pid 130898 alive, elapsed 18:00:00, cpu 793 %, rss 5677 MB, tmp 16G
--- heartbeat 2026-09-25 16:24:26: pid 130898 alive, elapsed 19:00:00, cpu 796 %, rss 5046 MB, tmp 8.1G
--- heartbeat 2026-09-25 17:24:26: pid 130898 alive, elapsed 20:00:00, cpu 793 %, rss 5727 MB, tmp 13G
--- heartbeat 2026-09-25 18:24:26: pid 130898 alive, elapsed 21:00:00, cpu 795 %, rss 5813 MB, tmp 7.9G
--- heartbeat 2026-09-25 19:24:26: pid 130898 alive, elapsed 22:00:00, cpu 793 %, rss 6247 MB, tmp 11G
--- heartbeat 2026-09-25 20:24:26: pid 130898 alive, elapsed 23:00:00, cpu 795 %, rss 4908 MB, tmp 10G
--- heartbeat 2026-09-25 21:24:26: pid 130898 alive, elapsed 1-00:00:00, cpu 796 %, rss 5436 MB, tmp 13G
--- heartbeat 2026-09-25 22:24:26: pid 130898 alive, elapsed 1-01:00:00, cpu 795 %, rss 5569 MB, tmp 13G
[22:53:14] mode 12 q=-0.25: s_min occ 0.9976 vir 0.7408; pre-Löwdin off-diag occ 2.65e-03 vir 1.67e-01; A−B — A−C — µE_h (LNO-MP2 piece A−C —); PM fresh 11.2560 transported 11.2559; match 1.000; 47128 s

WARN: Input vhf is not found. Building vhf from SCF MO.

--- heartbeat 2026-09-25 23:24:27: pid 130898 alive, elapsed 1-02:00:00, cpu 796 %, rss 5306 MB, tmp 8.7G
--- heartbeat 2026-09-26 00:24:27: pid 130898 alive, elapsed 1-03:00:00, cpu 795 %, rss 4838 MB, tmp 9.4G
--- heartbeat 2026-09-26 01:24:27: pid 130898 alive, elapsed 1-04:00:00, cpu 795 %, rss 4970 MB, tmp 9.7G
--- heartbeat 2026-09-26 02:24:27: pid 130898 alive, elapsed 1-05:00:00, cpu 794 %, rss 4764 MB, tmp 9.0G
--- heartbeat 2026-09-26 03:24:27: pid 130898 alive, elapsed 1-06:00:00, cpu 794 %, rss 5748 MB, tmp 13G
--- heartbeat 2026-09-26 04:24:27: pid 130898 alive, elapsed 1-07:00:00, cpu 794 %, rss 5687 MB, tmp 16G
--- heartbeat 2026-09-26 05:24:27: pid 130898 alive, elapsed 1-08:00:00, cpu 795 %, rss 4767 MB, tmp 9.0G
--- heartbeat 2026-09-26 06:24:27: pid 130898 alive, elapsed 1-09:00:01, cpu 794 %, rss 5734 MB, tmp 13G
--- heartbeat 2026-09-26 07:24:27: pid 130898 alive, elapsed 1-10:00:01, cpu 795 %, rss 5848 MB, tmp 7.9G
--- heartbeat 2026-09-26 08:24:27: pid 130898 alive, elapsed 1-11:00:01, cpu 794 %, rss 6193 MB, tmp 11G
--- heartbeat 2026-09-26 09:24:27: pid 130898 alive, elapsed 1-12:00:01, cpu 795 %, rss 6749 MB, tmp 8.9G
--- heartbeat 2026-09-26 10:24:27: pid 130898 alive, elapsed 1-13:00:01, cpu 796 %, rss 5744 MB, tmp 13G
--- heartbeat 2026-09-26 11:24:27: pid 130898 alive, elapsed 1-14:00:01, cpu 795 %, rss 5737 MB, tmp 13G
[12:13:01] mode 12 q=+0.25: s_min occ 0.9976 vir 0.7411; pre-Löwdin off-diag occ 2.65e-03 vir 1.67e-01; A−B — A−C — µE_h (LNO-MP2 piece A−C —); PM fresh 11.2560 transported 11.256; match 1.000; 47987 s

WARN: Input vhf is not found. Building vhf from SCF MO.

--- heartbeat 2026-09-26 12:24:27: pid 130898 alive, elapsed 1-15:00:01, cpu 796 %, rss 5039 MB, tmp 8.3G
--- heartbeat 2026-09-26 13:24:27: pid 130898 alive, elapsed 1-16:00:01, cpu 796 %, rss 4454 MB, tmp 8.7G
--- heartbeat 2026-09-26 14:24:27: pid 130898 alive, elapsed 1-17:00:01, cpu 796 %, rss 3771 MB, tmp 6.2G
--- heartbeat 2026-09-26 15:24:27: pid 130898 alive, elapsed 1-18:00:01, cpu 796 %, rss 4969 MB, tmp 9.7G
--- heartbeat 2026-09-26 16:24:27: pid 130898 alive, elapsed 1-19:00:01, cpu 796 %, rss 4407 MB, tmp 7.8G
--- heartbeat 2026-09-26 17:24:27: pid 130898 alive, elapsed 1-20:00:01, cpu 796 %, rss 6883 MB, tmp 9.6G
--- heartbeat 2026-09-26 18:24:27: pid 130898 alive, elapsed 1-21:00:01, cpu 795 %, rss 5840 MB, tmp 16G
--- heartbeat 2026-09-26 19:24:27: pid 130898 alive, elapsed 1-22:00:01, cpu 796 %, rss 6430 MB, tmp 8.4G
--- heartbeat 2026-09-26 20:24:27: pid 130898 alive, elapsed 1-23:00:01, cpu 795 %, rss 6230 MB, tmp 11G
--- heartbeat 2026-09-26 21:24:27: pid 130898 alive, elapsed 2-00:00:01, cpu 796 %, rss 4772 MB, tmp 9.0G
--- heartbeat 2026-09-26 22:24:27: pid 130898 alive, elapsed 2-01:00:01, cpu 795 %, rss 6740 MB, tmp 9.9G
--- heartbeat 2026-09-26 23:24:27: pid 130898 alive, elapsed 2-02:00:01, cpu 796 %, rss 6195 MB, tmp 8.3G
--- heartbeat 2026-09-27 00:24:27: pid 130898 alive, elapsed 2-03:00:01, cpu 796 %, rss 6866 MB, tmp 13G
--- heartbeat 2026-09-27 01:24:27: pid 130898 alive, elapsed 2-04:00:01, cpu 795 %, rss 5579 MB, tmp 13G
[01:51:41] mode 12 q=+0.75: s_min occ 0.9927 vir 0.4581; pre-Löwdin off-diag occ 7.94e-03 vir 5.61e-01; A−B — A−C — µE_h (LNO-MP2 piece A−C —); PM fresh 11.2560 transported 11.2554; match 1.000; 49120 s

# Probe M1 — frozen spaces — naphthalene cc-pvtz, LNO thresholds [1e-06, 1e-07], arms A, 2026-09-27 01:51, Asus18 (WSL), 8 threads

- reference: 24 fragments (one per PM LMO); frozen-space hash `a4fdb8fed0989c11…`; arm C at the reference 8 s
- **stage 0 round trip** E_A(0) − E_C(0) = 0.0002 µE_h (the object reloads; target ≤ 1e-3 µE_h)
- raw energies sealed: `m1_sealed_energies.json`, sha256 `35c7884eaa3fc5d5…` — not printed
- resumed 2026-09-24 21:24: reference spaces reloaded from `frozen_spaces_reference.npz`, 15 finished points kept from the interrupted run; reload test +0.0000 µE_h

| mode | family | ω (cm⁻¹) | q | s_min occ | off-diag occ | s_min vir | off-diag vir | PM fresh | PM transported | match | A−B (µE_h) | A−C (µE_h) | B−C (µE_h) | s |
|---|---|---|---|---|---|---|---|---|---|---|---|---|---|---|
| 12 | CH-oop | 785 | -1.00 | 0.9901 | 1.1e-02 | 0.3842 | 9.9e-01 | 11.256 | 11.255 | 1.000 | — | — | — | 43888 |
| 12 | CH-oop | 785 | -0.50 | 0.9951 | 5.3e-03 | 0.5688 | 3.3e-01 | 11.256 | 11.256 | 1.000 | — | — | — | 44249 |
| 12 | CH-oop | 785 | +0.00 | 1.0000 | 9.7e-14 | 1.0000 | 6.8e-12 | 11.256 | 11.256 | 1.000 | — | — | — | 44702 |
| 12 | CH-oop | 785 | +0.50 | 0.9952 | 5.3e-03 | 0.5692 | 3.3e-01 | 11.256 | 11.256 | 1.000 | — | — | — | 45236 |
| 12 | CH-oop | 785 | +1.00 | 0.9902 | 1.1e-02 | 0.3848 | 1.0e+00 | 11.256 | 11.255 | 1.000 | — | — | — | 46027 |
| 22 | CH-ip-bend | 1045 | -1.00 | 0.9934 | 7.2e-03 | 0.6278 | 2.4e-01 | 11.255 | 11.255 | 1.000 | — | — | — | 42277 |
| 22 | CH-ip-bend | 1045 | -0.50 | 0.9967 | 3.5e-03 | 0.7881 | 1.2e-01 | 11.256 | 11.256 | 1.000 | — | — | — | 42861 |
| 22 | CH-ip-bend | 1045 | +0.00 | 1.0000 | 9.7e-14 | 1.0000 | 6.8e-12 | 11.256 | 11.256 | 1.000 | — | — | — | 0 |
| 22 | CH-ip-bend | 1045 | +0.50 | 0.9967 | 3.5e-03 | 0.7884 | 1.2e-01 | 11.256 | 11.256 | 1.000 | — | — | — | 43469 |
| 22 | CH-ip-bend | 1045 | +1.00 | 0.9934 | 7.2e-03 | 0.6282 | 2.4e-01 | 11.255 | 11.255 | 1.000 | — | — | — | 43424 |
| 31 | CC-stretch | 1410 | -1.00 | 0.9931 | 4.1e-03 | 0.5510 | 3.9e-01 | 11.251 | 11.250 | 1.000 | — | — | — | 45172 |
| 31 | CC-stretch | 1410 | -0.50 | 0.9966 | 2.1e-03 | 0.7318 | 1.9e-01 | 11.255 | 11.255 | 1.000 | — | — | — | 45652 |
| 31 | CC-stretch | 1410 | +0.00 | 1.0000 | 9.7e-14 | 1.0000 | 6.8e-12 | 11.256 | 11.256 | 1.000 | — | — | — | 0 |
| 31 | CC-stretch | 1410 | +0.50 | 0.9966 | 2.1e-03 | 0.7322 | 1.9e-01 | 11.254 | 11.254 | 1.000 | — | — | — | 43465 |
| 31 | CC-stretch | 1410 | +1.00 | 0.9932 | 4.1e-03 | 0.5515 | 3.9e-01 | 11.249 | 11.248 | 1.000 | — | — | — | 44574 |
| 12 | CH-oop | 785 | -0.75 | 0.9926 | 7.9e-03 | 0.4575 | 5.6e-01 | 11.256 | 11.255 | 1.000 | — | — | — | 44590 |
| 12 | CH-oop | 785 | -0.25 | 0.9976 | 2.6e-03 | 0.7408 | 1.7e-01 | 11.256 | 11.256 | 1.000 | — | — | — | 47128 |
| 12 | CH-oop | 785 | +0.25 | 0.9976 | 2.6e-03 | 0.7411 | 1.7e-01 | 11.256 | 11.256 | 1.000 | — | — | — | 47987 |
| 12 | CH-oop | 785 | +0.75 | 0.9927 | 7.9e-03 | 0.4581 | 5.6e-01 | 11.256 | 11.255 | 1.000 | — | — | — | 49120 |


No verdict is printed (the τ it would be judged against does not exist yet). Printed by probes/m1_frozen_spaces.py.
--- heartbeat 2026-09-27 02:24:27: pid 130898 has exited
