[2026-10-03 07:43:11] E8 FD Hessian: 12 atoms, cc-pvdz, frozen 6 (derived from the elements: 6), step 0.005 bohr, 72 displacements, 8 threads, max_memory 8000 MB, explicit (T) lambda, fast (T) density kernel, fast (T) lambda kernel
[2026-10-03 07:52:08] fast (T) lambda two-route check: max |kernel − pyscf| = 2.8e-17 (l2_t; limit 1e-10; 506 s)
cycle = 1  norm(lambda1,lambda2) = 0.0513589
cycle = 2  norm(lambda1,lambda2) = 0.0122558
cycle = 3  norm(lambda1,lambda2) = 0.00550101
cycle = 4  norm(lambda1,lambda2) = 0.00252553
cycle = 5  norm(lambda1,lambda2) = 0.000358578
cycle = 6  norm(lambda1,lambda2) = 0.000124921
cycle = 7  norm(lambda1,lambda2) = 2.65145e-05
cycle = 8  norm(lambda1,lambda2) = 8.33361e-06
cycle = 9  norm(lambda1,lambda2) = 2.76526e-06
cycle = 10  norm(lambda1,lambda2) = 5.89902e-07
cycle = 11  norm(lambda1,lambda2) = 1.80649e-07
cycle = 12  norm(lambda1,lambda2) = 6.15492e-08
cycle = 13  norm(lambda1,lambda2) = 3.5299e-08
cycle = 14  norm(lambda1,lambda2) = 1.58748e-08
cycle = 15  norm(lambda1,lambda2) = 1.17911e-08
cycle = 16  norm(lambda1,lambda2) = 1.00882e-08
cycle = 17  norm(lambda1,lambda2) = 8.62513e-09
[2026-10-03 08:33:21] fast (T) density two-route check: max |kernel − pyscf| = 2.8e-17 (doo[for_grad=True]; limit 1e-10; 2450 s)
[2026-10-03 08:33:40] (T) lambda 2473 s, gradient 19 s
[2026-10-03 08:33:40] reference: E = -231.581302636, max|grad| 7.67e-03, 3030 s
[2026-10-03 08:33:40] symmetry: 24 operations, orbits [[0, 1, 2, 3, 4, 5], [6, 7, 8, 9, 10, 11]], 6 displacements (12 gradients) instead of 72
cycle = 1  norm(lambda1,lambda2) = 0.0513185
cycle = 2  norm(lambda1,lambda2) = 0.0122523
cycle = 3  norm(lambda1,lambda2) = 0.00549712
cycle = 4  norm(lambda1,lambda2) = 0.00252408
cycle = 5  norm(lambda1,lambda2) = 0.000357957
cycle = 6  norm(lambda1,lambda2) = 0.000124624
cycle = 7  norm(lambda1,lambda2) = 2.64754e-05
cycle = 8  norm(lambda1,lambda2) = 8.34805e-06
cycle = 9  norm(lambda1,lambda2) = 2.77738e-06
cycle = 10  norm(lambda1,lambda2) = 6.26299e-07
cycle = 11  norm(lambda1,lambda2) = 2.19024e-07
cycle = 12  norm(lambda1,lambda2) = 1.00766e-07
cycle = 13  norm(lambda1,lambda2) = 7.08408e-08
cycle = 14  norm(lambda1,lambda2) = 4.45201e-08
cycle = 15  norm(lambda1,lambda2) = 3.65073e-08
cycle = 16  norm(lambda1,lambda2) = 3.23415e-08
cycle = 17  norm(lambda1,lambda2) = 2.77517e-08
cycle = 18  norm(lambda1,lambda2) = 3.31398e-08
cycle = 19  norm(lambda1,lambda2) = 2.70878e-08
cycle = 20  norm(lambda1,lambda2) = 2.28191e-08
cycle = 21  norm(lambda1,lambda2) = 2.04892e-08
cycle = 22  norm(lambda1,lambda2) = 1.87736e-08
cycle = 23  norm(lambda1,lambda2) = 1.7351e-08
cycle = 24  norm(lambda1,lambda2) = 1.62821e-08
cycle = 25  norm(lambda1,lambda2) = 1.43604e-08
cycle = 26  norm(lambda1,lambda2) = 1.28908e-08
cycle = 27  norm(lambda1,lambda2) = 1.17476e-08
cycle = 28  norm(lambda1,lambda2) = 1.0736e-08
cycle = 29  norm(lambda1,lambda2) = 9.80204e-09
[2026-10-03 08:37:19] (T) lambda 160 s, gradient 16 s
[2026-10-03 08:37:19] coordinate  0 p: E − E0 =    +36.32 µE_h, 218 s  (1/72 gradients)
cycle = 1  norm(lambda1,lambda2) = 0.0513968
cycle = 2  norm(lambda1,lambda2) = 0.0123093
cycle = 3  norm(lambda1,lambda2) = 0.00552626
cycle = 4  norm(lambda1,lambda2) = 0.00254229
cycle = 5  norm(lambda1,lambda2) = 0.00035939
cycle = 6  norm(lambda1,lambda2) = 0.000125113
cycle = 7  norm(lambda1,lambda2) = 2.65728e-05
cycle = 8  norm(lambda1,lambda2) = 8.37401e-06
cycle = 9  norm(lambda1,lambda2) = 2.78573e-06
cycle = 10  norm(lambda1,lambda2) = 6.27595e-07
cycle = 11  norm(lambda1,lambda2) = 2.19617e-07
cycle = 12  norm(lambda1,lambda2) = 1.01207e-07
cycle = 13  norm(lambda1,lambda2) = 5.09397e-08
cycle = 14  norm(lambda1,lambda2) = 3.77207e-08
cycle = 15  norm(lambda1,lambda2) = 3.04974e-08
cycle = 16  norm(lambda1,lambda2) = 2.67295e-08
cycle = 17  norm(lambda1,lambda2) = 2.34204e-08
cycle = 18  norm(lambda1,lambda2) = 2.86546e-08
cycle = 19  norm(lambda1,lambda2) = 2.23028e-08
cycle = 20  norm(lambda1,lambda2) = 1.92245e-08
cycle = 21  norm(lambda1,lambda2) = 1.72067e-08
cycle = 22  norm(lambda1,lambda2) = 1.57716e-08
cycle = 23  norm(lambda1,lambda2) = 1.46267e-08
cycle = 24  norm(lambda1,lambda2) = 1.37244e-08
cycle = 25  norm(lambda1,lambda2) = 1.20128e-08
cycle = 26  norm(lambda1,lambda2) = 1.08347e-08
cycle = 27  norm(lambda1,lambda2) = 9.86812e-09
[2026-10-03 08:41:09] (T) lambda 174 s, gradient 16 s
[2026-10-03 08:41:09] coordinate  0 m: E − E0 =    -17.32 µE_h, 231 s  (2/72 gradients)
[2026-10-03 08:41:09] pair check coordinate  0: max |mean(g+, g−) − g0| = 1.5e-05 a.u. (limit 1e-04)
cycle = 1  norm(lambda1,lambda2) = 0.0514339
cycle = 2  norm(lambda1,lambda2) = 0.0124179
cycle = 3  norm(lambda1,lambda2) = 0.00557199
cycle = 4  norm(lambda1,lambda2) = 0.00257494
cycle = 5  norm(lambda1,lambda2) = 0.000359923
cycle = 6  norm(lambda1,lambda2) = 0.000124826
cycle = 7  norm(lambda1,lambda2) = 2.6611e-05
cycle = 8  norm(lambda1,lambda2) = 8.43941e-06
cycle = 9  norm(lambda1,lambda2) = 2.83063e-06
cycle = 10  norm(lambda1,lambda2) = 7.23507e-07
cycle = 11  norm(lambda1,lambda2) = 3.0303e-07
cycle = 12  norm(lambda1,lambda2) = 1.61968e-07
cycle = 13  norm(lambda1,lambda2) = 7.82811e-08
cycle = 14  norm(lambda1,lambda2) = 5.07258e-08
cycle = 15  norm(lambda1,lambda2) = 3.55285e-08
cycle = 16  norm(lambda1,lambda2) = 2.83049e-08
cycle = 17  norm(lambda1,lambda2) = 2.45873e-08
cycle = 18  norm(lambda1,lambda2) = 1.64099e-08
cycle = 19  norm(lambda1,lambda2) = 2.48367e-08
cycle = 20  norm(lambda1,lambda2) = 1.90305e-08
cycle = 21  norm(lambda1,lambda2) = 1.56476e-08
cycle = 22  norm(lambda1,lambda2) = 1.36173e-08
cycle = 23  norm(lambda1,lambda2) = 1.22135e-08
cycle = 24  norm(lambda1,lambda2) = 1.10995e-08
cycle = 25  norm(lambda1,lambda2) = 1.0941e-08
cycle = 26  norm(lambda1,lambda2) = 9.38921e-09
[2026-10-03 08:44:47] (T) lambda 156 s, gradient 18 s
[2026-10-03 08:44:48] coordinate  1 p: E − E0 =     -4.41 µE_h, 218 s  (3/72 gradients)
cycle = 1  norm(lambda1,lambda2) = 0.0514002
cycle = 2  norm(lambda1,lambda2) = 0.0123977
cycle = 3  norm(lambda1,lambda2) = 0.00556136
cycle = 4  norm(lambda1,lambda2) = 0.00256847
cycle = 5  norm(lambda1,lambda2) = 0.000359377
cycle = 6  norm(lambda1,lambda2) = 0.000124551
cycle = 7  norm(lambda1,lambda2) = 2.6566e-05
cycle = 8  norm(lambda1,lambda2) = 8.4263e-06
cycle = 9  norm(lambda1,lambda2) = 2.82587e-06
cycle = 10  norm(lambda1,lambda2) = 7.22572e-07
cycle = 11  norm(lambda1,lambda2) = 3.02413e-07
cycle = 12  norm(lambda1,lambda2) = 1.61509e-07
cycle = 13  norm(lambda1,lambda2) = 7.80486e-08
cycle = 14  norm(lambda1,lambda2) = 5.07601e-08
cycle = 15  norm(lambda1,lambda2) = 3.55875e-08
cycle = 16  norm(lambda1,lambda2) = 2.83091e-08
cycle = 17  norm(lambda1,lambda2) = 2.45614e-08
cycle = 18  norm(lambda1,lambda2) = 1.64967e-08
cycle = 19  norm(lambda1,lambda2) = 2.48345e-08
cycle = 20  norm(lambda1,lambda2) = 1.90491e-08
cycle = 21  norm(lambda1,lambda2) = 1.56586e-08
cycle = 22  norm(lambda1,lambda2) = 1.36221e-08
cycle = 23  norm(lambda1,lambda2) = 1.22276e-08
cycle = 24  norm(lambda1,lambda2) = 1.11223e-08
cycle = 25  norm(lambda1,lambda2) = 1.09477e-08
cycle = 26  norm(lambda1,lambda2) = 9.3971e-09
[2026-10-03 08:48:28] (T) lambda 157 s, gradient 17 s
[2026-10-03 08:48:28] coordinate  1 m: E − E0 =    +22.43 µE_h, 221 s  (4/72 gradients)
[2026-10-03 08:48:28] pair check coordinate  1: max |mean(g+, g−) − g0| = 1.6e-05 a.u. (limit 1e-04)
cycle = 1  norm(lambda1,lambda2) = 0.0513352
cycle = 2  norm(lambda1,lambda2) = 0.0122166
cycle = 3  norm(lambda1,lambda2) = 0.00548458
cycle = 4  norm(lambda1,lambda2) = 0.00251398
cycle = 5  norm(lambda1,lambda2) = 0.000358198
cycle = 6  norm(lambda1,lambda2) = 0.000124963
cycle = 7  norm(lambda1,lambda2) = 2.64918e-05
cycle = 8  norm(lambda1,lambda2) = 8.3293e-06
cycle = 9  norm(lambda1,lambda2) = 2.76358e-06
cycle = 10  norm(lambda1,lambda2) = 5.89275e-07
cycle = 11  norm(lambda1,lambda2) = 1.80752e-07
cycle = 12  norm(lambda1,lambda2) = 6.17734e-08
cycle = 13  norm(lambda1,lambda2) = 3.5524e-08
cycle = 14  norm(lambda1,lambda2) = 1.60757e-08
cycle = 15  norm(lambda1,lambda2) = 1.20375e-08
cycle = 16  norm(lambda1,lambda2) = 1.03169e-08
cycle = 17  norm(lambda1,lambda2) = 8.84952e-09
[2026-10-03 08:51:50] (T) lambda 143 s, gradient 15 s
[2026-10-03 08:51:50] coordinate  2 p: E − E0 =     +1.60 µE_h, 202 s  (5/72 gradients)
cycle = 1  norm(lambda1,lambda2) = 0.0514096
cycle = 2  norm(lambda1,lambda2) = 0.0123848
cycle = 3  norm(lambda1,lambda2) = 0.00555703
cycle = 4  norm(lambda1,lambda2) = 0.00256501
cycle = 5  norm(lambda1,lambda2) = 0.000359441
cycle = 6  norm(lambda1,lambda2) = 0.000124652
cycle = 7  norm(lambda1,lambda2) = 2.65484e-05
cycle = 8  norm(lambda1,lambda2) = 8.33583e-06
cycle = 9  norm(lambda1,lambda2) = 2.76558e-06
cycle = 10  norm(lambda1,lambda2) = 5.9008e-07
cycle = 11  norm(lambda1,lambda2) = 1.80641e-07
cycle = 12  norm(lambda1,lambda2) = 6.14755e-08
cycle = 13  norm(lambda1,lambda2) = 3.53676e-08
cycle = 14  norm(lambda1,lambda2) = 1.59933e-08
cycle = 15  norm(lambda1,lambda2) = 1.19588e-08
cycle = 16  norm(lambda1,lambda2) = 1.02348e-08
cycle = 17  norm(lambda1,lambda2) = 8.83481e-09
[2026-10-03 08:55:28] (T) lambda 159 s, gradient 21 s
[2026-10-03 08:55:28] coordinate  2 m: E − E0 =     +1.03 µE_h, 218 s  (6/72 gradients)
[2026-10-03 08:55:28] pair check coordinate  2: max |mean(g+, g−) − g0| = 1.4e-06 a.u. (limit 1e-04)
cycle = 1  norm(lambda1,lambda2) = 0.0513613
cycle = 2  norm(lambda1,lambda2) = 0.0123062
cycle = 3  norm(lambda1,lambda2) = 0.00552308
cycle = 4  norm(lambda1,lambda2) = 0.00254138
cycle = 5  norm(lambda1,lambda2) = 0.000358698
cycle = 6  norm(lambda1,lambda2) = 0.000124721
cycle = 7  norm(lambda1,lambda2) = 2.64905e-05
cycle = 8  norm(lambda1,lambda2) = 8.32489e-06
cycle = 9  norm(lambda1,lambda2) = 2.76174e-06
cycle = 10  norm(lambda1,lambda2) = 5.88307e-07
cycle = 11  norm(lambda1,lambda2) = 1.80263e-07
cycle = 12  norm(lambda1,lambda2) = 6.13072e-08
cycle = 13  norm(lambda1,lambda2) = 3.5186e-08
cycle = 14  norm(lambda1,lambda2) = 1.57766e-08
cycle = 15  norm(lambda1,lambda2) = 1.17011e-08
cycle = 16  norm(lambda1,lambda2) = 9.99905e-09
[2026-10-03 08:58:43] (T) lambda 132 s, gradient 17 s
[2026-10-03 08:58:43] coordinate 18 p: E − E0 =    +38.37 µE_h, 195 s  (7/72 gradients)
cycle = 1  norm(lambda1,lambda2) = 0.0514296
cycle = 2  norm(lambda1,lambda2) = 0.0124268
cycle = 3  norm(lambda1,lambda2) = 0.00557448
cycle = 4  norm(lambda1,lambda2) = 0.0025769
cycle = 5  norm(lambda1,lambda2) = 0.000359779
cycle = 6  norm(lambda1,lambda2) = 0.000124614
cycle = 7  norm(lambda1,lambda2) = 2.65682e-05
cycle = 8  norm(lambda1,lambda2) = 8.34348e-06
cycle = 9  norm(lambda1,lambda2) = 2.76893e-06
cycle = 10  norm(lambda1,lambda2) = 5.90795e-07
cycle = 11  norm(lambda1,lambda2) = 1.80825e-07
cycle = 12  norm(lambda1,lambda2) = 6.1332e-08
cycle = 13  norm(lambda1,lambda2) = 3.51756e-08
cycle = 14  norm(lambda1,lambda2) = 1.56985e-08
cycle = 15  norm(lambda1,lambda2) = 1.17064e-08
cycle = 16  norm(lambda1,lambda2) = 9.98547e-09
[2026-10-03 09:01:38] (T) lambda 123 s, gradient 15 s
[2026-10-03 09:01:38] coordinate 18 m: E − E0 =    -30.47 µE_h, 175 s  (8/72 gradients)
[2026-10-03 09:01:38] pair check coordinate 18: max |mean(g+, g−) − g0| = 9.5e-06 a.u. (limit 1e-04)
cycle = 1  norm(lambda1,lambda2) = 0.0511849
cycle = 2  norm(lambda1,lambda2) = 0.0118625
cycle = 3  norm(lambda1,lambda2) = 0.00533227
cycle = 4  norm(lambda1,lambda2) = 0.00240326
cycle = 5  norm(lambda1,lambda2) = 0.000355779
cycle = 6  norm(lambda1,lambda2) = 0.000125808
cycle = 7  norm(lambda1,lambda2) = 2.6396e-05
cycle = 8  norm(lambda1,lambda2) = 8.32107e-06
cycle = 9  norm(lambda1,lambda2) = 2.76258e-06
cycle = 10  norm(lambda1,lambda2) = 5.88654e-07
cycle = 11  norm(lambda1,lambda2) = 1.81126e-07
cycle = 12  norm(lambda1,lambda2) = 6.23019e-08
cycle = 13  norm(lambda1,lambda2) = 3.56345e-08
cycle = 14  norm(lambda1,lambda2) = 1.6185e-08
cycle = 15  norm(lambda1,lambda2) = 1.21024e-08
cycle = 16  norm(lambda1,lambda2) = 1.0393e-08
cycle = 17  norm(lambda1,lambda2) = 8.86047e-09
[2026-10-03 09:04:31] (T) lambda 124 s, gradient 15 s
[2026-10-03 09:04:31] coordinate 19 p: E − E0 =    -15.71 µE_h, 174 s  (9/72 gradients)
cycle = 1  norm(lambda1,lambda2) = 0.051345
cycle = 2  norm(lambda1,lambda2) = 0.0122672
cycle = 3  norm(lambda1,lambda2) = 0.0055061
cycle = 4  norm(lambda1,lambda2) = 0.00252931
cycle = 5  norm(lambda1,lambda2) = 0.000358467
cycle = 6  norm(lambda1,lambda2) = 0.000124829
cycle = 7  norm(lambda1,lambda2) = 2.6497e-05
cycle = 8  norm(lambda1,lambda2) = 8.32576e-06
cycle = 9  norm(lambda1,lambda2) = 2.76253e-06
cycle = 10  norm(lambda1,lambda2) = 5.89091e-07
cycle = 11  norm(lambda1,lambda2) = 1.80393e-07
cycle = 12  norm(lambda1,lambda2) = 6.14289e-08
cycle = 13  norm(lambda1,lambda2) = 3.52599e-08
cycle = 14  norm(lambda1,lambda2) = 1.58582e-08
cycle = 15  norm(lambda1,lambda2) = 1.17947e-08
cycle = 16  norm(lambda1,lambda2) = 1.00902e-08
cycle = 17  norm(lambda1,lambda2) = 8.65696e-09
[2026-10-03 09:07:23] (T) lambda 122 s, gradient 13 s
[2026-10-03 09:07:23] coordinate 19 m: E − E0 =    +18.71 µE_h, 172 s  (10/72 gradients)
[2026-10-03 09:07:23] pair check coordinate 19: max |mean(g+, g−) − g0| = 2.0e-06 a.u. (limit 1e-04)
cycle = 1  norm(lambda1,lambda2) = 0.0513673
cycle = 2  norm(lambda1,lambda2) = 0.0122994
cycle = 3  norm(lambda1,lambda2) = 0.00552001
cycle = 4  norm(lambda1,lambda2) = 0.00253907
cycle = 5  norm(lambda1,lambda2) = 0.000358747
cycle = 6  norm(lambda1,lambda2) = 0.000124794
cycle = 7  norm(lambda1,lambda2) = 2.65208e-05
cycle = 8  norm(lambda1,lambda2) = 8.3317e-06
cycle = 9  norm(lambda1,lambda2) = 2.76419e-06
cycle = 10  norm(lambda1,lambda2) = 5.89688e-07
cycle = 11  norm(lambda1,lambda2) = 1.80588e-07
cycle = 12  norm(lambda1,lambda2) = 6.14493e-08
cycle = 13  norm(lambda1,lambda2) = 3.52633e-08
cycle = 14  norm(lambda1,lambda2) = 1.57954e-08
cycle = 15  norm(lambda1,lambda2) = 1.17616e-08
cycle = 16  norm(lambda1,lambda2) = 1.00377e-08
cycle = 17  norm(lambda1,lambda2) = 8.59445e-09
[2026-10-03 09:10:25] (T) lambda 132 s, gradient 16 s
[2026-10-03 09:10:25] coordinate 20 p: E − E0 =     +0.63 µE_h, 181 s  (11/72 gradients)
cycle = 1  norm(lambda1,lambda2) = 0.0513358
cycle = 2  norm(lambda1,lambda2) = 0.0122253
cycle = 3  norm(lambda1,lambda2) = 0.00548822
cycle = 4  norm(lambda1,lambda2) = 0.00251659
cycle = 5  norm(lambda1,lambda2) = 0.00035825
cycle = 6  norm(lambda1,lambda2) = 0.000124952
cycle = 7  norm(lambda1,lambda2) = 2.65027e-05
cycle = 8  norm(lambda1,lambda2) = 8.33024e-06
cycle = 9  norm(lambda1,lambda2) = 2.76384e-06
cycle = 10  norm(lambda1,lambda2) = 5.89505e-07
cycle = 11  norm(lambda1,lambda2) = 1.80622e-07
cycle = 12  norm(lambda1,lambda2) = 6.15891e-08
cycle = 13  norm(lambda1,lambda2) = 3.53156e-08
cycle = 14  norm(lambda1,lambda2) = 1.5933e-08
cycle = 15  norm(lambda1,lambda2) = 1.18334e-08
cycle = 16  norm(lambda1,lambda2) = 1.01298e-08
cycle = 17  norm(lambda1,lambda2) = 8.67254e-09
[2026-10-03 09:13:49] (T) lambda 151 s, gradient 16 s
[2026-10-03 09:13:49] coordinate 20 m: E − E0 =     -0.09 µE_h, 204 s  (12/72 gradients)
[2026-10-03 09:13:49] pair check coordinate 20: max |mean(g+, g−) − g0| = 1.9e-06 a.u. (limit 1e-04)
[2026-10-03 09:13:49] symmetry reconstruction: spread of multiply-reached rows 5.23e-05 a.u.; self-check 6.1e-11
[2026-10-03 09:13:49] Hessian written (VALID); FD asymmetry max 5.23e-05 a.u.; vibrational frequencies (cm-1): [362, 362, 600, 600, 609, 611, 805, 805, 913, 913, 916, 1000, 1043, 1060, 1060, 1143, 1178, 1178, 1343, 1409, 1516, 1516, 1689, 1689, 3271, 3282, 3282, 3300, 3300, 3311]
[2026-10-03 09:13:49] two-route checks: translational sum rule 1.3e-05 E_h/bohr² (limit 1e-03); translations/rotations after projection max 5.3e-05 cm⁻¹; energy route max |H_kk − d²E/dx_k²| 5.2e-05 E_h/bohr² over 6 coordinates (limit 1e-03)
[2026-10-03 09:13:49] APT written (apt_ccsd_t.npz): translation sum rule max |Σ_A P_A − qI| = 2.8e-04 e; symmetry spread 5.8e-04, self-check 2.3e-11
