[14:22:37] reference: SCF 6.5 s, PM 2.5 s, LNO-CCSD(T) 4291.5 s (24 fragments), MP2 0.1 s; peak RSS 4.11 GB; E_composite -384.79288365
[15:32:58] k00p: SCF 6.4 s, PM 2.4 s, LNO-CCSD(T) 4211.8 s (24 fragments), MP2 0.1 s; peak RSS 4.14 GB; E_composite -384.79290230
[16:46:04] k00m: SCF 5.9 s, PM 2.5 s, LNO-CCSD(T) 4377.6 s (24 fragments), MP2 0.1 s; peak RSS 4.29 GB; E_composite -384.79284543
[18:03:30] k02p: SCF 6.7 s, PM 2.1 s, LNO-CCSD(T) 4637.3 s (24 fragments), MP2 0.2 s; peak RSS 4.29 GB; E_composite -384.79288672
[19:22:36] k02m: SCF 7.2 s, PM 2.3 s, LNO-CCSD(T) 4735.5 s (24 fragments), MP2 0.5 s; peak RSS 4.39 GB; E_composite -384.79287777
[19:31:11] reference: SCF 2.0 s, PM 0.7 s, LNO-CCSD(T) 6873.5 s (24 fragments), MP2 0.1 s; peak RSS 4.16 GB; E_composite -384.79291081
[21:28:38] k00p: SCF 2.0 s, PM 0.7 s, LNO-CCSD(T) 7044.6 s (24 fragments), MP2 0.1 s; peak RSS 4.21 GB; E_composite -384.79292943
[23:22:10] k00m: SCF 2.0 s, PM 0.5 s, LNO-CCSD(T) 6809.2 s (24 fragments), MP2 0.1 s; peak RSS 4.22 GB; E_composite -384.79287267
[01:16:33] k01p: SCF 2.0 s, PM 0.7 s, LNO-CCSD(T) 6859.9 s (24 fragments), MP2 0.1 s; peak RSS 4.23 GB; E_composite -384.79291481
[03:10:26] k01m: SCF 2.1 s, PM 0.7 s, LNO-CCSD(T) 6830.9 s (24 fragments), MP2 0.1 s; peak RSS 4.23 GB; E_composite -384.79288955
[04:23:22] reference: SCF 2.2 s, PM 0.8 s, LNO-CCSD(T) 4371.3 s (24 fragments), MP2 0.1 s; peak RSS 4.08 GB; E_composite -384.79288365
[05:34:47] k00pr: SCF 2.0 s, PM 0.0 s, LNO-CCSD(T) 4282.9 s (24 fragments), MP2 0.1 s; peak RSS 4.3 GB; E_composite -384.79290156
[06:48:18] k00mr: SCF 2.2 s, PM 0.0 s, LNO-CCSD(T) 4408.8 s (24 fragments), MP2 0.2 s; peak RSS 4.46 GB; E_composite -384.79284619
[08:15:02] k01pr: SCF 2.2 s, PM 0.0 s, LNO-CCSD(T) 5201.4 s (24 fragments), MP2 0.3 s; peak RSS 4.46 GB; E_composite -384.79288756
[09:54:21] k01mr: SCF 3.4 s, PM 0.0 s, LNO-CCSD(T) 5955.2 s (24 fragments), MP2 0.3 s; peak RSS 4.46 GB; E_composite -384.79286248
[23:50:07] k02p: SCF 2.1 s, PM 0.6 s, LNO-CCSD(T) 6822.9 s (24 fragments), MP2 0.1 s; peak RSS 4.16 GB; E_composite -384.79291386
[01:43:59] k02m: SCF 2.1 s, PM 0.7 s, LNO-CCSD(T) 6829.0 s (24 fragments), MP2 0.1 s; peak RSS 4.24 GB; E_composite -384.79290493
[02:53:51] k02pr: SCF 2.2 s, PM 0.0 s, LNO-CCSD(T) 4189.9 s (24 fragments), MP2 0.1 s; peak RSS 4.18 GB; E_composite -384.79288661
[04:03:40] k02mr: SCF 2.2 s, PM 0.0 s, LNO-CCSD(T) 4185.8 s (24 fragments), MP2 0.1 s; peak RSS 4.36 GB; E_composite -384.79287785
[05:13:09] k02p: SCF 2.2 s, PM 0.7 s, LNO-CCSD(T) 4166.2 s (24 fragments), MP2 0.1 s; peak RSS 4.07 GB; E_composite -384.79288672
[06:23:02] k02m: SCF 2.1 s, PM 0.7 s, LNO-CCSD(T) 4190.0 s (24 fragments), MP2 0.1 s; peak RSS 4.25 GB; E_composite -384.79287777
